Resolved "development" environment for the build. Learn more: https://docs.expo.dev/eas/environment-variables/#setting-the-environment-for-your-builds
No environment variables with visibility "Plain text" and "Sensitive" found for the "development" environment on EAS.
Environment variables loaded from the "development" build profile "env" configuration: ENVIRONMENT.



✔ Using remote Android credentials (Expo server)
✔ Using Keystore from configuration: Build Credentials KsQJ50O34F (default)

Compressing project files and uploading to EAS Build. Learn more: https://expo.fyi/eas-build-archive
⠋ Compressing project files⠙ Compressing project files⠹ Compressing project files⠸ Compressing project files⠼ Compressing project files⠴ Compressing project files⠦ Compressing project files✔ Compressed project files 1s (30.2 MB)
⠋ Uploading to EAS Build (0 / 30.2 MB)⠙ Uploading to EAS Build (64.0 KB / 30.2 MB)⠹ Uploading to EAS Build (192 KB / 30.2 MB)⠸ Uploading to EAS Build (192 KB / 30.2 MB)⠼ Uploading to EAS Build (512 KB / 30.2 MB)⠴ Uploading to EAS Build (704 KB / 30.2 MB)⠦ Uploading to EAS Build (1.0 MB / 30.2 MB)⠧ Uploading to EAS Build (1.0 MB / 30.2 MB)⠇ Uploading to EAS Build (1.3 MB / 30.2 MB)⠏ Uploading to EAS Build (1.3 MB / 30.2 MB)⠋ Uploading to EAS Build (1.8 MB / 30.2 MB)⠙ Uploading to EAS Build (1.8 MB / 30.2 MB)⠹ Uploading to EAS Build (1.8 MB / 30.2 MB)⠸ Uploading to EAS Build (1.9 MB / 30.2 MB)⠼ Uploading to EAS Build (2.2 MB / 30.2 MB)⠴ Uploading to EAS Build (2.2 MB / 30.2 MB)⠦ Uploading to EAS Build (2.3 MB / 30.2 MB)⠧ Uploading to EAS Build (2.6 MB / 30.2 MB)⠇ Uploading to EAS Build (2.6 MB / 30.2 MB)⠏ Uploading to EAS Build (3.1 MB / 30.2 MB)⠋ Uploading to EAS Build (3.1 MB / 30.2 MB)⠙ Uploading to EAS Build (3.1 MB / 30.2 MB)⠹ Uploading to EAS Build (3.6 MB / 30.2 MB)⠸ Uploading to EAS Build (3.6 MB / 30.2 MB)⠼ Uploading to EAS Build (3.6 MB / 30.2 MB)⠴ Uploading to EAS Build (4.1 MB / 30.2 MB)⠦ Uploading to EAS Build (4.1 MB / 30.2 MB)⠧ Uploading to EAS Build (4.1 MB / 30.2 MB)⠇ Uploading to EAS Build (4.8 MB / 30.2 MB)⠏ Uploading to EAS Build (4.8 MB / 30.2 MB)⠋ Uploading to EAS Build (4.8 MB / 30.2 MB)⠙ Uploading to EAS Build (4.8 MB / 30.2 MB)⠹ Uploading to EAS Build (5.4 MB / 30.2 MB)⠸ Uploading to EAS Build (5.4 MB / 30.2 MB)⠼ Uploading to EAS Build (5.4 MB / 30.2 MB)⠴ Uploading to EAS Build (5.4 MB / 30.2 MB)⠦ Uploading to EAS Build (6.2 MB / 30.2 MB)⠧ Uploading to EAS Build (6.2 MB / 30.2 MB)⠇ Uploading to EAS Build (6.2 MB / 30.2 MB)⠏ Uploading to EAS Build (6.2 MB / 30.2 MB)⠋ Uploading to EAS Build (6.2 MB / 30.2 MB)⠙ Uploading to EAS Build (7.0 MB / 30.2 MB)⠹ Uploading to EAS Build (7.0 MB / 30.2 MB)⠸ Uploading to EAS Build (7.0 MB / 30.2 MB)⠼ Uploading to EAS Build (7.0 MB / 30.2 MB)⠴ Uploading to EAS Build (7.9 MB / 30.2 MB)⠦ Uploading to EAS Build (7.9 MB / 30.2 MB)⠧ Uploading to EAS Build (7.9 MB / 30.2 MB)⠇ Uploading to EAS Build (7.9 MB / 30.2 MB)⠏ Uploading to EAS Build (7.9 MB / 30.2 MB)⠋ Uploading to EAS Build (7.9 MB / 30.2 MB)⠙ Uploading to EAS Build (8.8 MB / 30.2 MB)⠹ Uploading to EAS Build (8.8 MB / 30.2 MB)⠸ Uploading to EAS Build (8.8 MB / 30.2 MB)⠼ Uploading to EAS Build (8.8 MB / 30.2 MB)⠴ Uploading to EAS Build (8.8 MB / 30.2 MB)⠦ Uploading to EAS Build (9.6 MB / 30.2 MB)⠧ Uploading to EAS Build (9.6 MB / 30.2 MB)⠇ Uploading to EAS Build (9.6 MB / 30.2 MB)⠏ Uploading to EAS Build (9.6 MB / 30.2 MB)⠋ Uploading to EAS Build (9.6 MB / 30.2 MB)⠙ Uploading to EAS Build (9.6 MB / 30.2 MB)⠹ Uploading to EAS Build (10.6 MB / 30.2 MB)⠸ Uploading to EAS Build (10.6 MB / 30.2 MB)⠼ Uploading to EAS Build (10.6 MB / 30.2 MB)⠴ Uploading to EAS Build (10.6 MB / 30.2 MB)⠦ Uploading to EAS Build (10.6 MB / 30.2 MB)⠧ Uploading to EAS Build (10.6 MB / 30.2 MB)⠇ Uploading to EAS Build (10.6 MB / 30.2 MB)⠏ Uploading to EAS Build (10.6 MB / 30.2 MB)⠋ Uploading to EAS Build (11.4 MB / 30.2 MB)⠙ Uploading to EAS Build (11.4 MB / 30.2 MB)⠹ Uploading to EAS Build (11.4 MB / 30.2 MB)⠸ Uploading to EAS Build (11.4 MB / 30.2 MB)⠼ Uploading to EAS Build (11.4 MB / 30.2 MB)⠴ Uploading to EAS Build (11.4 MB / 30.2 MB)⠦ Uploading to EAS Build (12.3 MB / 30.2 MB)⠧ Uploading to EAS Build (12.3 MB / 30.2 MB)⠇ Uploading to EAS Build (12.3 MB / 30.2 MB)⠏ Uploading to EAS Build (12.3 MB / 30.2 MB)⠋ Uploading to EAS Build (12.3 MB / 30.2 MB)⠙ Uploading to EAS Build (12.3 MB / 30.2 MB)⠹ Uploading to EAS Build (13.2 MB / 30.2 MB)⠸ Uploading to EAS Build (13.2 MB / 30.2 MB)⠼ Uploading to EAS Build (13.2 MB / 30.2 MB)⠴ Uploading to EAS Build (13.2 MB / 30.2 MB)⠦ Uploading to EAS Build (13.2 MB / 30.2 MB)⠧ Uploading to EAS Build (13.2 MB / 30.2 MB)⠇ Uploading to EAS Build (13.2 MB / 30.2 MB)⠏ Uploading to EAS Build (14.1 MB / 30.2 MB)⠋ Uploading to EAS Build (14.1 MB / 30.2 MB)⠙ Uploading to EAS Build (14.1 MB / 30.2 MB)⠹ Uploading to EAS Build (14.1 MB / 30.2 MB)⠸ Uploading to EAS Build (14.1 MB / 30.2 MB)⠼ Uploading to EAS Build (14.1 MB / 30.2 MB)⠴ Uploading to EAS Build (15.0 MB / 30.2 MB)⠦ Uploading to EAS Build (15.0 MB / 30.2 MB)⠧ Uploading to EAS Build (15.0 MB / 30.2 MB)⠇ Uploading to EAS Build (15.0 MB / 30.2 MB)⠏ Uploading to EAS Build (15.0 MB / 30.2 MB)⠋ Uploading to EAS Build (15.0 MB / 30.2 MB)⠙ Uploading to EAS Build (15.9 MB / 30.2 MB)⠹ Uploading to EAS Build (15.9 MB / 30.2 MB)⠸ Uploading to EAS Build (15.9 MB / 30.2 MB)⠼ Uploading to EAS Build (15.9 MB / 30.2 MB)⠴ Uploading to EAS Build (15.9 MB / 30.2 MB)⠦ Uploading to EAS Build (15.9 MB / 30.2 MB)⠧ Uploading to EAS Build (16.9 MB / 30.2 MB)⠇ Uploading to EAS Build (16.9 MB / 30.2 MB)⠏ Uploading to EAS Build (16.9 MB / 30.2 MB)⠋ Uploading to EAS Build (16.9 MB / 30.2 MB)⠙ Uploading to EAS Build (16.9 MB / 30.2 MB)⠹ Uploading to EAS Build (16.9 MB / 30.2 MB)⠸ Uploading to EAS Build (16.9 MB / 30.2 MB)⠼ Uploading to EAS Build (16.9 MB / 30.2 MB)⠴ Uploading to EAS Build (17.9 MB / 30.2 MB)⠦ Uploading to EAS Build (17.9 MB / 30.2 MB)⠧ Uploading to EAS Build (17.9 MB / 30.2 MB)⠇ Uploading to EAS Build (17.9 MB / 30.2 MB)⠏ Uploading to EAS Build (17.9 MB / 30.2 MB)⠋ Uploading to EAS Build (17.9 MB / 30.2 MB)⠙ Uploading to EAS Build (18.8 MB / 30.2 MB)⠹ Uploading to EAS Build (18.8 MB / 30.2 MB)⠸ Uploading to EAS Build (18.8 MB / 30.2 MB)⠼ Uploading to EAS Build (18.8 MB / 30.2 MB)⠴ Uploading to EAS Build (18.8 MB / 30.2 MB)⠦ Uploading to EAS Build (18.8 MB / 30.2 MB)⠧ Uploading to EAS Build (18.8 MB / 30.2 MB)⠇ Uploading to EAS Build (19.7 MB / 30.2 MB)⠏ Uploading to EAS Build (19.7 MB / 30.2 MB)⠋ Uploading to EAS Build (19.7 MB / 30.2 MB)⠙ Uploading to EAS Build (19.7 MB / 30.2 MB)⠹ Uploading to EAS Build (19.7 MB / 30.2 MB)⠸ Uploading to EAS Build (19.7 MB / 30.2 MB)⠼ Uploading to EAS Build (20.7 MB / 30.2 MB)⠴ Uploading to EAS Build (20.7 MB / 30.2 MB)⠦ Uploading to EAS Build (20.7 MB / 30.2 MB)⠧ Uploading to EAS Build (20.7 MB / 30.2 MB)⠇ Uploading to EAS Build (20.7 MB / 30.2 MB)⠏ Uploading to EAS Build (20.7 MB / 30.2 MB)⠋ Uploading to EAS Build (20.7 MB / 30.2 MB)⠙ Uploading to EAS Build (21.5 MB / 30.2 MB)⠹ Uploading to EAS Build (21.5 MB / 30.2 MB)⠸ Uploading to EAS Build (21.5 MB / 30.2 MB)⠼ Uploading to EAS Build (21.5 MB / 30.2 MB)⠴ Uploading to EAS Build (21.5 MB / 30.2 MB)⠦ Uploading to EAS Build (21.5 MB / 30.2 MB)⠧ Uploading to EAS Build (22.4 MB / 30.2 MB)⠇ Uploading to EAS Build (22.4 MB / 30.2 MB)⠏ Uploading to EAS Build (22.4 MB / 30.2 MB)⠋ Uploading to EAS Build (22.4 MB / 30.2 MB)⠙ Uploading to EAS Build (22.4 MB / 30.2 MB)⠹ Uploading to EAS Build (22.4 MB / 30.2 MB)⠸ Uploading to EAS Build (23.3 MB / 30.2 MB)⠼ Uploading to EAS Build (23.3 MB / 30.2 MB)⠴ Uploading to EAS Build (23.3 MB / 30.2 MB)⠦ Uploading to EAS Build (23.3 MB / 30.2 MB)⠧ Uploading to EAS Build (23.3 MB / 30.2 MB)⠇ Uploading to EAS Build (23.8 MB / 30.2 MB)⠏ Uploading to EAS Build (24.2 MB / 30.2 MB)⠋ Uploading to EAS Build (24.2 MB / 30.2 MB)⠙ Uploading to EAS Build (24.2 MB / 30.2 MB)⠹ Uploading to EAS Build (24.2 MB / 30.2 MB)⠸ Uploading to EAS Build (24.2 MB / 30.2 MB)⠼ Uploading to EAS Build (24.2 MB / 30.2 MB)⠴ Uploading to EAS Build (24.2 MB / 30.2 MB)⠦ Uploading to EAS Build (25.1 MB / 30.2 MB)⠧ Uploading to EAS Build (25.1 MB / 30.2 MB)⠇ Uploading to EAS Build (25.1 MB / 30.2 MB)⠏ Uploading to EAS Build (25.1 MB / 30.2 MB)⠋ Uploading to EAS Build (25.1 MB / 30.2 MB)⠙ Uploading to EAS Build (25.1 MB / 30.2 MB)⠹ Uploading to EAS Build (26.0 MB / 30.2 MB)⠸ Uploading to EAS Build (26.0 MB / 30.2 MB)⠼ Uploading to EAS Build (26.0 MB / 30.2 MB)⠴ Uploading to EAS Build (26.0 MB / 30.2 MB)⠦ Uploading to EAS Build (26.0 MB / 30.2 MB)⠧ Uploading to EAS Build (26.0 MB / 30.2 MB)⠇ Uploading to EAS Build (26.0 MB / 30.2 MB)⠏ Uploading to EAS Build (26.0 MB / 30.2 MB)⠋ Uploading to EAS Build (27.1 MB / 30.2 MB)⠙ Uploading to EAS Build (27.1 MB / 30.2 MB)⠹ Uploading to EAS Build (27.1 MB / 30.2 MB)⠸ Uploading to EAS Build (27.1 MB / 30.2 MB)⠼ Uploading to EAS Build (27.1 MB / 30.2 MB)⠴ Uploading to EAS Build (27.1 MB / 30.2 MB)⠦ Uploading to EAS Build (28.1 MB / 30.2 MB)⠧ Uploading to EAS Build (28.1 MB / 30.2 MB)⠇ Uploading to EAS Build (28.1 MB / 30.2 MB)⠏ Uploading to EAS Build (28.1 MB / 30.2 MB)⠋ Uploading to EAS Build (28.1 MB / 30.2 MB)⠙ Uploading to EAS Build (28.1 MB / 30.2 MB)⠹ Uploading to EAS Build (28.1 MB / 30.2 MB)⠸ Uploading to EAS Build (29.0 MB / 30.2 MB)⠼ Uploading to EAS Build (29.0 MB / 30.2 MB)⠴ Uploading to EAS Build (29.0 MB / 30.2 MB)⠦ Uploading to EAS Build (29.0 MB / 30.2 MB)⠧ Uploading to EAS Build (29.0 MB / 30.2 MB)⠇ Uploading to EAS Build (29.0 MB / 30.2 MB)⠏ Uploading to EAS Build (29.9 MB / 30.2 MB)⠋ Uploading to EAS Build (29.9 MB / 30.2 MB)⠙ Uploading to EAS Build (29.9 MB / 30.2 MB)⠹ Uploading to EAS Build (29.9 MB / 30.2 MB)⠸ Uploading to EAS Build (29.9 MB / 30.2 MB)⠼ Uploading to EAS Build (29.9 MB / 30.2 MB)⠴ Uploading to EAS Build (29.9 MB / 30.2 MB)⠦ Uploading to EAS Build (30.2 MB / 30.2 MB)⠧ Uploading to EAS Build (30.2 MB / 30.2 MB)⠇ Uploading to EAS Build (30.2 MB / 30.2 MB)⠏ Uploading to EAS Build (30.2 MB / 30.2 MB)⠋ Uploading to EAS Build (30.2 MB / 30.2 MB)⠙ Uploading to EAS Build (30.2 MB / 30.2 MB)⠹ Uploading to EAS Build (30.2 MB / 30.2 MB)⠸ Uploading to EAS Build (30.2 MB / 30.2 MB)⠼ Uploading to EAS Build (30.2 MB / 30.2 MB)⠴ Uploading to EAS Build (30.2 MB / 30.2 MB)⠦ Uploading to EAS Build (30.2 MB / 30.2 MB)⠧ Uploading to EAS Build (30.2 MB / 30.2 MB)⠇ Uploading to EAS Build (30.2 MB / 30.2 MB)⠏ Uploading to EAS Build (30.2 MB / 30.2 MB)⠋ Uploading to EAS Build (30.2 MB / 30.2 MB)⠙ Uploading to EAS Build (30.2 MB / 30.2 MB)✔ Uploaded to EAS 17s
⠋ Computing project fingerprint⠙ Computing project fingerprint⠹ Computing project fingerprint⠸ Computing project fingerprint⠼ Computing project fingerprint⠴ Computing project fingerprint⠦ Computing project fingerprint⠧ Computing project fingerprint⠇ Computing project fingerprint⠏ Computing project fingerprint⠋ Computing project fingerprint⠙ Computing project fingerprint⠹ Computing project fingerprint⠸ Computing project fingerprint⠼ Computing project fingerprint⠴ Computing project fingerprint⠦ Computing project fingerprint⠧ Computing project fingerprint⠇ Computing project fingerprint⠏ Computing project fingerprint⠋ Computing project fingerprint⠙ Computing project fingerprint⠹ Computing project fingerprint✔ Computed project fingerprint

See logs: https://expo.dev/accounts/escarpellif/projects/aluko/builds/9cbdd8cf-f99c-4d2c-bad5-1546244b5315

Waiting for build to complete. You can press Ctrl+C to exit.
⠋ Waiting for build to complete.⠙ Waiting for build to complete.⠹ Waiting for build to complete.⠸ Waiting for build to complete.⠼ Waiting for build to complete.⠴ Build queued...⠦ Build queued...⠧ Build queued...⠇ Build queued...⠏ Build queued...⠋ Build queued...⠙ Build queued...⠹ Build queued...⠸ Build queued...⠼ Build queued...⠴ Build queued...⠦ Build queued...⠧ Build queued...⠇ Build queued...⠏ Build queued...⠋ Build queued...⠙ Build queued...⠹ Build queued...⠸ Build queued...⠼ Build queued...⠴ Build queued...⠦ Build queued...⠧ Build queued...⠇ Build queued...⠏ Build queued...⠋ Build queued...⠙ Build queued...⠹ Build queued...⠸ Build queued...⠼ Build queued...⠴ Build queued...⠦ Build queued...⠧ Build queued...⠇ Build queued...⠏ Build queued...⠋ Build queued...⠙ Build queued...⠹ Build queued...⠸ Build queued...⠼ Build queued...⠴ Build queued...⠦ Build queued...⠧ Build queued...⠇ Build queued...⠏ Build queued...⠋ Build queued...⠙ Build queued...⠹ Build queued...⠸ Build queued...⠼ Build queued...⠴ Build queued...⠦ Build queued...⠧ Build queued...⠇ Build queued...⠏ Build queued...⠋ Build queued...⠙ Build queued...⠹ Build queued...⠸ Build queued...⠼ Build queued...⠴ Build queued...⠦ Build queued...⠧ Build queued...⠇ Build queued...⠏ Build queued...⠋ Build queued...⠙ Build queued...⠹ Build queued...⠸ Build queued...⠼ Build queued...⠴ Build queued...⠦ Build queued...⠧ Build queued...⠇ Build queued...⠏ Build queued...⠋ Build queued...⠙ Build queued...⠹ Build queued...⠸ Build queued...⠼ Build queued...⠴ Build queued...⠦ Build queued...⠧ Build queued...⠇ Build queued...⠏ Build queued...⠋ Build queued...⠙ Build queued...⠹ Build queued...⠸ Build queued...⠼ Build queued...⠴ Build queued...⠦ Build queued...⠧ Build queued...⠇ Build queued...⠏ Build queued...⠋ Build queued...⠙ Build queued...⠹ Build queued...⠸ Build queued...⠼ Build queued...⠴ Build queued...⠦ Build queued...⠧ Build queued...⠇ Build queued...⠏ Build queued...⠋ Build queued...⠙ Build queued...⠹ Build queued...⠸ Build queued...⠼ Build queued...⠴ Build queued...⠦ Build queued...⠧ Build queued...⠇ Build queued...⠏ Build queued...⠋ Build queued...⠙ Build queued...⠹ Build queued...⠸ Build queued...⠼ Build queued...⠴ Build queued...⠦ Build queued...⠧ Build queued...⠇ Build queued...⠏ Build queued...⠋ Build queued...⠙ Build queued...⠹ Build queued...⠸ Build queued...⠼ Build queued...⠴ Build queued...⠦ Build queued...⠧ Build queued...⠇ Build queued...⠏ Build queued...⠋ Build queued...⠙ Build queued...⠹ Build queued...⠸ Build queued...⠼ Build queued...⠴ Build queued...⠦ Build queued...⠧ Build queued...⠇ Build queued...⠏ Build queued...⠋ Build queued...⠙ Build queued...⠹ Build queued...⠸ Build queued...⠼ Build queued...⠴ Build queued...⠦ Build queued...⠧ Build queued...⠇ Build queued...⠏ Build queued...⠋ Build queued...⠙ Build queued...⠹ Build queued...⠸ Build queued...⠼ Build queued...⠴ Build queued...⠦ Build queued...⠧ Build queued...⠇ Build queued...⠏ Build queued...⠋ Build queued...⠙ Build queued...⠹ Build queued...⠸ Build queued...⠼ Build queued...⠴ Build queued...⠦ Build queued...⠧ Build queued...⠇ Build queued...⠏ Build queued...⠋ Build queued...⠙ Build queued...⠹ Build queued...⠸ Build queued...⠼ Build queued...⠴ Build queued...⠦ Build queued...⠧ Build queued...⠇ Build queued...⠏ Build queued...⠋ Build queued...⠙ Build queued...⠹ Build queued...⠸ Build queued...⠼ Build queued...⠴ Build queued...⠦ Build queued...⠧ Build queued...⠇ Build queued...⠏ Build queued...⠋ Build queued...⠙ Build queued...⠹ Build queued...⠸ Build queued...⠼ Build queued...⠴ Build queued...⠦ Build queued...⠧ Build queued...⠇ Build queued...⠏ Build queued...⠋ Build queued...⠙ Build queued...⠹ Build queued...⠸ Build queued...⠼ Build queued...⠴ Build queued...⠦ Build queued...⠧ Build queued...⠇ Build queued...⠏ Build queued...⠋ Build queued...⠙ Build queued...⠹ Build queued...⠸ Build queued...⠼ Build queued...⠴ Build queued...⠦ Build queued...⠧ Build queued...⠇ Build queued...⠏ Build queued...⠋ Build queued...⠙ Build queued...⠹ Build queued...⠸ Build queued...⠼ Build queued...⠴ Build queued...⠦ Build queued...⠧ Build queued...⠇ Build queued...⠏ Build queued...⠋ Build queued...⠙ Build queued...⠹ Build queued...⠸ Build queued...⠼ Build queued...⠴ Build queued...⠦ Build queued...⠧ Build queued...⠇ Build queued...⠏ Build queued...⠋ Build queued...⠙ Build queued...⠹ Build queued...⠸ Build queued...⠼ Build queued...⠴ Build queued...⠦ Build queued...⠧ Build queued...⠇ Build queued...⠏ Build queued...⠋ Build queued...⠙ Build queued...⠹ Build queued...⠸ Build queued...⠼ Build queued...⠴ Build in progress...⠦ Build in progress...⠧ Build in progress...⠇ Build in progress...⠏ Build in progress...⠋ Build in progress...⠙ Build in progress...⠹ Build in progress...⠸ Build in progress...⠼ Build in progress...⠴ Build in progress...⠦ Build in progress...⠧ Build in progress...⠇ Build in progress...⠏ Build in progress...⠋ Build in progress...⠙ Build in progress...⠹ Build in progress...⠸ Build in progress...⠼ Build in progress...⠴ Build in progress...⠦ Build in progress...⠧ Build in progress...⠇ Build in progress...⠏ Build in progress...⠋ Build in progress...⠙ Build in progress...⠹ Build in progress...⠸ Build in progress...⠼ Build in progress...⠴ Build in progress...⠦ Build in progress...⠧ Build in progress...⠇ Build in progress...⠏ Build in progress...⠋ Build in progress...⠙ Build in progress...⠹ Build in progress...⠸ Build in progress...⠼ Build in progress...⠴ Build in progress...⠦ Build in progress...⠧ Build in progress...⠇ Build in progress...⠏ Build in progress...⠋ Build in progress...⠙ Build in progress...⠹ Build in progress...⠸ Build in progress...⠼ Build in progress...⠴ Build in progress...⠦ Build in progress...⠧ Build in progress...⠇ Build in progress...⠏ Build in progress...⠋ Build in progress...⠙ Build in progress...⠹ Build in progress...⠸ Build in progress...⠼ Build in progress...⠴ Build in progress...⠦ Build in progress...⠧ Build in progress...⠇ Build in progress...⠏ Build in progress...⠋ Build in progress...⠙ Build in progress...⠹ Build in progress...⠸ Build in progress...⠼ Build in progress...⠴ Build in progress...⠦ Build in progress...⠧ Build in progress...⠇ Build in progress...⠏ Build in progress...⠋ Build in progress...⠙ Build in progress...⠹ Build in progress...⠸ Build in progress...⠼ Build in progress...⠴ Build in progress...⠦ Build in progress...⠧ Build in progress...⠇ Build in progress...⠏ Build in progress...⠋ Build in progress...⠙ Build in progress...⠹ Build in progress...⠸ Build in progress...⠼ Build in progress...⠴ Build in progress...⠦ Build in progress...⠧ Build in progress...⠇ Build in progress...⠏ Build in progress...⠋ Build in progress...⠙ Build in progress...⠹ Build in progress...⠸ Build in progress...⠼ Build in progress...⠴ Build in progress...⠦ Build in progress...⠧ Build in progress...⠇ Build in progress...⠏ Build in progress...⠋ Build in progress...⠙ Build in progress...⠹ Build in progress...⠸ Build in progress...⠼ Build in progress...⠴ Build in progress...⠦ Build in progress...⠧ Build in progress...⠇ Build in progress...⠏ Build in progress...⠋ Build in progress...⠙ Build in progress...⠹ Build in progress...⠸ Build in progress...⠼ Build in progress...⠴ Build in progress...⠦ Build in progress...⠧ Build in progress...⠇ Build in progress...⠏ Build in progress...⠋ Build in progress...⠙ Build in progress...⠹ Build in progress...⠸ Build in progress...⠼ Build in progress...⠴ Build in progress...⠦ Build in progress...⠧ Build in progress...⠇ Build in progress...⠏ Build in progress...⠋ Build in progress...⠙ Build in progress...⠹ Build in progress...⠸ Build in progress...⠼ Build in progress...⠴ Build in progress...⠦ Build in progress...⠧ Build in progress...⠇ Build in progress...⠏ Build in progress...⠋ Build in progress...⠙ Build in progress...⠹ Build in progress...⠸ Build in progress...⠼ Build in progress...⠴ Build in progress...⠦ Build in progress...⠧ Build in progress...⠇ Build in progress...⠏ Build in progress...⠋ Build in progress...⠙ Build in progress...⠹ Build in progress...⠸ Build in progress...⠼ Build in progress...⠴ Build in progress...⠦ Build in progress...⠧ Build in progress...⠇ Build in progress...⠏ Build in progress...⠋ Build in progress...⠙ Build in progress...⠹ Build in progress...⠸ Build in progress...⠼ Build in progress...⠴ Build in progress...⠦ Build in progress...⠧ Build in progress...⠇ Build in progress...⠏ Build in progress...⠋ Build in progress...⠙ Build in progress...⠹ Build in progress...⠸ Build in progress...⠼ Build in progress...⠴ Build in progress...⠦ Build in progress...⠧ Build in progress...⠇ Build in progress...⠏ Build in progress...⠋ Build in progress...⠙ Build in progress...⠹ Build in progress...⠸ Build in progress...⠼ Build in progress...⠴ Build in progress...⠦ Build in progress...⠧ Build in progress...⠇ Build in progress...⠏ Build in progress...⠋ Build in progress...⠙ Build in progress...⠹ Build in progress...⠸ Build in progress...⠼ Build in progress...⠴ Build in progress...⠦ Build in progress...⠧ Build in progress...⠇ Build in progress...⠏ Build in progress...⠋ Build in progress...⠙ Build in progress...⠹ Build in progress...⠸ Build in progress...⠼ Build in progress...⠴ Build in progress...⠦ Build in progress...⠧ Build in progress...⠇ Build in progress...⠏ Build in progress...⠋ Build in progress...⠙ Build in progress...⠹ Build in progress...⠸ Build in progress...⠼ Build in progress...⠴ Build in progress...⠦ Build in progress...⠧ Build in progress...⠇ Build in progress...⠏ Build in progress...⠋ Build in progress...⠙ Build in progress...⠹ Build in progress...⠸ Build in progress...⠼ Build in progress...⠴ Build in progress...⠦ Build in progress...⠧ Build in progress...⠇ Build in progress...⠏ Build in progress...⠋ Build in progress...⠙ Build in progress...⠹ Build in progress...⠸ Build in progress...⠼ Build in progress...⠴ Build in progress...⠦ Build in progress...⠧ Build in progress...⠇ Build in progress...⠏ Build in progress...⠋ Build in progress...⠙ Build in progress...⠹ Build in progress...⠸ Build in progress...⠼ Build in progress...⠴ Build in progress...⠦ Build in progress...⠧ Build in progress...⠇ Build in progress...⠏ Build in progress...⠋ Build in progress...⠙ Build in progress...⠹ Build in progress...⠸ Build in progress...⠼ Build in progress...⠴ Build in progress...⠦ Build in progress...⠧ Build in progress...⠇ Build in progress...⠏ Build in progress...⠋ Build in progress...⠙ Build in progress...⠹ Build in progress...⠸ Build in progress...⠼ Build in progress...⠴ Build in progress...⠦ Build in progress...⠧ Build in progress...⠇ Build in progress...⠏ Build in progress...⠋ Build in progress...⠙ Build in progress...⠹ Build in progress...⠸ Build in progress...⠼ Build in progress...⠴ Build in progress...⠦ Build in progress...⠧ Build in progress...⠇ Build in progress...⠏ Build in progress...⠋ Build in progress...⠙ Build in progress...⠹ Build in progress...⠸ Build in progress...⠼ Build in progress...⠴ Build in progress...⠦ Build in progress...⠧ Build in progress...⠇ Build in progress...⠏ Build in progress...⠋ Build in progress...⠙ Build in progress...⠹ Build in progress...⠸ Build in progress...⠼ Build in progress...⠴ Build in progress...⠦ Build in progress...⠧ Build in progress...⠇ Build in progress...⠏ Build in progress...⠋ Build in progress...⠙ Build in progress...⠹ Build in progress...⠸ Build in progress...⠼ Build in progress...⠴ Build in progress...⠦ Build in progress...⠧ Build in progress...⠇ Build in progress...⠏ Build in progress...⠋ Build in progress...⠙ Build in progress...⠹ Build in progress...⠸ Build in progress...⠼ Build in progress...⠴ Build in progress...⠦ Build in progress...⠧ Build in progress...⠇ Build in progress...⠏ Build in progress...⠋ Build in progress...⠙ Build in progress...⠹ Build in progress...⠸ Build in progress...⠼ Build in progress...⠴ Build in progress...⠦ Build in progress...⠧ Build in progress...⠇ Build in progress...⠏ Build in progress...⠋ Build in progress...⠙ Build in progress...⠹ Build in progress...⠸ Build in progress...⠼ Build in progress...⠴ Build in progress...⠦ Build in progress...⠧ Build in progress...⠇ Build in progress...⠏ Build in progress...⠋ Build in progress...⠙ Build in progress...⠹ Build in progress...⠸ Build in progress...⠼ Build in progress...⠴ Build in progress...⠦ Build in progress...⠧ Build in progress...⠇ Build in progress...⠏ Build in progress...⠋ Build in progress...⠙ Build in progress...⠹ Build in progress...⠸ Build in progress...⠼ Build in progress...⠴ Build in progress...⠦ Build in progress...⠧ Build in progress...⠇ Build in progress...⠏ Build in progress...⠋ Build in progress...⠙ Build in progress...⠹ Build in progress...⠸ Build in progress...⠼ Build in progress...⠴ Build in progress...⠦ Build in progress...⠧ Build in progress...⠇ Build in progress...⠏ Build in progress...⠋ Build in progress...⠙ Build in progress...⠹ Build in progress...⠸ Build in progress...⠼ Build in progress...⠴ Build in progress...⠦ Build in progress...⠧ Build in progress...⠇ Build in progress...⠏ Build in progress...⠋ Build in progress...⠙ Build in progress...⠹ Build in progress...⠸ Build in progress...⠼ Build in progress...⠴ Build in progress...⠦ Build in progress...⠧ Build in progress...⠇ Build in progress...⠏ Build in progress...⠋ Build in progress...⠙ Build in progress...⠹ Build in progress...⠸ Build in progress...⠼ Build in progress...⠴ Build in progress...⠦ Build in progress...⠧ Build in progress...⠇ Build in progress...⠏ Build in progress...⠋ Build in progress...⠙ Build in progress...⠹ Build in progress...⠸ Build in progress...⠼ Build in progress...⠴ Build in progress...⠦ Build in progress...⠧ Build in progress...⠇ Build in progress...⠏ Build in progress...⠋ Build in progress...⠙ Build in progress...⠹ Build in progress...⠸ Build in progress...⠼ Build in progress...⠴ Build in progress...⠦ Build in progress...⠧ Build in progress...⠇ Build in progress...⠏ Build in progress...⠋ Build in progress...⠙ Build in progress...⠹ Build in progress...⠸ Build in progress...⠼ Build in progress...⠴ Build in progress...⠦ Build in progress...⠧ Build in progress...⠇ Build in progress...⠏ Build in progress...⠋ Build in progress...⠙ Build in progress...⠹ Build in progress...⠸ Build in progress...⠼ Build in progress...⠴ Build in progress...⠦ Build in progress...⠧ Build in progress...⠇ Build in progress...⠏ Build in progress...⠋ Build in progress...⠙ Build in progress...⠹ Build in progress...⠸ Build in progress...⠼ Build in progress...⠴ Build in progress...⠦ Build in progress...⠧ Build in progress...⠇ Build in progress...⠏ Build in progress...⠋ Build in progress...⠙ Build in progress...⠹ Build in progress...⠸ Build in progress...⠼ Build in progress...⠴ Build in progress...⠦ Build in progress...⠧ Build in progress...⠇ Build in progress...⠏ Build in progress...⠋ Build in progress...⠙ Build in progress...⠹ Build in progress...⠸ Build in progress...⠼ Build in progress...⠴ Build in progress...⠦ Build in progress...⠧ Build in progress...⠇ Build in progress...⠏ Build in progress...⠋ Build in progress...⠙ Build in progress...⠹ Build in progress...⠸ Build in progress...⠼ Build in progress...⠴ Build in progress...⠦ Build in progress...⠧ Build in progress...⠇ Build in progress...⠏ Build in progress...⠋ Build in progress...⠙ Build in progress...⠹ Build in progress...⠸ Build in progress...⠼ Build in progress...⠴ Build in progress...⠦ Build in progress...⠧ Build in progress...⠇ Build in progress...⠏ Build in progress...⠋ Build in progress...⠙ Build in progress...⠹ Build in progress...⠸ Build in progress...⠼ Build in progress...⠴ Build in progress...⠦ Build in progress...⠧ Build in progress...⠇ Build in progress...⠏ Build in progress...⠋ Build in progress...⠙ Build in progress...⠹ Build in progress...⠸ Build in progress...⠼ Build in progress...⠴ Build in progress...⠦ Build in progress...⠧ Build in progress...⠇ Build in progress...⠏ Build in progress...⠋ Build in progress...⠙ Build in progress...⠹ Build in progress...⠸ Build in progress...⠼ Build in progress...⠴ Build in progress...⠦ Build in progress...⠧ Build in progress...⠇ Build in progress...⠏ Build in progress...⠋ Build in progress...⠙ Build in progress...⠹ Build in progress...⠸ Build in progress...⠼ Build in progress...⠴ Build in progress...⠦ Build in progress...⠧ Build in progress...⠇ Build in progress...⠏ Build in progress...⠋ Build in progress...⠙ Build in progress...⠹ Build in progress...⠸ Build in progress...⠼ Build in progress...⠴ Build in progress...⠦ Build in progress...⠧ Build in progress...⠇ Build in progress...⠏ Build in progress...⠋ Build in progress...⠙ Build in progress...⠹ Build in progress...⠸ Build in progress...⠼ Build in progress...⠴ Build in progress...⠦ Build in progress...⠧ Build in progress...⠇ Build in progress...⠏ Build in progress...⠋ Build in progress...⠙ Build in progress...⠹ Build in progress...⠸ Build in progress...⠼ Build in progress...⠴ Build in progress...⠦ Build in progress...⠧ Build in progress...⠇ Build in progress...⠏ Build in progress...⠋ Build in progress...⠙ Build in progress...⠹ Build in progress...⠸ Build in progress...⠼ Build in progress...⠴ Build in progress...⠦ Build in progress...⠧ Build in progress...⠇ Build in progress...⠏ Build in progress...⠋ Build in progress...⠙ Build in progress...⠹ Build in progress...⠸ Build in progress...⠼ Build in progress...⠴ Build in progress...⠦ Build in progress...⠧ Build in progress...⠇ Build in progress...⠏ Build in progress...⠋ Build in progress...⠙ Build in progress...⠹ Build in progress...⠸ Build in progress...⠼ Build in progress...⠴ Build in progress...⠦ Build in progress...⠧ Build in progress...⠇ Build in progress...⠏ Build in progress...⠋ Build in progress...⠙ Build in progress...⠹ Build in progress...⠸ Build in progress...⠼ Build in progress...⠴ Build in progress...⠦ Build in progress...⠧ Build in progress...⠇ Build in progress...⠏ Build in progress...⠋ Build in progress...⠙ Build in progress...⠹ Build in progress...⠸ Build in progress...⠼ Build in progress...⠴ Build in progress...⠦ Build in progress...⠧ Build in progress...⠇ Build in progress...⠏ Build in progress...⠋ Build in progress...⠙ Build in progress...⠹ Build in progress...⠸ Build in progress...⠼ Build in progress...⠴ Build in progress...⠦ Build in progress...⠧ Build in progress...⠇ Build in progress...⠏ Build in progress...⠋ Build in progress...⠙ Build in progress...⠹ Build in progress...⠸ Build in progress...⠼ Build in progress...⠴ Build in progress...⠦ Build in progress...⠧ Build in progress...⠇ Build in progress...⠏ Build in progress...⠋ Build in progress...⠙ Build in progress...⠹ Build in progress...⠸ Build in progress...⠼ Build in progress...⠴ Build in progress...⠦ Build in progress...⠧ Build in progress...⠇ Build in progress...⠏ Build in progress...⠋ Build in progress...⠙ Build in progress...⠹ Build in progress...⠸ Build in progress...⠼ Build in progress...⠴ Build in progress...⠦ Build in progress...⠧ Build in progress...⠇ Build in progress...⠏ Build in progress...⠋ Build in progress...⠙ Build in progress...⠹ Build in progress...⠸ Build in progress...⠼ Build in progress...⠴ Build in progress...⠦ Build in progress...⠧ Build in progress...⠇ Build in progress...⠏ Build in progress...⠋ Build in progress...⠙ Build in progress...⠹ Build in progress...⠸ Build in progress...⠼ Build in progress...⠴ Build in progress...⠦ Build in progress...⠧ Build in progress...⠇ Build in progress...⠏ Build in progress...⠋ Build in progress...⠙ Build in progress...⠹ Build in progress...⠸ Build in progress...⠼ Build in progress...⠴ Build in progress...⠦ Build in progress...⠧ Build in progress...⠇ Build in progress...⠏ Build in progress...⠋ Build in progress...⠙ Build in progress...⠹ Build in progress...⠸ Build in progress...⠼ Build in progress...⠴ Build in progress...⠦ Build in progress...⠧ Build in progress...⠇ Build in progress...⠏ Build in progress...⠋ Build in progress...⠙ Build in progress...⠹ Build in progress...⠸ Build in progress...⠼ Build in progress...⠴ Build in progress...⠦ Build in progress...⠧ Build in progress...⠇ Build in progress...⠏ Build in progress...⠋ Build in progress...⠙ Build in progress...⠹ Build in progress...⠸ Build in progress...⠼ Build in progress...⠴ Build in progress...⠦ Build in progress...⠧ Build in progress...⠇ Build in progress...⠏ Build in progress...⠋ Build in progress...⠙ Build in progress...⠹ Build in progress...⠸ Build in progress...⠼ Build in progress...⠴ Build in progress...⠦ Build in progress...⠧ Build in progress...⠇ Build in progress...⠏ Build in progress...⠋ Build in progress...⠙ Build in progress...⠹ Build in progress...⠸ Build in progress...⠼ Build in progress...⠴ Build in progress...⠦ Build in progress...⠧ Build in progress...⠇ Build in progress...⠏ Build in progress...⠋ Build in progress...⠙ Build in progress...⠹ Build in progress...⠸ Build in progress...⠼ Build in progress...⠴ Build in progress...⠦ Build in progress...⠧ Build in progress...⠇ Build in progress...⠏ Build in progress...⠋ Build in progress...⠙ Build in progress...⠹ Build in progress...⠸ Build in progress...⠼ Build in progress...⠴ Build in progress...⠦ Build in progress...⠧ Build in progress...⠇ Build in progress...⠏ Build in progress...⠋ Build in progress...⠙ Build in progress...⠹ Build in progress...⠸ Build in progress...⠼ Build in progress...⠴ Build in progress...⠦ Build in progress...⠧ Build in progress...⠇ Build in progress...⠏ Build in progress...⠋ Build in progress...⠙ Build in progress...⠹ Build in progress...⠸ Build in progress...⠼ Build in progress...⠴ Build in progress...⠦ Build in progress...⠧ Build in progress...⠇ Build in progress...⠏ Build in progress...⠋ Build in progress...⠙ Build in progress...⠹ Build in progress...⠸ Build in progress...⠼ Build in progress...⠴ Build in progress...⠦ Build in progress...⠧ Build in progress...⠇ Build in progress...⠏ Build in progress...⠋ Build in progress...⠙ Build in progress...⠹ Build in progress...⠸ Build in progress...⠼ Build in progress...⠴ Build in progress...⠦ Build in progress...⠧ Build in progress...⠇ Build in progress...⠏ Build in progress...⠋ Build in progress...⠙ Build in progress...⠹ Build in progress...⠸ Build in progress...⠼ Build in progress...⠴ Build in progress...⠦ Build in progress...⠧ Build in progress...⠇ Build in progress...⠏ Build in progress...⠋ Build in progress...⠙ Build in progress...⠹ Build in progress...⠸ Build in progress...⠼ Build in progress...⠴ Build in progress...⠦ Build in progress...⠧ Build in progress...⠇ Build in progress...⠏ Build in progress...⠋ Build in progress...⠙ Build in progress...⠹ Build in progress...⠸ Build in progress...⠼ Build in progress...⠴ Build in progress...⠦ Build in progress...⠧ Build in progress...⠇ Build in progress...⠏ Build in progress...⠋ Build in progress...⠙ Build in progress...⠹ Build in progress...⠸ Build in progress...⠼ Build in progress...⠴ Build in progress...⠦ Build in progress...⠧ Build in progress...⠇ Build in progress...⠏ Build in progress...⠋ Build in progress...⠙ Build in progress...⠹ Build in progress...⠸ Build in progress...⠼ Build in progress...⠴ Build in progress...⠦ Build in progress...⠧ Build in progress...⠇ Build in progress...⠏ Build in progress...⠋ Build in progress...⠙ Build in progress...⠹ Build in progress...⠸ Build in progress...⠼ Build in progress...⠴ Build in progress...⠦ Build in progress...⠧ Build in progress...⠇ Build in progress...⠏ Build in progress...⠋ Build in progress...⠙ Build in progress...⠹ Build in progress...⠸ Build in progress...⠼ Build in progress...⠴ Build in progress...⠦ Build in progress...⠧ Build in progress...⠇ Build in progress...⠏ Build in progress...⠋ Build in progress...⠙ Build in progress...⠹ Build in progress...⠸ Build in progress...⠼ Build in progress...⠴ Build in progress...⠦ Build in progress...⠧ Build in progress...⠇ Build in progress...⠏ Build in progress...⠋ Build in progress...⠙ Build in progress...⠹ Build in progress...⠸ Build in progress...⠼ Build in progress...⠴ Build in progress...⠦ Build in progress...⠧ Build in progress...⠇ Build in progress...⠏ Build in progress...⠋ Build in progress...⠙ Build in progress...⠹ Build in progress...⠸ Build in progress...⠼ Build in progress...⠴ Build in progress...⠦ Build in progress...⠧ Build in progress...⠇ Build in progress...⠏ Build in progress...⠋ Build in progress...⠙ Build in progress...⠹ Build in progress...⠸ Build in progress...⠼ Build in progress...⠴ Build in progress...⠦ Build in progress...⠧ Build in progress...⠇ Build in progress...⠏ Build in progress...⠋ Build in progress...⠙ Build in progress...⠹ Build in progress...⠸ Build in progress...⠼ Build in progress...⠴ Build in progress...⠦ Build in progress...⠧ Build in progress...⠇ Build in progress...⠏ Build in progress...⠋ Build in progress...⠙ Build in progress...⠹ Build in progress...⠸ Build in progress...⠼ Build in progress...⠴ Build in progress...⠦ Build in progress...⠧ Build in progress...⠇ Build in progress...⠏ Build in progress...⠋ Build in progress...⠙ Build in progress...⠹ Build in progress...⠸ Build in progress...⠼ Build in progress...⠴ Build in progress...⠦ Build in progress...⠧ Build in progress...⠇ Build in progress...⠏ Build in progress...⠋ Build in progress...⠙ Build in progress...⠹ Build in progress...⠸ Build in progress...⠼ Build in progress...⠴ Build in progress...⠦ Build in progress...⠧ Build in progress...⠇ Build in progress...⠏ Build in progress...⠋ Build in progress...⠙ Build in progress...⠹ Build in progress...⠸ Build in progress...⠼ Build in progress...⠴ Build in progress...⠦ Build in progress...⠧ Build in progress...⠇ Build in progress...⠏ Build in progress...⠋ Build in progress...⠙ Build in progress...⠹ Build in progress...⠸ Build in progress...⠼ Build in progress...⠴ Build in progress...⠦ Build in progress...⠧ Build in progress...⠇ Build in progress...⠏ Build in progress...⠋ Build in progress...⠙ Build in progress...⠹ Build in progress...⠸ Build in progress...⠼ Build in progress...⠴ Build in progress...⠦ Build in progress...⠧ Build in progress...⠇ Build in progress...⠏ Build in progress...⠋ Build in progress...⠙ Build in progress...⠹ Build in progress...⠸ Build in progress...⠼ Build in progress...⠴ Build in progress...⠦ Build in progress...⠧ Build in progress...⠇ Build in progress...⠏ Build in progress...⠋ Build in progress...⠙ Build in progress...⠹ Build in progress...⠸ Build in progress...⠼ Build in progress...⠴ Build in progress...⠦ Build in progress...⠧ Build in progress...⠇ Build in progress...⠏ Build in progress...⠋ Build in progress...⠙ Build in progress...⠹ Build in progress...⠸ Build in progress...⠼ Build in progress...⠴ Build in progress...⠦ Build in progress...⠧ Build in progress...⠇ Build in progress...⠏ Build in progress...⠋ Build in progress...⠙ Build in progress...⠹ Build in progress...⠸ Build in progress...⠼ Build in progress...⠴ Build in progress...⠦ Build in progress...⠧ Build in progress...⠇ Build in progress...⠏ Build in progress...⠋ Build in progress...⠙ Build in progress...⠹ Build in progress...⠸ Build in progress...⠼ Build in progress...⠴ Build in progress...⠦ Build in progress...⠧ Build in progress...⠇ Build in progress...⠏ Build in progress...⠋ Build in progress...⠙ Build in progress...⠹ Build in progress...⠸ Build in progress...⠼ Build in progress...⠴ Build in progress...⠦ Build in progress...⠧ Build in progress...⠇ Build in progress...⠏ Build in progress...⠋ Build in progress...⠙ Build in progress...⠹ Build in progress...⠸ Build in progress...⠼ Build in progress...⠴ Build in progress...⠦ Build in progress...⠧ Build in progress...⠇ Build in progress...⠏ Build in progress...⠋ Build in progress...⠙ Build in progress...⠹ Build in progress...⠸ Build in progress...⠼ Build in progress...⠴ Build in progress...⠦ Build in progress...⠧ Build in progress...⠇ Build in progress...⠏ Build in progress...⠋ Build in progress...⠙ Build in progress...⠹ Build in progress...⠸ Build in progress...⠼ Build in progress...⠴ Build in progress...⠦ Build in progress...⠧ Build in progress...⠇ Build in progress...⠏ Build in progress...⠋ Build in progress...⠙ Build in progress...⠹ Build in progress...⠸ Build in progress...⠼ Build in progress...⠴ Build in progress...⠦ Build in progress...⠧ Build in progress...⠇ Build in progress...⠏ Build in progress...⠋ Build in progress...⠙ Build in progress...⠹ Build in progress...⠸ Build in progress...⠼ Build in progress...⠴ Build in progress...⠦ Build in progress...⠧ Build in progress...⠇ Build in progress...⠏ Build in progress...⠋ Build in progress...⠙ Build in progress...⠹ Build in progress...⠸ Build in progress...⠼ Build in progress...⠴ Build in progress...⠦ Build in progress...⠧ Build in progress...⠇ Build in progress...⠏ Build in progress...⠋ Build in progress...⠙ Build in progress...⠹ Build in progress...⠸ Build in progress...⠼ Build in progress...⠴ Build in progress...⠦ Build in progress...⠧ Build in progress...⠇ Build in progress...⠏ Build in progress...⠋ Build in progress...⠙ Build in progress...⠹ Build in progress...⠸ Build in progress...⠼ Build in progress...⠴ Build in progress...⠦ Build in progress...⠧ Build in progress...⠇ Build in progress...⠏ Build in progress...⠋ Build in progress...⠙ Build in progress...⠹ Build in progress...⠸ Build in progress...⠼ Build in progress...⠴ Build in progress...⠦ Build in progress...⠧ Build in progress...⠇ Build in progress...⠏ Build in progress...⠋ Build in progress...⠙ Build in progress...⠹ Build in progress...⠸ Build in progress...⠼ Build in progress...⠴ Build in progress...⠦ Build in progress...⠧ Build in progress...⠇ Build in progress...⠏ Build in progress...⠋ Build in progress...⠙ Build in progress...⠹ Build in progress...⠸ Build in progress...⠼ Build in progress...⠴ Build in progress...⠦ Build in progress...⠧ Build in progress...⠇ Build in progress...⠏ Build in progress...⠋ Build in progress...⠙ Build in progress...⠹ Build in progress...⠸ Build in progress...⠼ Build in progress...⠴ Build in progress...⠦ Build in progress...⠧ Build in progress...⠇ Build in progress...⠏ Build in progress...⠋ Build in progress...⠙ Build in progress...⠹ Build in progress...⠸ Build in progress...⠼ Build in progress...⠴ Build in progress...⠦ Build in progress...⠧ Build in progress...⠇ Build in progress...⠏ Build in progress...⠋ Build in progress...⠙ Build in progress...⠹ Build in progress...⠸ Build in progress...⠼ Build in progress...⠴ Build in progress...⠦ Build in progress...⠧ Build in progress...⠇ Build in progress...⠏ Build in progress...⠋ Build in progress...⠙ Build in progress...⠹ Build in progress...⠸ Build in progress...⠼ Build in progress...⠴ Build in progress...⠦ Build in progress...⠧ Build in progress...⠇ Build in progress...⠏ Build in progress...⠋ Build in progress...⠙ Build in progress...⠹ Build in progress...⠸ Build in progress...⠼ Build in progress...⠴ Build in progress...⠦ Build in progress...⠧ Build in progress...⠇ Build in progress...⠏ Build in progress...⠋ Build in progress...⠙ Build in progress...⠹ Build in progress...⠸ Build in progress...⠼ Build in progress...⠴ Build in progress...⠦ Build in progress...⠧ Build in progress...⠇ Build in progress...⠏ Build in progress...⠋ Build in progress...⠙ Build in progress...⠹ Build in progress...⠸ Build in progress...⠼ Build in progress...⠴ Build in progress...⠦ Build in progress...⠧ Build in progress...⠇ Build in progress...⠏ Build in progress...⠋ Build in progress...⠙ Build in progress...⠹ Build in progress...⠸ Build in progress...⠼ Build in progress...⠴ Build in progress...⠦ Build in progress...⠧ Build in progress...⠇ Build in progress...⠏ Build in progress...⠋ Build in progress...⠙ Build in progress...⠹ Build in progress...⠸ Build in progress...⠼ Build in progress...⠴ Build in progress...⠦ Build in progress...⠧ Build in progress...⠇ Build in progress...⠏ Build in progress...⠋ Build in progress...⠙ Build in progress...⠹ Build in progress...⠸ Build in progress...⠼ Build in progress...⠴ Build in progress...⠦ Build in progress...⠧ Build in progress...⠇ Build in progress...⠏ Build in progress...⠋ Build in progress...⠙ Build in progress...⠹ Build in progress...⠸ Build in progress...⠼ Build in progress...⠴ Build in progress...⠦ Build in progress...⠧ Build in progress...⠇ Build in progress...⠏ Build in progress...⠋ Build in progress...⠙ Build in progress...⠹ Build in progress...⠸ Build in progress...⠼ Build in progress...⠴ Build in progress...⠦ Build in progress...⠧ Build in progress...⠇ Build in progress...⠏ Build in progress...⠋ Build in progress...⠙ Build in progress...⠹ Build in progress...⠸ Build in progress...⠼ Build in progress...⠴ Build in progress...⠦ Build in progress...⠧ Build in progress...⠇ Build in progress...⠏ Build in progress...⠋ Build in progress...⠙ Build in progress...⠹ Build in progress...⠸ Build in progress...⠼ Build in progress...⠴ Build in progress...⠦ Build in progress...⠧ Build in progress...⠇ Build in progress...⠏ Build in progress...⠋ Build in progress...⠙ Build in progress...⠹ Build in progress...⠸ Build in progress...⠼ Build in progress...⠴ Build in progress...⠦ Build in progress...⠧ Build in progress...⠇ Build in progress...⠏ Build in progress...⠋ Build in progress...⠙ Build in progress...⠹ Build in progress...⠸ Build in progress...⠼ Build in progress...⠴ Build in progress...⠦ Build in progress...⠧ Build in progress...⠇ Build in progress...⠏ Build in progress...⠋ Build in progress...⠙ Build in progress...⠹ Build in progress...⠸ Build in progress...⠼ Build in progress...⠴ Build in progress...⠦ Build in progress...⠧ Build in progress...⠇ Build in progress...⠏ Build in progress...⠋ Build in progress...⠙ Build in progress...⠹ Build in progress...⠸ Build in progress...⠼ Build in progress...⠴ Build in progress...⠦ Build in progress...⠧ Build in progress...⠇ Build in progress...⠏ Build in progress...⠋ Build in progress...⠙ Build in progress...⠹ Build in progress...⠸ Build in progress...⠼ Build in progress...⠴ Build in progress...⠦ Build in progress...⠧ Build in progress...⠇ Build in progress...⠏ Build in progress...⠋ Build in progress...⠙ Build in progress...⠹ Build in progress...⠸ Build in progress...⠼ Build in progress...⠴ Build in progress...⠦ Build in progress...⠧ Build in progress...⠇ Build in progress...⠏ Build in progress...⠋ Build in progress...⠙ Build in progress...⠹ Build in progress...⠸ Build in progress...⠼ Build in progress...⠴ Build in progress...⠦ Build in progress...⠧ Build in progress...⠇ Build in progress...⠏ Build in progress...⠋ Build in progress...⠙ Build in progress...⠹ Build in progress...⠸ Build in progress...⠼ Build in progress...⠴ Build in progress...⠦ Build in progress...⠧ Build in progress...⠇ Build in progress...⠏ Build in progress...⠋ Build in progress...⠙ Build in progress...⠹ Build in progress...⠸ Build in progress...⠼ Build in progress...⠴ Build in progress...⠦ Build in progress...⠧ Build in progress...⠇ Build in progress...⠏ Build in progress...⠋ Build in progress...⠙ Build in progress...⠹ Build in progress...⠸ Build in progress...⠼ Build in progress...⠴ Build in progress...⠦ Build in progress...⠧ Build in progress...⠇ Build in progress...⠏ Build in progress...⠋ Build in progress...⠙ Build in progress...⠹ Build in progress...⠸ Build in progress...⠼ Build in progress...⠴ Build in progress...⠦ Build in progress...⠧ Build in progress...⠇ Build in progress...⠏ Build in progress...⠋ Build in progress...⠙ Build in progress...⠹ Build in progress...⠸ Build in progress...⠼ Build in progress...⠴ Build in progress...⠦ Build in progress...⠧ Build in progress...⠇ Build in progress...⠏ Build in progress...⠋ Build in progress...⠙ Build in progress...⠹ Build in progress...⠸ Build in progress...⠼ Build in progress...⠴ Build in progress...⠦ Build in progress...⠧ Build in progress...⠇ Build in progress...⠏ Build in progress...⠋ Build in progress...⠙ Build in progress...⠹ Build in progress...⠸ Build in progress...⠼ Build in progress...⠴ Build in progress...⠦ Build in progress...⠧ Build in progress...⠇ Build in progress...⠏ Build in progress...⠋ Build in progress...⠙ Build in progress...⠹ Build in progress...⠸ Build in progress...⠼ Build in progress...⠴ Build in progress...⠦ Build in progress...⠧ Build in progress...⠇ Build in progress...⠏ Build in progress...⠋ Build in progress...⠙ Build in progress...⠹ Build in progress...⠸ Build in progress...⠼ Build in progress...⠴ Build in progress...⠦ Build in progress...⠧ Build in progress...⠇ Build in progress...⠏ Build in progress...⠋ Build in progress...⠙ Build in progress...⠹ Build in progress...⠸ Build in progress...⠼ Build in progress...⠴ Build in progress...⠦ Build in progress...⠧ Build in progress...⠇ Build in progress...⠏ Build in progress...⠋ Build in progress...⠙ Build in progress...⠹ Build in progress...⠸ Build in progress...⠼ Build in progress...⠴ Build in progress...⠦ Build in progress...⠧ Build in progress...⠇ Build in progress...⠏ Build in progress...⠋ Build in progress...⠙ Build in progress...⠹ Build in progress...⠸ Build in progress...⠼ Build in progress...⠴ Build in progress...⠦ Build in progress...⠧ Build in progress...⠇ Build in progress...⠏ Build in progress...⠋ Build in progress...⠙ Build in progress...⠹ Build in progress...⠸ Build in progress...⠼ Build in progress...⠴ Build in progress...⠦ Build in progress...⠧ Build in progress...⠇ Build in progress...⠏ Build in progress...⠋ Build in progress...⠙ Build in progress...⠹ Build in progress...⠸ Build in progress...⠼ Build in progress...⠴ Build in progress...⠦ Build in progress...⠧ Build in progress...⠇ Build in progress...⠏ Build in progress...⠋ Build in progress...⠙ Build in progress...⠹ Build in progress...⠸ Build in progress...⠼ Build in progress...⠴ Build in progress...⠦ Build in progress...⠧ Build in progress...⠇ Build in progress...⠏ Build in progress...⠋ Build in progress...⠙ Build in progress...⠹ Build in progress...⠸ Build in progress...⠼ Build in progress...⠴ Build in progress...⠦ Build in progress...⠧ Build in progress...⠇ Build in progress...⠏ Build in progress...⠋ Build in progress...⠙ Build in progress...⠹ Build in progress...⠸ Build in progress...⠼ Build in progress...⠴ Build in progress...⠦ Build in progress...⠧ Build in progress...⠇ Build in progress...⠏ Build in progress...⠋ Build in progress...⠙ Build in progress...⠹ Build in progress...⠸ Build in progress...⠼ Build in progress...⠴ Build in progress...⠦ Build in progress...⠧ Build in progress...⠇ Build in progress...⠏ Build in progress...⠋ Build in progress...⠙ Build in progress...⠹ Build in progress...⠸ Build in progress...⠼ Build in progress...⠴ Build in progress...⠦ Build in progress...⠧ Build in progress...⠇ Build in progress...⠏ Build in progress...⠋ Build in progress...⠙ Build in progress...⠹ Build in progress...⠸ Build in progress...⠼ Build in progress...⠴ Build in progress...⠦ Build in progress...⠧ Build in progress...⠇ Build in progress...⠏ Build in progress...⠋ Build in progress...⠙ Build in progress...⠹ Build in progress...⠸ Build in progress...⠼ Build in progress...⠴ Build in progress...⠦ Build in progress...⠧ Build in progress...⠇ Build in progress...⠏ Build in progress...⠋ Build in progress...⠙ Build in progress...⠹ Build in progress...⠸ Build in progress...⠼ Build in progress...⠴ Build in progress...⠦ Build in progress...⠧ Build in progress...⠇ Build in progress...⠏ Build in progress...⠋ Build in progress...⠙ Build in progress...⠹ Build in progress...⠸ Build in progress...⠼ Build in progress...⠴ Build in progress...⠦ Build in progress...⠧ Build in progress...⠇ Build in progress...⠏ Build in progress...⠋ Build in progress...⠙ Build in progress...⠹ Build in progress...⠸ Build in progress...⠼ Build in progress...⠴ Build in progress...⠦ Build in progress...⠧ Build in progress...⠇ Build in progress...⠏ Build in progress...⠋ Build in progress...⠙ Build in progress...⠹ Build in progress...⠸ Build in progress...⠼ Build in progress...⠴ Build in progress...⠦ Build in progress...⠧ Build in progress...⠇ Build in progress...⠏ Build in progress...⠋ Build in progress...⠙ Build in progress...⠹ Build in progress...⠸ Build in progress...⠼ Build in progress...⠴ Build in progress...⠦ Build in progress...⠧ Build in progress...⠇ Build in progress...⠏ Build in progress...⠋ Build in progress...⠙ Build in progress...⠹ Build in progress...⠸ Build in progress...⠼ Build in progress...⠴ Build in progress...⠦ Build in progress...⠧ Build in progress...⠇ Build in progress...⠏ Build in progress...⠋ Build in progress...⠙ Build in progress...⠹ Build in progress...⠸ Build in progress...⠼ Build in progress...⠴ Build in progress...⠦ Build in progress...⠧ Build in progress...⠇ Build in progress...⠏ Build in progress...⠋ Build in progress...⠙ Build in progress...⠹ Build in progress...⠸ Build in progress...⠼ Build in progress...⠴ Build in progress...⠦ Build in progress...⠧ Build in progress...⠇ Build in progress...⠏ Build in progress...⠋ Build in progress...⠙ Build in progress...⠹ Build in progress...⠸ Build in progress...⠼ Build in progress...⠴ Build in progress...⠦ Build in progress...⠧ Build in progress...⠇ Build in progress...⠏ Build in progress...⠋ Build in progress...⠙ Build in progress...⠹ Build in progress...⠸ Build in progress...⠼ Build in progress...⠴ Build in progress...⠦ Build in progress...⠧ Build in progress...⠇ Build in progress...⠏ Build in progress...⠋ Build in progress...⠙ Build in progress...⠹ Build in progress...⠸ Build in progress...⠼ Build in progress...⠴ Build in progress...⠦ Build in progress...⠧ Build in progress...⠇ Build in progress...⠏ Build in progress...⠋ Build in progress...⠙ Build in progress...⠹ Build in progress...⠸ Build in progress...⠼ Build in progress...⠴ Build in progress...⠦ Build in progress...⠧ Build in progress...⠇ Build in progress...⠏ Build in progress...⠋ Build in progress...⠙ Build in progress...⠹ Build in progress...⠸ Build in progress...⠼ Build in progress...⠴ Build in progress...⠦ Build in progress...⠧ Build in progress...⠇ Build in progress...⠏ Build in progress...⠋ Build in progress...⠙ Build in progress...⠹ Build in progress...⠸ Build in progress...⠼ Build in progress...⠴ Build in progress...⠦ Build in progress...⠧ Build in progress...⠇ Build in progress...⠏ Build in progress...⠋ Build in progress...⠙ Build in progress...⠹ Build in progress...⠸ Build in progress...⠼ Build in progress...⠴ Build in progress...⠦ Build in progress...⠧ Build in progress...⠇ Build in progress...⠏ Build in progress...⠋ Build in progress...⠙ Build in progress...⠹ Build in progress...⠸ Build in progress...⠼ Build in progress...⠴ Build in progress...⠦ Build in progress...⠧ Build in progress...⠇ Build in progress...⠏ Build in progress...⠋ Build in progress...⠙ Build in progress...⠹ Build in progress...⠸ Build in progress...⠼ Build in progress...⠴ Build in progress...⠦ Build in progress...⠧ Build in progress...⠇ Build in progress...⠏ Build in progress...⠋ Build in progress...⠙ Build in progress...⠹ Build in progress...⠸ Build in progress...⠼ Build in progress...⠴ Build in progress...⠦ Build in progress...⠧ Build in progress...⠇ Build in progress...⠏ Build in progress...⠋ Build in progress...⠙ Build in progress...⠹ Build in progress...⠸ Build in progress...⠼ Build in progress...⠴ Build in progress...⠦ Build in progress...⠧ Build in progress...⠇ Build in progress...⠏ Build in progress...⠋ Build in progress...⠙ Build in progress...⠹ Build in progress...⠸ Build in progress...⠼ Build in progress...⠴ Build in progress...⠦ Build in progress...⠧ Build in progress...⠇ Build in progress...⠏ Build in progress...⠋ Build in progress...⠙ Build in progress...⠹ Build in progress...⠸ Build in progress...⠼ Build in progress...⠴ Build in progress...⠦ Build in progress...⠧ Build in progress...⠇ Build in progress...⠏ Build in progress...⠋ Build in progress...⠙ Build in progress...⠹ Build in progress...⠸ Build in progress...⠼ Build in progress...⠴ Build in progress...⠦ Build in progress...⠧ Build in progress...⠇ Build in progress...⠏ Build in progress...⠋ Build in progress...⠙ Build in progress...⠹ Build in progress...⠸ Build in progress...⠼ Build in progress...⠴ Build in progress...⠦ Build in progress...⠧ Build in progress...⠇ Build in progress...⠏ Build in progress...⠋ Build in progress...⠙ Build in progress...⠹ Build in progress...⠸ Build in progress...⠼ Build in progress...⠴ Build in progress...⠦ Build in progress...⠧ Build in progress...⠇ Build in progress...⠏ Build in progress...⠋ Build in progress...⠙ Build in progress...⠹ Build in progress...⠸ Build in progress...⠼ Build in progress...⠴ Build in progress...⠦ Build in progress...⠧ Build in progress...⠇ Build in progress...⠏ Build in progress...⠋ Build in progress...⠙ Build in progress...⠹ Build in progress...⠸ Build in progress...⠼ Build in progress...⠴ Build in progress...⠦ Build in progress...⠧ Build in progress...⠇ Build in progress...⠏ Build in progress...⠋ Build in progress...⠙ Build in progress...⠹ Build in progress...⠸ Build in progress...⠼ Build in progress...⠴ Build in progress...⠦ Build in progress...⠧ Build in progress...⠇ Build in progress...⠏ Build in progress...⠋ Build in progress...⠙ Build in progress...⠹ Build in progress...⠸ Build in progress...⠼ Build in progress...⠴ Build in progress...⠦ Build in progress...⠧ Build in progress...⠇ Build in progress...⠏ Build in progress...⠋ Build in progress...⠙ Build in progress...⠹ Build in progress...⠸ Build in progress...⠼ Build in progress...⠴ Build in progress...⠦ Build in progress...⠧ Build in progress...⠇ Build in progress...⠏ Build in progress...⠋ Build in progress...⠙ Build in progress...⠹ Build in progress...⠸ Build in progress...⠼ Build in progress...⠴ Build in progress...⠦ Build in progress...⠧ Build in progress...⠇ Build in progress...⠏ Build in progress...⠋ Build in progress...⠙ Build in progress...⠹ Build in progress...⠸ Build in progress...⠼ Build in progress...⠴ Build in progress...⠦ Build in progress...⠧ Build in progress...⠇ Build in progress...⠏ Build in progress...⠋ Build in progress...⠙ Build in progress...⠹ Build in progress...⠸ Build in progress...⠼ Build in progress...⠴ Build in progress...⠦ Build in progress...⠧ Build in progress...⠇ Build in progress...⠏ Build in progress...⠋ Build in progress...⠙ Build in progress...⠹ Build in progress...⠸ Build in progress...⠼ Build in progress...⠴ Build in progress...⠦ Build in progress...⠧ Build in progress...⠇ Build in progress...⠏ Build in progress...⠋ Build in progress...⠙ Build in progress...⠹ Build in progress...⠸ Build in progress...⠼ Build in progress...⠴ Build in progress...⠦ Build in progress...⠧ Build in progress...⠇ Build in progress...⠏ Build in progress...⠋ Build in progress...⠙ Build in progress...⠹ Build in progress...⠸ Build in progress...⠼ Build in progress...⠴ Build in progress...⠦ Build in progress...⠧ Build in progress...⠇ Build in progress...⠏ Build in progress...⠋ Build in progress...⠙ Build in progress...⠹ Build in progress...⠸ Build in progress...⠼ Build in progress...⠴ Build in progress...⠦ Build in progress...⠧ Build in progress...⠇ Build in progress...⠏ Build in progress...⠋ Build in progress...⠙ Build in progress...⠹ Build in progress...⠸ Build in progress...⠼ Build in progress...⠴ Build in progress...⠦ Build in progress...⠧ Build in progress...⠇ Build in progress...⠏ Build in progress...⠋ Build in progress...⠙ Build in progress...⠹ Build in progress...⠸ Build in progress...⠼ Build in progress...⠴ Build in progress...⠦ Build in progress...⠧ Build in progress...⠇ Build in progress...⠏ Build in progress...⠋ Build in progress...⠙ Build in progress...⠹ Build in progress...⠸ Build in progress...⠼ Build in progress...⠴ Build in progress...⠦ Build in progress...⠧ Build in progress...⠇ Build in progress...⠏ Build in progress...⠋ Build in progress...⠙ Build in progress...⠹ Build in progress...⠸ Build in progress...⠼ Build in progress...⠴ Build in progress...⠦ Build in progress...⠧ Build in progress...⠇ Build in progress...⠏ Build in progress...⠋ Build in progress...⠙ Build in progress...⠹ Build in progress...⠸ Build in progress...⠼ Build in progress...⠴ Build in progress...⠦ Build in progress...⠧ Build in progress...⠇ Build in progress...⠏ Build in progress...⠋ Build in progress...⠙ Build in progress...⠹ Build in progress...⠸ Build in progress...⠼ Build in progress...⠴ Build in progress...⠦ Build in progress...⠧ Build in progress...⠇ Build in progress...⠏ Build in progress...⠋ Build in progress...⠙ Build in progress...⠹ Build in progress...⠸ Build in progress...⠼ Build in progress...⠴ Build in progress...⠦ Build in progress...⠧ Build in progress...⠇ Build in progress...⠏ Build in progress...⠋ Build in progress...⠙ Build in progress...⠹ Build in progress...⠸ Build in progress...⠼ Build in progress...⠴ Build in progress...⠦ Build in progress...⠧ Build in progress...⠇ Build in progress...⠏ Build in progress...⠋ Build in progress...⠙ Build in progress...⠹ Build in progress...⠸ Build in progress...⠼ Build in progress...⠴ Build in progress...⠦ Build in progress...⠧ Build in progress...⠇ Build in progress...⠏ Build in progress...⠋ Build in progress...⠙ Build in progress...⠹ Build in progress...⠸ Build in progress...⠼ Build in progress...⠴ Build in progress...⠦ Build in progress...⠧ Build in progress...⠇ Build in progress...⠏ Build in progress...⠋ Build in progress...⠙ Build in progress...⠹ Build in progress...⠸ Build in progress...⠼ Build in progress...⠴ Build in progress...⠦ Build in progress...⠧ Build in progress...⠇ Build in progress...⠏ Build in progress...⠋ Build in progress...⠙ Build in progress...⠹ Build in progress...⠸ Build in progress...⠼ Build in progress...⠴ Build in progress...⠦ Build in progress...⠧ Build in progress...⠇ Build in progress...⠏ Build in progress...⠋ Build in progress...⠙ Build in progress...⠹ Build in progress...⠸ Build in progress...⠼ Build in progress...⠴ Build in progress...⠦ Build in progress...⠧ Build in progress...⠇ Build in progress...⠏ Build in progress...⠋ Build in progress...⠙ Build in progress...⠹ Build in progress...⠸ Build in progress...⠼ Build in progress...⠴ Build in progress...⠦ Build in progress...⠧ Build in progress...⠇ Build in progress...⠏ Build in progress...⠋ Build in progress...⠙ Build in progress...⠹ Build in progress...⠸ Build in progress...⠼ Build in progress...⠴ Build in progress...⠦ Build in progress...⠧ Build in progress...⠇ Build in progress...⠏ Build in progress...⠋ Build in progress...⠙ Build in progress...⠹ Build in progress...⠸ Build in progress...⠼ Build in progress...⠴ Build in progress...⠦ Build in progress...⠧ Build in progress...⠇ Build in progress...⠏ Build in progress...⠋ Build in progress...⠙ Build in progress...⠹ Build in progress...⠸ Build in progress...⠼ Build in progress...⠴ Build in progress...⠦ Build in progress...⠧ Build in progress...⠇ Build in progress...⠏ Build in progress...⠋ Build in progress...⠙ Build in progress...⠹ Build in progress...⠸ Build in progress...⠼ Build in progress...⠴ Build in progress...⠦ Build in progress...⠧ Build in progress...⠇ Build in progress...⠏ Build in progress...⠋ Build in progress...⠙ Build in progress...⠹ Build in progress...⠸ Build in progress...⠼ Build in progress...⠴ Build in progress...⠦ Build in progress...⠧ Build in progress...⠇ Build in progress...⠏ Build in progress...⠋ Build in progress...⠙ Build in progress...⠹ Build in progress...⠸ Build in progress...⠼ Build in progress...⠴ Build in progress...⠦ Build in progress...⠧ Build in progress...⠇ Build in progress...⠏ Build in progress...⠋ Build in progress...⠙ Build in progress...⠹ Build in progress...⠸ Build in progress...⠼ Build in progress...⠴ Build in progress...⠦ Build in progress...⠧ Build in progress...⠇ Build in progress...⠏ Build in progress...⠋ Build in progress...⠙ Build in progress...⠹ Build in progress...⠸ Build in progress...⠼ Build in progress...⠴ Build in progress...⠦ Build in progress...⠧ Build in progress...⠇ Build in progress...⠏ Build in progress...⠋ Build in progress...⠙ Build in progress...⠹ Build in progress...⠸ Build in progress...⠼ Build in progress...⠴ Build in progress...⠦ Build in progress...⠧ Build in progress...⠇ Build in progress...⠏ Build in progress...⠋ Build in progress...⠙ Build in progress...⠹ Build in progress...⠸ Build in progress...⠼ Build in progress...⠴ Build in progress...⠦ Build in progress...⠧ Build in progress...⠇ Build in progress...⠏ Build in progress...⠋ Build in progress...⠙ Build in progress...⠹ Build in progress...⠸ Build in progress...⠼ Build in progress...⠴ Build in progress...⠦ Build in progress...⠧ Build in progress...⠇ Build in progress...⠏ Build in progress...⠋ Build in progress...⠙ Build in progress...⠹ Build in progress...⠸ Build in progress...⠼ Build in progress...⠴ Build in progress...⠦ Build in progress...⠧ Build in progress...⠇ Build in progress...⠏ Build in progress...⠋ Build in progress...⠙ Build in progress...⠹ Build in progress...⠸ Build in progress...⠼ Build in progress...⠴ Build in progress...⠦ Build in progress...⠧ Build in progress...⠇ Build in progress...⠏ Build in progress...⠋ Build in progress...⠙ Build in progress...⠹ Build in progress...⠸ Build in progress...⠼ Build in progress...⠴ Build in progress...⠦ Build in progress...⠧ Build in progress...⠇ Build in progress...⠏ Build in progress...⠋ Build in progress...⠙ Build in progress...⠹ Build in progress...⠸ Build in progress...⠼ Build in progress...⠴ Build in progress...⠦ Build in progress...⠧ Build in progress...⠇ Build in progress...⠏ Build in progress...⠋ Build in progress...⠙ Build in progress...⠹ Build in progress...⠸ Build in progress...⠼ Build in progress...⠴ Build in progress...⠦ Build in progress...⠧ Build in progress...⠇ Build in progress...⠏ Build in progress...⠋ Build in progress...⠙ Build in progress...⠹ Build in progress...⠸ Build in progress...⠼ Build in progress...⠴ Build in progress...⠦ Build in progress...⠧ Build in progress...⠇ Build in progress...⠏ Build in progress...⠋ Build in progress...⠙ Build in progress...⠹ Build in progress...⠸ Build in progress...⠼ Build in progress...⠴ Build in progress...⠦ Build in progress...⠧ Build in progress...⠇ Build in progress...⠏ Build in progress...⠋ Build in progress...⠙ Build in progress...⠹ Build in progress...⠸ Build in progress...⠼ Build in progress...⠴ Build in progress...⠦ Build in progress...⠧ Build in progress...⠇ Build in progress...⠏ Build in progress...⠋ Build in progress...⠙ Build in progress...⠹ Build in progress...⠸ Build in progress...⠼ Build in progress...⠴ Build in progress...⠦ Build in progress...⠧ Build in progress...⠇ Build in progress...⠏ Build in progress...⠋ Build in progress...⠙ Build in progress...⠹ Build in progress...⠸ Build in progress...⠼ Build in progress...⠴ Build in progress...⠦ Build in progress...⠧ Build in progress...⠇ Build in progress...⠏ Build in progress...⠋ Build in progress...⠙ Build in progress...⠹ Build in progress...⠸ Build in progress...⠼ Build in progress...⠴ Build in progress...⠦ Build in progress...⠧ Build in progress...⠇ Build in progress...⠏ Build in progress...⠋ Build in progress...⠙ Build in progress...⠹ Build in progress...⠸ Build in progress...⠼ Build in progress...⠴ Build in progress...⠦ Build in progress...⠧ Build in progress...⠇ Build in progress...⠏ Build in progress...⠋ Build in progress...⠙ Build in progress...⠹ Build in progress...⠸ Build in progress...⠼ Build in progress...⠴ Build in progress...⠦ Build in progress...⠧ Build in progress...⠇ Build in progress...⠏ Build in progress...⠋ Build in progress...⠙ Build in progress...⠹ Build in progress...⠸ Build in progress...⠼ Build in progress...⠴ Build in progress...⠦ Build in progress...⠧ Build in progress...⠇ Build in progress...⠏ Build in progress...⠋ Build in progress...⠙ Build in progress...⠹ Build in progress...⠸ Build in progress...⠼ Build in progress...⠴ Build in progress...⠦ Build in progress...⠧ Build in progress...⠇ Build in progress...⠏ Build in progress...⠋ Build in progress...⠙ Build in progress...⠹ Build in progress...⠸ Build in progress...⠼ Build in progress...⠴ Build in progress...⠦ Build in progress...⠧ Build in progress...⠇ Build in progress...⠏ Build in progress...⠋ Build in progress...⠙ Build in progress...⠹ Build in progress...⠸ Build in progress...⠼ Build in progress...⠴ Build in progress...⠦ Build in progress...⠧ Build in progress...⠇ Build in progress...⠏ Build in progress...⠋ Build in progress...⠙ Build in progress...⠹ Build in progress...⠸ Build in progress...⠼ Build in progress...⠴ Build in progress...⠦ Build in progress...⠧ Build in progress...⠇ Build in progress...⠏ Build in progress...⠋ Build in progress...⠙ Build in progress...⠹ Build in progress...⠸ Build in progress...⠼ Build in progress...⠴ Build in progress...⠦ Build in progress...⠧ Build in progress...⠇ Build in progress...⠏ Build in progress...⠋ Build in progress...⠙ Build in progress...⠹ Build in progress...⠸ Build in progress...⠼ Build in progress...⠴ Build in progress...⠦ Build in progress...⠧ Build in progress...⠇ Build in progress...⠏ Build in progress...⠋ Build in progress...⠙ Build in progress...⠹ Build in progress...⠸ Build in progress...⠼ Build in progress...⠴ Build in progress...⠦ Build in progress...⠧ Build in progress...⠇ Build in progress...⠏ Build in progress...⠋ Build in progress...⠙ Build in progress...⠹ Build in progress...⠸ Build in progress...⠼ Build in progress...⠴ Build in progress...⠦ Build in progress...⠧ Build in progress...⠇ Build in progress...⠏ Build in progress...⠋ Build in progress...⠙ Build in progress...⠹ Build in progress...⠸ Build in progress...⠼ Build in progress...⠴ Build in progress...⠦ Build in progress...⠧ Build in progress...⠇ Build in progress...⠏ Build in progress...⠋ Build in progress...⠙ Build in progress...⠹ Build in progress...⠸ Build in progress...⠼ Build in progress...⠴ Build in progress...⠦ Build in progress...⠧ Build in progress...⠇ Build in progress...⠏ Build in progress...⠋ Build in progress...⠙ Build in progress...⠹ Build in progress...⠸ Build in progress...⠼ Build in progress...⠴ Build in progress...⠦ Build in progress...⠧ Build in progress...⠇ Build in progress...⠏ Build in progress...⠋ Build in progress...⠙ Build in progress...⠹ Build in progress...⠸ Build in progress...⠼ Build in progress...⠴ Build in progress...⠦ Build in progress...⠧ Build in progress...⠇ Build in progress...⠏ Build in progress...⠋ Build in progress...⠙ Build in progress...⠹ Build in progress...⠸ Build in progress...⠼ Build in progress...⠴ Build in progress...⠦ Build in progress...⠧ Build in progress...⠇ Build in progress...⠏ Build in progress...⠋ Build in progress...⠙ Build in progress...⠹ Build in progress...⠸ Build in progress...⠼ Build in progress...⠴ Build in progress...⠦ Build in progress...⠧ Build in progress...⠇ Build in progress...⠏ Build in progress...⠋ Build in progress...⠙ Build in progress...⠹ Build in progress...⠸ Build in progress...⠼ Build in progress...⠴ Build in progress...⠦ Build in progress...⠧ Build in progress...⠇ Build in progress...⠏ Build in progress...⠋ Build in progress...⠙ Build in progress...⠹ Build in progress...⠸ Build in progress...⠼ Build in progress...⠴ Build in progress...⠦ Build in progress...⠧ Build in progress...⠇ Build in progress...⠏ Build in progress...⠋ Build in progress...⠙ Build in progress...⠹ Build in progress...⠸ Build in progress...⠼ Build in progress...⠴ Build in progress...⠦ Build in progress...⠧ Build in progress...⠇ Build in progress...⠏ Build in progress...⠋ Build in progress...⠙ Build in progress...⠹ Build in progress...⠸ Build in progress...⠼ Build in progress...⠴ Build in progress...⠦ Build in progress...⠧ Build in progress...⠇ Build in progress...⠏ Build in progress...⠋ Build in progress...⠙ Build in progress...⠹ Build in progress...⠸ Build in progress...⠼ Build in progress...⠴ Build in progress...⠦ Build in progress...⠧ Build in progress...⠇ Build in progress...⠏ Build in progress...⠋ Build in progress...⠙ Build in progress...⠹ Build in progress...⠸ Build in progress...⠼ Build in progress...⠴ Build in progress...⠦ Build in progress...⠧ Build in progress...⠇ Build in progress...⠏ Build in progress...⠋ Build in progress...⠙ Build in progress...⠹ Build in progress...⠸ Build in progress...⠼ Build in progress...⠴ Build in progress...⠦ Build in progress...⠧ Build in progress...⠇ Build in progress...⠏ Build in progress...⠋ Build in progress...⠙ Build in progress...⠹ Build in progress...⠸ Build in progress...⠼ Build in progress...⠴ Build in progress...⠦ Build in progress...⠧ Build in progress...⠇ Build in progress...⠏ Build in progress...⠋ Build in progress...⠙ Build in progress...⠹ Build in progress...⠸ Build in progress...⠼ Build in progress...⠴ Build in progress...⠦ Build in progress...⠧ Build in progress...⠇ Build in progress...⠏ Build in progress...⠋ Build in progress...⠙ Build in progress...⠹ Build in progress...⠸ Build in progress...⠼ Build in progress...⠴ Build in progress...⠦ Build in progress...⠧ Build in progress...⠇ Build in progress...⠏ Build in progress...⠋ Build in progress...⠙ Build in progress...⠹ Build in progress...⠸ Build in progress...⠼ Build in progress...⠴ Build in progress...⠦ Build in progress...⠧ Build in progress...⠇ Build in progress...⠏ Build in progress...⠋ Build in progress...⠙ Build in progress...⠹ Build in progress...⠸ Build in progress...⠼ Build in progress...⠴ Build in progress...⠦ Build in progress...⠧ Build in progress...⠇ Build in progress...⠏ Build in progress...⠋ Build in progress...⠙ Build in progress...⠹ Build in progress...⠸ Build in progress...⠼ Build in progress...⠴ Build in progress...⠦ Build in progress...⠧ Build in progress...⠇ Build in progress...⠏ Build in progress...⠋ Build in progress...⠙ Build in progress...⠹ Build in progress...⠸ Build in progress...⠼ Build in progress...⠴ Build in progress...⠦ Build in progress...⠧ Build in progress...⠇ Build in progress...⠏ Build in progress...⠋ Build in progress...⠙ Build in progress...⠹ Build in progress...⠸ Build in progress...⠼ Build in progress...⠴ Build in progress...⠦ Build in progress...⠧ Build in progress...⠇ Build in progress...⠏ Build in progress...⠋ Build in progress...⠙ Build in progress...⠹ Build in progress...⠸ Build in progress...⠼ Build in progress...⠴ Build in progress...⠦ Build in progress...⠧ Build in progress...⠇ Build in progress...⠏ Build in progress...⠋ Build in progress...⠙ Build in progress...⠹ Build in progress...⠸ Build in progress...⠼ Build in progress...⠴ Build in progress...⠦ Build in progress...⠧ Build in progress...⠇ Build in progress...⠏ Build in progress...⠋ Build in progress...⠙ Build in progress...⠹ Build in progress...⠸ Build in progress...⠼ Build in progress...⠴ Build in progress...⠦ Build in progress...⠧ Build in progress...⠇ Build in progress...⠏ Build in progress...⠋ Build in progress...⠙ Build in progress...⠹ Build in progress...⠸ Build in progress...⠼ Build in progress...⠴ Build in progress...⠦ Build in progress...⠧ Build in progress...⠇ Build in progress...⠏ Build in progress...⠋ Build in progress...⠙ Build in progress...⠹ Build in progress...⠸ Build in progress...⠼ Build in progress...⠴ Build in progress...⠦ Build in progress...⠧ Build in progress...⠇ Build in progress...⠏ Build in progress...⠋ Build in progress...⠙ Build in progress...⠹ Build in progress...⠸ Build in progress...⠼ Build in progress...⠴ Build in progress...⠦ Build in progress...⠧ Build in progress...⠇ Build in progress...⠏ Build in progress...⠋ Build in progress...⠙ Build in progress...⠹ Build in progress...⠸ Build in progress...⠼ Build in progress...⠴ Build in progress...⠦ Build in progress...⠧ Build in progress...⠇ Build in progress...⠏ Build in progress...⠋ Build in progress...⠙ Build in progress...⠹ Build in progress...⠸ Build in progress...⠼ Build in progress...⠴ Build in progress...⠦ Build in progress...⠧ Build in progress...⠇ Build in progress...⠏ Build in progress...⠋ Build in progress...⠙ Build in progress...⠹ Build in progress...⠸ Build in progress...⠼ Build in progress...⠴ Build in progress...⠦ Build in progress...⠧ Build in progress...⠇ Build in progress...⠏ Build in progress...⠋ Build in progress...⠙ Build in progress...⠹ Build in progress...⠸ Build in progress...⠼ Build in progress...⠴ Build in progress...⠦ Build in progress...⠧ Build in progress...⠇ Build in progress...⠏ Build in progress...⠋ Build in progress...⠙ Build in progress...⠹ Build in progress...⠸ Build in progress...⠼ Build in progress...⠴ Build in progress...⠦ Build in progress...⠧ Build in progress...⠇ Build in progress...⠏ Build in progress...⠋ Build in progress...⠙ Build in progress...⠹ Build in progress...⠸ Build in progress...⠼ Build in progress...⠴ Build in progress...⠦ Build in progress...⠧ Build in progress...⠇ Build in progress...⠏ Build in progress...⠋ Build in progress...⠙ Build in progress...⠹ Build in progress...⠸ Build in progress...⠼ Build in progress...⠴ Build in progress...⠦ Build in progress...⠧ Build in progress...⠇ Build in progress...⠏ Build in progress...⠋ Build in progress...⠙ Build in progress...⠹ Build in progress...⠸ Build in progress...⠼ Build in progress...⠴ Build in progress...⠦ Build in progress...⠧ Build in progress...⠇ Build in progress...⠏ Build in progress...⠋ Build in progress...⠙ Build in progress...⠹ Build in progress...⠸ Build in progress...⠼ Build in progress...⠴ Build in progress...⠦ Build in progress...⠧ Build in progress...⠇ Build in progress...⠏ Build in progress...⠋ Build in progress...⠙ Build in progress...⠹ Build in progress...⠸ Build in progress...⠼ Build in progress...⠴ Build in progress...⠦ Build in progress...⠧ Build in progress...⠇ Build in progress...⠏ Build in progress...⠋ Build in progress...⠙ Build in progress...⠹ Build in progress...⠸ Build in progress...⠼ Build in progress...⠴ Build in progress...⠦ Build in progress...⠧ Build in progress...⠇ Build in progress...⠏ Build in progress...⠋ Build in progress...⠙ Build in progress...⠹ Build in progress...⠸ Build in progress...⠼ Build in progress...⠴ Build in progress...⠦ Build in progress...⠧ Build in progress...⠇ Build in progress...⠏ Build in progress...⠋ Build in progress...⠙ Build in progress...⠹ Build in progress...⠸ Build in progress...⠼ Build in progress...⠴ Build in progress...⠦ Build in progress...⠧ Build in progress...⠇ Build in progress...⠏ Build in progress...⠋ Build in progress...⠙ Build in progress...⠹ Build in progress...⠸ Build in progress...⠼ Build in progress...⠴ Build in progress...⠦ Build in progress...⠧ Build in progress...⠇ Build in progress...⠏ Build in progress...⠋ Build in progress...⠙ Build in progress...⠹ Build in progress...⠸ Build in progress...⠼ Build in progress...⠴ Build in progress...⠦ Build in progress...⠧ Build in progress...⠇ Build in progress...⠏ Build in progress...⠋ Build in progress...⠙ Build in progress...⠹ Build in progress...⠸ Build in progress...⠼ Build in progress...⠴ Build in progress...⠦ Build in progress...⠧ Build in progress...⠇ Build in progress...⠏ Build in progress...⠋ Build in progress...⠙ Build in progress...⠹ Build in progress...⠸ Build in progress...⠼ Build in progress...⠴ Build in progress...⠦ Build in progress...⠧ Build in progress...⠇ Build in progress...⠏ Build in progress...⠋ Build in progress...⠙ Build in progress...⠹ Build in progress...⠸ Build in progress...⠼ Build in progress...⠴ Build in progress...⠦ Build in progress...⠧ Build in progress...⠇ Build in progress...⠏ Build in progress...⠋ Build in progress...⠙ Build in progress...⠹ Build in progress...⠸ Build in progress...⠼ Build in progress...⠴ Build in progress...⠦ Build in progress...⠧ Build in progress...⠇ Build in progress...⠏ Build in progress...⠋ Build in progress...⠙ Build in progress...⠹ Build in progress...⠸ Build in progress...⠼ Build in progress...⠴ Build in progress...⠦ Build in progress...⠧ Build in progress...⠇ Build in progress...⠏ Build in progress...⠋ Build in progress...⠙ Build in progress...⠹ Build in progress...⠸ Build in progress...⠼ Build in progress...⠴ Build in progress...⠦ Build in progress...⠧ Build in progress...⠇ Build in progress...⠏ Build in progress...⠋ Build in progress...⠙ Build in progress...⠹ Build in progress...⠸ Build in progress...⠼ Build in progress...⠴ Build in progress...⠦ Build in progress...⠧ Build in progress...⠇ Build in progress...⠏ Build in progress...⠋ Build in progress...⠙ Build in progress...⠹ Build in progress...⠸ Build in progress...⠼ Build in progress...⠴ Build in progress...⠦ Build in progress...⠧ Build in progress...⠇ Build in progress...⠏ Build in progress...⠋ Build in progress...⠙ Build in progress...⠹ Build in progress...⠸ Build in progress...⠼ Build in progress...⠴ Build in progress...⠦ Build in progress...⠧ Build in progress...⠇ Build in progress...⠏ Build in progress...⠋ Build in progress...⠙ Build in progress...⠹ Build in progress...⠸ Build in progress...⠼ Build in progress...⠴ Build in progress...⠦ Build in progress...⠧ Build in progress...⠇ Build in progress...⠏ Build in progress...⠋ Build in progress...⠙ Build in progress...⠹ Build in progress...⠸ Build in progress...⠼ Build in progress...⠴ Build in progress...⠦ Build in progress...⠧ Build in progress...⠇ Build in progress...⠏ Build in progress...⠋ Build in progress...⠙ Build in progress...⠹ Build in progress...⠸ Build in progress...⠼ Build in progress...⠴ Build in progress...⠦ Build in progress...⠧ Build in progress...⠇ Build in progress...⠏ Build in progress...⠋ Build in progress...⠙ Build in progress...⠹ Build in progress...⠸ Build in progress...⠼ Build in progress...⠴ Build in progress...⠦ Build in progress...⠧ Build in progress...⠇ Build in progress...⠏ Build in progress...⠋ Build in progress...⠙ Build in progress...⠹ Build in progress...⠸ Build in progress...⠼ Build in progress...⠴ Build in progress...⠦ Build in progress...⠧ Build in progress...⠇ Build in progress...⠏ Build in progress...⠋ Build in progress...⠙ Build in progress...⠹ Build in progress...⠸ Build in progress...⠼ Build in progress...⠴ Build in progress...⠦ Build in progress...⠧ Build in progress...⠇ Build in progress...⠏ Build in progress...⠋ Build in progress...⠙ Build in progress...⠹ Build in progress...⠸ Build in progress...⠼ Build in progress...⠴ Build in progress...⠦ Build in progress...⠧ Build in progress...⠇ Build in progress...⠏ Build in progress...⠋ Build in progress...⠙ Build in progress...⠹ Build in progress...⠸ Build in progress...⠼ Build in progress...⠴ Build in progress...⠦ Build in progress...⠧ Build in progress...⠇ Build in progress...⠏ Build in progress...⠋ Build in progress...⠙ Build in progress...⠹ Build in progress...⠸ Build in progress...⠼ Build in progress...⠴ Build in progress...⠦ Build in progress...⠧ Build in progress...⠇ Build in progress...⠏ Build in progress...⠋ Build in progress...⠙ Build in progress...⠹ Build in progress...⠸ Build in progress...⠼ Build in progress...⠴ Build in progress...⠦ Build in progress...⠧ Build in progress...⠇ Build in progress...⠏ Build in progress...⠋ Build in progress...⠙ Build in progress...⠹ Build in progress...⠸ Build in progress...⠼ Build in progress...⠴ Build in progress...⠦ Build in progress...⠧ Build in progress...⠇ Build in progress...⠏ Build in progress...⠋ Build in progress...⠙ Build in progress...⠹ Build in progress...⠸ Build in progress...⠼ Build in progress...⠴ Build in progress...⠦ Build in progress...⠧ Build in progress...⠇ Build in progress...⠏ Build in progress...⠋ Build in progress...⠙ Build in progress...⠹ Build in progress...⠸ Build in progress...⠼ Build in progress...⠴ Build in progress...⠦ Build in progress...⠧ Build in progress...⠇ Build in progress...⠏ Build in progress...⠋ Build in progress...⠙ Build in progress...⠹ Build in progress...⠸ Build in progress...⠼ Build in progress...⠴ Build in progress...⠦ Build in progress...⠧ Build in progress...⠇ Build in progress...⠏ Build in progress...⠋ Build in progress...⠙ Build in progress...⠹ Build in progress...⠸ Build in progress...⠼ Build in progress...⠴ Build in progress...⠦ Build in progress...⠧ Build in progress...⠇ Build in progress...⠏ Build in progress...⠋ Build in progress...⠙ Build in progress...⠹ Build in progress...⠸ Build in progress...⠼ Build in progress...⠴ Build in progress...⠦ Build in progress...⠧ Build in progress...⠇ Build in progress...⠏ Build in progress...⠋ Build in progress...⠙ Build in progress...⠹ Build in progress...⠸ Build in progress...⠼ Build in progress...⠴ Build in progress...⠦ Build in progress...⠧ Build in progress...⠇ Build in progress...⠏ Build in progress...⠋ Build in progress...⠙ Build in progress...⠹ Build in progress...⠸ Build in progress...⠼ Build in progress...⠴ Build in progress...⠦ Build in progress...⠧ Build in progress...⠇ Build in progress...⠏ Build in progress...⠋ Build in progress...⠙ Build in progress...⠹ Build in progress...⠸ Build in progress...⠼ Build in progress...⠴ Build in progress...⠦ Build in progress...⠧ Build in progress...⠇ Build in progress...⠏ Build in progress...⠋ Build in progress...⠙ Build in progress...⠹ Build in progress...⠸ Build in progress...⠼ Build in progress...⠴ Build in progress...⠦ Build in progress...⠧ Build in progress...⠇ Build in progress...⠏ Build in progress...⠋ Build in progress...⠙ Build in progress...⠹ Build in progress...⠸ Build in progress...⠼ Build in progress...⠴ Build in progress...⠦ Build in progress...⠧ Build in progress...⠇ Build in progress...⠏ Build in progress...⠋ Build in progress...⠙ Build in progress...⠹ Build in progress...⠸ Build in progress...⠼ Build in progress...⠴ Build in progress...⠦ Build in progress...⠧ Build in progress...⠇ Build in progress...⠏ Build in progress...⠋ Build in progress...⠙ Build in progress...⠹ Build in progress...⠸ Build in progress...⠼ Build in progress...⠴ Build in progress...⠦ Build in progress...⠧ Build in progress...⠇ Build in progress...⠏ Build in progress...⠋ Build in progress...⠙ Build in progress...⠹ Build in progress...⠸ Build in progress...⠼ Build in progress...⠴ Build in progress...⠦ Build in progress...⠧ Build in progress...⠇ Build in progress...⠏ Build in progress...⠋ Build in progress...⠙ Build in progress...⠹ Build in progress...⠸ Build in progress...⠼ Build in progress...⠴ Build in progress...⠦ Build in progress...⠧ Build in progress...⠇ Build in progress...⠏ Build in progress...⠋ Build in progress...⠙ Build in progress...⠹ Build in progress...⠸ Build in progress...⠼ Build in progress...⠴ Build in progress...⠦ Build in progress...⠧ Build in progress...⠇ Build in progress...⠏ Build in progress...⠋ Build in progress...⠙ Build in progress...⠹ Build in progress...⠸ Build in progress...⠼ Build in progress...⠴ Build in progress...⠦ Build in progress...⠧ Build in progress...⠇ Build in progress...⠏ Build in progress...⠋ Build in progress...⠙ Build in progress...⠹ Build in progress...⠸ Build in progress...⠼ Build in progress...⠴ Build in progress...⠦ Build in progress...⠧ Build in progress...⠇ Build in progress...⠏ Build in progress...⠋ Build in progress...⠙ Build in progress...⠹ Build in progress...⠸ Build in progress...⠼ Build in progress...⠴ Build in progress...⠦ Build in progress...⠧ Build in progress...⠇ Build in progress...⠏ Build in progress...⠋ Build in progress...⠙ Build in progress...⠹ Build in progress...⠸ Build in progress...⠼ Build in progress...⠴ Build in progress...⠦ Build in progress...⠧ Build in progress...⠇ Build in progress...⠏ Build in progress...⠋ Build in progress...⠙ Build in progress...⠹ Build in progress...⠸ Build in progress...⠼ Build in progress...⠴ Build in progress...⠦ Build in progress...⠧ Build in progress...⠇ Build in progress...⠏ Build in progress...⠋ Build in progress...⠙ Build in progress...⠹ Build in progress...⠸ Build in progress...⠼ Build in progress...⠴ Build in progress...⠦ Build in progress...⠧ Build in progress...⠇ Build in progress...⠏ Build in progress...⠋ Build in progress...⠙ Build in progress...⠹ Build in progress...⠸ Build in progress...⠼ Build in progress...⠴ Build in progress...⠦ Build in progress...⠧ Build in progress...⠇ Build in progress...⠏ Build in progress...⠋ Build in progress...⠙ Build in progress...⠹ Build in progress...⠸ Build in progress...⠼ Build in progress...⠴ Build in progress...⠦ Build in progress...⠧ Build in progress...⠇ Build in progress...⠏ Build in progress...⠋ Build in progress...⠙ Build in progress...⠹ Build in progress...⠸ Build in progress...⠼ Build in progress...⠴ Build in progress...⠦ Build in progress...⠧ Build in progress...⠇ Build in progress...⠏ Build in progress...⠋ Build in progress...⠙ Build in progress...⠹ Build in progress...⠸ Build in progress...⠼ Build in progress...⠴ Build in progress...⠦ Build in progress...⠧ Build in progress...⠇ Build in progress...⠏ Build in progress...⠋ Build in progress...⠙ Build in progress...⠹ Build in progress...⠸ Build in progress...⠼ Build in progress...⠴ Build in progress...⠦ Build in progress...⠧ Build in progress...⠇ Build in progress...⠏ Build in progress...⠋ Build in progress...⠙ Build in progress...⠹ Build in progress...⠸ Build in progress...⠼ Build in progress...⠴ Build in progress...⠦ Build in progress...⠧ Build in progress...⠇ Build in progress...⠏ Build in progress...⠋ Build in progress...⠙ Build in progress...⠹ Build in progress...⠸ Build in progress...⠼ Build in progress...⠴ Build in progress...⠦ Build in progress...⠧ Build in progress...⠇ Build in progress...⠏ Build in progress...⠋ Build in progress...⠙ Build in progress...⠹ Build in progress...⠸ Build in progress...⠼ Build in progress...⠴ Build in progress...⠦ Build in progress...⠧ Build in progress...⠇ Build in progress...⠏ Build in progress...⠋ Build in progress...⠙ Build in progress...⠹ Build in progress...⠸ Build in progress...⠼ Build in progress...⠴ Build in progress...⠦ Build in progress...⠧ Build in progress...⠇ Build in progress...⠏ Build in progress...⠋ Build in progress...⠙ Build in progress...⠹ Build in progress...⠸ Build in progress...⠼ Build in progress...⠴ Build in progress...⠦ Build in progress...⠧ Build in progress...⠇ Build in progress...⠏ Build in progress...⠋ Build in progress...⠙ Build in progress...⠹ Build in progress...⠸ Build in progress...⠼ Build in progress...⠴ Build in progress...⠦ Build in progress...⠧ Build in progress...⠇ Build in progress...⠏ Build in progress...⠋ Build in progress...⠙ Build in progress...⠹ Build in progress...⠸ Build in progress...⠼ Build in progress...⠴ Build in progress...⠦ Build in progress...⠧ Build in progress...⠇ Build in progress...⠏ Build in progress...⠋ Build in progress...⠙ Build in progress...⠹ Build in progress...⠸ Build in progress...⠼ Build in progress...⠴ Build in progress...⠦ Build in progress...⠧ Build in progress...⠇ Build in progress...⠏ Build in progress...⠋ Build in progress...⠙ Build in progress...⠹ Build in progress...⠸ Build in progress...⠼ Build in progress...⠴ Build in progress...⠦ Build in progress...⠧ Build in progress...⠇ Build in progress...⠏ Build in progress...⠋ Build in progress...⠙ Build in progress...⠹ Build in progress...⠸ Build in progress...⠼ Build in progress...⠴ Build in progress...⠦ Build in progress...⠧ Build in progress...⠇ Build in progress...⠏ Build in progress...⠋ Build in progress...⠙ Build in progress...⠹ Build in progress...⠸ Build in progress...⠼ Build in progress...⠴ Build in progress...⠦ Build in progress...⠧ Build in progress...⠇ Build in progress...⠏ Build in progress...⠋ Build in progress...⠙ Build in progress...⠹ Build in progress...⠸ Build in progress...⠼ Build in progress...⠴ Build in progress...⠦ Build in progress...⠧ Build in progress...⠇ Build in progress...⠏ Build in progress...⠋ Build in progress...⠙ Build in progress...⠹ Build in progress...⠸ Build in progress...⠼ Build in progress...⠴ Build in progress...⠦ Build in progress...⠧ Build in progress...⠇ Build in progress...⠏ Build in progress...⠋ Build in progress...⠙ Build in progress...⠹ Build in progress...⠸ Build in progress...⠼ Build in progress...⠴ Build in progress...⠦ Build in progress...⠧ Build in progress...⠇ Build in progress...⠏ Build in progress...⠋ Build in progress...⠙ Build in progress...⠹ Build in progress...⠸ Build in progress...⠼ Build in progress...⠴ Build in progress...⠦ Build in progress...⠧ Build in progress...⠇ Build in progress...⠏ Build in progress...⠋ Build in progress...⠙ Build in progress...⠹ Build in progress...⠸ Build in progress...⠼ Build in progress...⠴ Build in progress...⠦ Build in progress...⠧ Build in progress...⠇ Build in progress...⠏ Build in progress...⠋ Build in progress...⠙ Build in progress...⠹ Build in progress...⠸ Build in progress...⠼ Build in progress...⠴ Build in progress...⠦ Build in progress...⠧ Build in progress...⠇ Build in progress...⠏ Build in progress...⠋ Build in progress...⠙ Build in progress...⠹ Build in progress...⠸ Build in progress...⠼ Build in progress...⠴ Build in progress...⠦ Build in progress...⠧ Build in progress...⠇ Build in progress...⠏ Build in progress...⠋ Build in progress...⠙ Build in progress...⠹ Build in progress...⠸ Build in progress...⠼ Build in progress...⠴ Build in progress...⠦ Build in progress...⠧ Build in progress...⠇ Build in progress...⠏ Build in progress...⠋ Build in progress...⠙ Build in progress...⠹ Build in progress...⠸ Build in progress...⠼ Build in progress...⠴ Build in progress...⠦ Build in progress...⠧ Build in progress...⠇ Build in progress...⠏ Build in progress...⠋ Build in progress...⠙ Build in progress...⠹ Build in progress...⠸ Build in progress...⠼ Build in progress...⠴ Build in progress...⠦ Build in progress...⠧ Build in progress...⠇ Build in progress...⠏ Build in progress...⠋ Build in progress...⠙ Build in progress...⠹ Build in progress...⠸ Build in progress...⠼ Build in progress...⠴ Build in progress...⠦ Build in progress...⠧ Build in progress...⠇ Build in progress...⠏ Build in progress...⠋ Build in progress...⠙ Build in progress...⠹ Build in progress...⠸ Build in progress...⠼ Build in progress...⠴ Build in progress...⠦ Build in progress...⠧ Build in progress...⠇ Build in progress...⠏ Build in progress...⠋ Build in progress...⠙ Build in progress...⠹ Build in progress...⠸ Build in progress...⠼ Build in progress...⠴ Build in progress...⠦ Build in progress...⠧ Build in progress...⠇ Build in progress...⠏ Build in progress...⠋ Build in progress...⠙ Build in progress...⠹ Build in progress...⠸ Build in progress...⠼ Build in progress...⠴ Build in progress...⠦ Build in progress...⠧ Build in progress...⠇ Build in progress...⠏ Build in progress...⠋ Build in progress...⠙ Build in progress...⠹ Build in progress...⠸ Build in progress...⠼ Build in progress...⠴ Build in progress...⠦ Build in progress...⠧ Build in progress...⠇ Build in progress...⠏ Build in progress...⠋ Build in progress...⠙ Build in progress...⠹ Build in progress...⠸ Build in progress...⠼ Build in progress...⠴ Build in progress...⠦ Build in progress...⠧ Build in progress...⠇ Build in progress...⠏ Build in progress...⠋ Build in progress...⠙ Build in progress...⠹ Build in progress...⠸ Build in progress...⠼ Build in progress...⠴ Build in progress...⠦ Build in progress...⠧ Build in progress...⠇ Build in progress...⠏ Build in progress...⠋ Build in progress...⠙ Build in progress...⠹ Build in progress...⠸ Build in progress...⠼ Build in progress...⠴ Build in progress...⠦ Build in progress...⠧ Build in progress...⠇ Build in progress...⠏ Build in progress...⠋ Build in progress...⠙ Build in progress...⠹ Build in progress...⠸ Build in progress...⠼ Build in progress...⠴ Build in progress...⠦ Build in progress...⠧ Build in progress...⠇ Build in progress...⠏ Build in progress...⠋ Build in progress...⠙ Build in progress...⠹ Build in progress...⠸ Build in progress...⠼ Build in progress...⠴ Build in progress...⠦ Build in progress...⠧ Build in progress...⠇ Build in progress...⠏ Build in progress...⠋ Build in progress...⠙ Build in progress...⠹ Build in progress...⠸ Build in progress...⠼ Build in progress...⠴ Build in progress...⠦ Build in progress...⠧ Build in progress...⠇ Build in progress...⠏ Build in progress...⠋ Build in progress...⠙ Build in progress...⠹ Build in progress...⠸ Build in progress...⠼ Build in progress...⠴ Build in progress...⠦ Build in progress...⠧ Build in progress...⠇ Build in progress...⠏ Build in progress...⠋ Build in progress...⠙ Build in progress...⠹ Build in progress...⠸ Build in progress...⠼ Build in progress...⠴ Build in progress...⠦ Build in progress...⠧ Build in progress...⠇ Build in progress...⠏ Build in progress...⠋ Build in progress...⠙ Build in progress...⠹ Build in progress...⠸ Build in progress...⠼ Build in progress...⠴ Build in progress...⠦ Build in progress...⠧ Build in progress...⠇ Build in progress...⠏ Build in progress...⠋ Build in progress...⠙ Build in progress...⠹ Build in progress...⠸ Build in progress...⠼ Build in progress...⠴ Build in progress...⠦ Build in progress...⠧ Build in progress...⠇ Build in progress...⠏ Build in progress...⠋ Build in progress...⠙ Build in progress...⠹ Build in progress...⠸ Build in progress...⠼ Build in progress...⠴ Build in progress...⠦ Build in progress...⠧ Build in progress...⠇ Build in progress...⠏ Build in progress...⠋ Build in progress...⠙ Build in progress...⠹ Build in progress...⠸ Build in progress...⠼ Build in progress...⠴ Build in progress...⠦ Build in progress...⠧ Build in progress...⠇ Build in progress...⠏ Build in progress...⠋ Build in progress...⠙ Build in progress...⠹ Build in progress...⠸ Build in progress...⠼ Build in progress...⠴ Build in progress...⠦ Build in progress...⠧ Build in progress...⠇ Build in progress...⠏ Build in progress...⠋ Build in progress...⠙ Build in progress...⠹ Build in progress...⠸ Build in progress...⠼ Build in progress...⠴ Build in progress...⠦ Build in progress...⠧ Build in progress...⠇ Build in progress...⠏ Build in progress...⠋ Build in progress...⠙ Build in progress...⠹ Build in progress...⠸ Build in progress...⠼ Build in progress...⠴ Build in progress...⠦ Build in progress...⠧ Build in progress...⠇ Build in progress...⠏ Build in progress...⠋ Build in progress...⠙ Build in progress...⠹ Build in progress...⠸ Build in progress...⠼ Build in progress...⠴ Build in progress...⠦ Build in progress...⠧ Build in progress...⠇ Build in progress...⠏ Build in progress...⠋ Build in progress...⠙ Build in progress...⠹ Build in progress...⠸ Build in progress...⠼ Build in progress...⠴ Build in progress...⠦ Build in progress...⠧ Build in progress...⠇ Build in progress...⠏ Build in progress...⠋ Build in progress...⠙ Build in progress...⠹ Build in progress...⠸ Build in progress...⠼ Build in progress...⠴ Build in progress...⠦ Build in progress...⠧ Build in progress...⠇ Build in progress...⠏ Build in progress...⠋ Build in progress...⠙ Build in progress...⠹ Build in progress...⠸ Build in progress...⠼ Build in progress...⠴ Build in progress...⠦ Build in progress...⠧ Build in progress...⠇ Build in progress...⠏ Build in progress...⠋ Build in progress...⠙ Build in progress...⠹ Build in progress...⠸ Build in progress...⠼ Build in progress...⠴ Build in progress...⠦ Build in progress...⠧ Build in progress...⠇ Build in progress...⠏ Build in progress...⠋ Build in progress...⠙ Build in progress...⠹ Build in progress...⠸ Build in progress...⠼ Build in progress...⠴ Build in progress...⠦ Build in progress...⠧ Build in progress...⠇ Build in progress...⠏ Build in progress...⠋ Build in progress...⠙ Build in progress...⠹ Build in progress...⠸ Build in progress...⠼ Build in progress...⠴ Build in progress...⠦ Build in progress...⠧ Build in progress...⠇ Build in progress...⠏ Build in progress...⠋ Build in progress...⠙ Build in progress...⠹ Build in progress...⠸ Build in progress...⠼ Build in progress...⠴ Build in progress...⠦ Build in progress...⠧ Build in progress...⠇ Build in progress...⠏ Build in progress...⠋ Build in progress...⠙ Build in progress...⠹ Build in progress...⠸ Build in progress...⠼ Build in progress...⠴ Build in progress...⠦ Build in progress...⠧ Build in progress...⠇ Build in progress...⠏ Build in progress...⠋ Build in progress...⠙ Build in progress...⠹ Build in progress...⠸ Build in progress...⠼ Build in progress...⠴ Build in progress...⠦ Build in progress...⠧ Build in progress...⠇ Build in progress...⠏ Build in progress...⠋ Build in progress...⠙ Build in progress...⠹ Build in progress...⠸ Build in progress...⠼ Build in progress...⠴ Build in progress...⠦ Build in progress...⠧ Build in progress...⠇ Build in progress...⠏ Build in progress...⠋ Build in progress...⠙ Build in progress...⠹ Build in progress...⠸ Build in progress...⠼ Build in progress...⠴ Build in progress...⠦ Build in progress...⠧ Build in progress...⠇ Build in progress...⠏ Build in progress...⠋ Build in progress...⠙ Build in progress...⠹ Build in progress...⠸ Build in progress...⠼ Build in progress...⠴ Build in progress...⠦ Build in progress...⠧ Build in progress...⠇ Build in progress...⠏ Build in progress...⠋ Build in progress...⠙ Build in progress...⠹ Build in progress...⠸ Build in progress...⠼ Build in progress...⠴ Build in progress...⠦ Build in progress...⠧ Build in progress...⠇ Build in progress...⠏ Build in progress...⠋ Build in progress...⠙ Build in progress...⠹ Build in progress...⠸ Build in progress...⠼ Build in progress...⠴ Build in progress...⠦ Build in progress...⠧ Build in progress...⠇ Build in progress...⠏ Build in progress...⠋ Build in progress...⠙ Build in progress...⠹ Build in progress...⠸ Build in progress...⠼ Build in progress...⠴ Build in progress...⠦ Build in progress...⠧ Build in progress...⠇ Build in progress...⠏ Build in progress...⠋ Build in progress...⠙ Build in progress...⠹ Build in progress...⠸ Build in progress...⠼ Build in progress...⠴ Build in progress...⠦ Build in progress...⠧ Build in progress...⠇ Build in progress...⠏ Build in progress...⠋ Build in progress...⠙ Build in progress...⠹ Build in progress...⠸ Build in progress...⠼ Build in progress...⠴ Build in progress...⠦ Build in progress...⠧ Build in progress...⠇ Build in progress...⠏ Build in progress...⠋ Build in progress...⠙ Build in progress...⠹ Build in progress...⠸ Build in progress...⠼ Build in progress...⠴ Build in progress...⠦ Build in progress...⠧ Build in progress...⠇ Build in progress...⠏ Build in progress...⠋ Build in progress...⠙ Build in progress...⠹ Build in progress...⠸ Build in progress...⠼ Build in progress...⠴ Build in progress...⠦ Build in progress...⠧ Build in progress...⠇ Build in progress...⠏ Build in progress...⠋ Build in progress...⠙ Build in progress...⠹ Build in progress...⠸ Build in progress...⠼ Build in progress...⠴ Build in progress...⠦ Build in progress...⠧ Build in progress...⠇ Build in progress...⠏ Build in progress...⠋ Build in progress...⠙ Build in progress...⠹ Build in progress...⠸ Build in progress...⠼ Build in progress...⠴ Build in progress...⠦ Build in progress...⠧ Build in progress...⠇ Build in progress...⠏ Build in progress...⠋ Build in progress...⠙ Build in progress...⠹ Build in progress...⠸ Build in progress...⠼ Build in progress...⠴ Build in progress...⠦ Build in progress...⠧ Build in progress...⠇ Build in progress...⠏ Build in progress...⠋ Build in progress...⠙ Build in progress...⠹ Build in progress...⠸ Build in progress...⠼ Build in progress...⠴ Build in progress...⠦ Build in progress...⠧ Build in progress...⠇ Build in progress...⠏ Build in progress...⠋ Build in progress...⠙ Build in progress...⠹ Build in progress...⠸ Build in progress...⠼ Build in progress...⠴ Build in progress...⠦ Build in progress...⠧ Build in progress...⠇ Build in progress...⠏ Build in progress...⠋ Build in progress...⠙ Build in progress...⠹ Build in progress...⠸ Build in progress...⠼ Build in progress...⠴ Build in progress...⠦ Build in progress...⠧ Build in progress...⠇ Build in progress...⠏ Build in progress...⠋ Build in progress...⠙ Build in progress...⠹ Build in progress...⠸ Build in progress...⠼ Build in progress...⠴ Build in progress...⠦ Build in progress...⠧ Build in progress...⠇ Build in progress...⠏ Build in progress...⠋ Build in progress...⠙ Build in progress...⠹ Build in progress...⠸ Build in progress...⠼ Build in progress...⠴ Build in progress...⠦ Build in progress...⠧ Build in progress...⠇ Build in progress...⠏ Build in progress...⠋ Build in progress...⠙ Build in progress...⠹ Build in progress...⠸ Build in progress...⠼ Build in progress...⠴ Build in progress...⠦ Build in progress...⠧ Build in progress...⠇ Build in progress...⠏ Build in progress...⠋ Build in progress...⠙ Build in progress...⠹ Build in progress...⠸ Build in progress...⠼ Build in progress...⠴ Build in progress...⠦ Build in progress...⠧ Build in progress...⠇ Build in progress...⠏ Build in progress...⠋ Build in progress...⠙ Build in progress...⠹ Build in progress...⠸ Build in progress...⠼ Build in progress...⠴ Build in progress...⠦ Build in progress...⠧ Build in progress...⠇ Build in progress...⠏ Build in progress...⠋ Build in progress...⠙ Build in progress...⠹ Build in progress...⠸ Build in progress...⠼ Build in progress...⠴ Build in progress...⠦ Build in progress...⠧ Build in progress...⠇ Build in progress...⠏ Build in progress...⠋ Build in progress...⠙ Build in progress...⠹ Build in progress...⠸ Build in progress...⠼ Build in progress...⠴ Build in progress...⠦ Build in progress...⠧ Build in progress...⠇ Build in progress...⠏ Build in progress...⠋ Build in progress...⠙ Build in progress...⠹ Build in progress...⠸ Build in progress...⠼ Build in progress...⠴ Build in progress...⠦ Build in progress...⠧ Build in progress...⠇ Build in progress...⠏ Build in progress...⠋ Build in progress...⠙ Build in progress...⠹ Build in progress...⠸ Build in progress...⠼ Build in progress...⠴ Build in progress...⠦ Build in progress...⠧ Build in progress...⠇ Build in progress...⠏ Build in progress...⠋ Build in progress...⠙ Build in progress...⠹ Build in progress...⠸ Build in progress...⠼ Build in progress...⠴ Build in progress...⠦ Build in progress...⠧ Build in progress...⠇ Build in progress...⠏ Build in progress...⠋ Build in progress...⠙ Build in progress...⠹ Build in progress...⠸ Build in progress...⠼ Build in progress...⠴ Build in progress...⠦ Build in progress...⠧ Build in progress...⠇ Build in progress...⠏ Build in progress...⠋ Build in progress...⠙ Build in progress...⠹ Build in progress...⠸ Build in progress...⠼ Build in progress...⠴ Build in progress...⠦ Build in progress...⠧ Build in progress...⠇ Build in progress...⠏ Build in progress...⠋ Build in progress...⠙ Build in progress...⠹ Build in progress...⠸ Build in progress...⠼ Build in progress...⠴ Build in progress...⠦ Build in progress...⠧ Build in progress...⠇ Build in progress...⠏ Build in progress...⠋ Build in progress...⠙ Build in progress...⠹ Build in progress...⠸ Build in progress...⠼ Build in progress...⠴ Build in progress...⠦ Build in progress...⠧ Build in progress...⠇ Build in progress...⠏ Build in progress...⠋ Build in progress...⠙ Build in progress...⠹ Build in progress...⠸ Build in progress...⠼ Build in progress...⠴ Build in progress...⠦ Build in progress...⠧ Build in progress...⠇ Build in progress...⠏ Build in progress...⠋ Build in progress...⠙ Build in progress...⠹ Build in progress...⠸ Build in progress...⠼ Build in progress...⠴ Build in progress...⠦ Build in progress...⠧ Build in progress...⠇ Build in progress...⠏ Build in progress...⠋ Build in progress...⠙ Build in progress...⠹ Build in progress...⠸ Build in progress...⠼ Build in progress...⠴ Build in progress...⠦ Build in progress...⠧ Build in progress...⠇ Build in progress...⠏ Build in progress...⠋ Build in progress...⠙ Build in progress...⠹ Build in progress...⠸ Build in progress...⠼ Build in progress...⠴ Build in progress...⠦ Build in progress...⠧ Build in progress...⠇ Build in progress...⠏ Build in progress...⠋ Build in progress...⠙ Build in progress...⠹ Build in progress...⠸ Build in progress...⠼ Build in progress...⠴ Build in progress...⠦ Build in progress...⠧ Build in progress...⠇ Build in progress...⠏ Build in progress...⠋ Build in progress...⠙ Build in progress...⠹ Build in progress...⠸ Build in progress...⠼ Build in progress...⠴ Build in progress...⠦ Build in progress...⠧ Build in progress...⠇ Build in progress...⠏ Build in progress...⠋ Build in progress...⠙ Build in progress...⠹ Build in progress...⠸ Build in progress...⠼ Build in progress...⠴ Build in progress...⠦ Build in progress...⠧ Build in progress...⠇ Build in progress...⠏ Build in progress...⠋ Build in progress...⠙ Build in progress...⠹ Build in progress...⠸ Build in progress...⠼ Build in progress...⠴ Build in progress...⠦ Build in progress...⠧ Build in progress...⠇ Build in progress...⠏ Build in progress...⠋ Build in progress...⠙ Build in progress...⠹ Build in progress...⠸ Build in progress...⠼ Build in progress...⠴ Build in progress...⠦ Build in progress...⠧ Build in progress...⠇ Build in progress...⠏ Build in progress...⠋ Build in progress...⠙ Build in progress...⠹ Build in progress...⠸ Build in progress...⠼ Build in progress...⠴ Build in progress...⠦ Build in progress...⠧ Build in progress...⠇ Build in progress...⠏ Build in progress...⠋ Build in progress...⠙ Build in progress...⠹ Build in progress...⠸ Build in progress...⠼ Build in progress...⠴ Build in progress...⠦ Build in progress...⠧ Build in progress...⠇ Build in progress...⠏ Build in progress...⠋ Build in progress...⠙ Build in progress...⠹ Build in progress...⠸ Build in progress...⠼ Build in progress...⠴ Build in progress...⠦ Build in progress...⠧ Build in progress...⠇ Build in progress...⠏ Build in progress...⠋ Build in progress...⠙ Build in progress...⠹ Build in progress...⠸ Build in progress...⠼ Build in progress...⠴ Build in progress...⠦ Build in progress...⠧ Build in progress...⠇ Build in progress...⠏ Build in progress...⠋ Build in progress...⠙ Build in progress...⠹ Build in progress...⠸ Build in progress...⠼ Build in progress...⠴ Build in progress...⠦ Build in progress...⠧ Build in progress...⠇ Build in progress...⠏ Build in progress...⠋ Build in progress...⠙ Build in progress...⠹ Build in progress...⠸ Build in progress...⠼ Build in progress...⠴ Build in progress...⠦ Build in progress...⠧ Build in progress...⠇ Build in progress...⠏ Build in progress...⠋ Build in progress...⠙ Build in progress...⠹ Build in progress...⠸ Build in progress...⠼ Build in progress...⠴ Build in progress...⠦ Build in progress...⠧ Build in progress...⠇ Build in progress...⠏ Build in progress...⠋ Build in progress...⠙ Build in progress...⠹ Build in progress...⠸ Build in progress...⠼ Build in progress...⠴ Build in progress...⠦ Build in progress...⠧ Build in progress...⠇ Build in progress...⠏ Build in progress...⠋ Build in progress...⠙ Build in progress...⠹ Build in progress...⠸ Build in progress...⠼ Build in progress...⠴ Build in progress...⠦ Build in progress...⠧ Build in progress...⠇ Build in progress...⠏ Build in progress...⠋ Build in progress...⠙ Build in progress...⠹ Build in progress...⠸ Build in progress...⠼ Build in progress...⠴ Build in progress...⠦ Build in progress...⠧ Build in progress...⠇ Build in progress...⠏ Build in progress...⠋ Build in progress...⠙ Build in progress...⠹ Build in progress...⠸ Build in progress...⠼ Build in progress...⠴ Build in progress...⠦ Build in progress...⠧ Build in progress...⠇ Build in progress...⠏ Build in progress...⠋ Build in progress...⠙ Build in progress...⠹ Build in progress...⠸ Build in progress...⠼ Build in progress...⠴ Build in progress...⠦ Build in progress...⠧ Build in progress...⠇ Build in progress...⠏ Build in progress...⠋ Build in progress...⠙ Build in progress...⠹ Build in progress...⠸ Build in progress...⠼ Build in progress...⠴ Build in progress...⠦ Build in progress...⠧ Build in progress...⠇ Build in progress...⠏ Build in progress...⠋ Build in progress...⠙ Build in progress...⠹ Build in progress...⠸ Build in progress...⠼ Build in progress...⠴ Build in progress...⠦ Build in progress...⠧ Build in progress...⠇ Build in progress...⠏ Build in progress...⠋ Build in progress...⠙ Build in progress...⠹ Build in progress...⠸ Build in progress...⠼ Build in progress...⠴ Build in progress...⠦ Build in progress...⠧ Build in progress...⠇ Build in progress...⠏ Build in progress...⠋ Build in progress...⠙ Build in progress...⠹ Build in progress...⠸ Build in progress...⠼ Build in progress...⠴ Build in progress...⠦ Build in progress...⠧ Build in progress...⠇ Build in progress...⠏ Build in progress...⠋ Build in progress...⠙ Build in progress...⠹ Build in progress...⠸ Build in progress...⠼ Build in progress...⠴ Build in progress...⠦ Build in progress...⠧ Build in progress...⠇ Build in progress...⠏ Build in progress...⠋ Build in progress...⠙ Build in progress...⠹ Build in progress...⠸ Build in progress...⠼ Build in progress...⠴ Build in progress...⠦ Build in progress...⠧ Build in progress...⠇ Build in progress...⠏ Build in progress...⠋ Build in progress...⠙ Build in progress...⠹ Build in progress...⠸ Build in progress...⠼ Build in progress...⠴ Build in progress...⠦ Build in progress...⠧ Build in progress...⠇ Build in progress...⠏ Build in progress...⠋ Build in progress...⠙ Build in progress...⠹ Build in progress...⠸ Build in progress...⠼ Build in progress...⠴ Build in progress...⠦ Build in progress...⠧ Build in progress...⠇ Build in progress...⠏ Build in progress...⠋ Build in progress...⠙ Build in progress...⠹ Build in progress...⠸ Build in progress...⠼ Build in progress...⠴ Build in progress...⠦ Build in progress...⠧ Build in progress...⠇ Build in progress...⠏ Build in progress...⠋ Build in progress...⠙ Build in progress...⠹ Build in progress...⠸ Build in progress...⠼ Build in progress...⠴ Build in progress...⠦ Build in progress...⠧ Build in progress...⠇ Build in progress...⠏ Build in progress...⠋ Build in progress...⠙ Build in progress...⠹ Build in progress...⠸ Build in progress...⠼ Build in progress...⠴ Build in progress...⠦ Build in progress...⠧ Build in progress...⠇ Build in progress...⠏ Build in progress...⠋ Build in progress...⠙ Build in progress...⠹ Build in progress...⠸ Build in progress...⠼ Build in progress...⠴ Build in progress...⠦ Build in progress...⠧ Build in progress...⠇ Build in progress...⠏ Build in progress...⠋ Build in progress...⠙ Build in progress...⠹ Build in progress...⠸ Build in progress...⠼ Build in progress...⠴ Build in progress...⠦ Build in progress...⠧ Build in progress...⠇ Build in progress...⠏ Build in progress...⠋ Build in progress...⠙ Build in progress...⠹ Build in progress...⠸ Build in progress...⠼ Build in progress...⠴ Build in progress...⠦ Build in progress...⠧ Build in progress...⠇ Build in progress...⠏ Build in progress...⠋ Build in progress...⠙ Build in progress...⠹ Build in progress...⠸ Build in progress...⠼ Build in progress...⠴ Build in progress...⠦ Build in progress...⠧ Build in progress...⠇ Build in progress...⠏ Build in progress...⠋ Build in progress...⠙ Build in progress...⠹ Build in progress...⠸ Build in progress...⠼ Build in progress...⠴ Build in progress...⠦ Build in progress...⠧ Build in progress...⠇ Build in progress...⠏ Build in progress...⠋ Build in progress...⠙ Build in progress...⠹ Build in progress...⠸ Build in progress...⠼ Build in progress...⠴ Build in progress...⠦ Build in progress...⠧ Build in progress...⠇ Build in progress...⠏ Build in progress...⠋ Build in progress...⠙ Build in progress...⠹ Build in progress...⠸ Build in progress...⠼ Build in progress...⠴ Build in progress...⠦ Build in progress...⠧ Build in progress...⠇ Build in progress...⠏ Build in progress...⠋ Build in progress...⠙ Build in progress...⠹ Build in progress...⠸ Build in progress...⠼ Build in progress...⠴ Build in progress...⠦ Build in progress...⠧ Build in progress...⠇ Build in progress...⠏ Build in progress...⠋ Build in progress...⠙ Build in progress...⠹ Build in progress...⠸ Build in progress...⠼ Build in progress...⠴ Build in progress...⠦ Build in progress...⠧ Build in progress...⠇ Build in progress...⠏ Build in progress...⠋ Build in progress...⠙ Build in progress...⠹ Build in progress...⠸ Build in progress...⠼ Build in progress...⠴ Build in progress...⠦ Build in progress...⠧ Build in progress...⠇ Build in progress...⠏ Build in progress...⠋ Build in progress...⠙ Build in progress...⠹ Build in progress...⠸ Build in progress...⠼ Build in progress...⠴ Build in progress...⠦ Build in progress...⠧ Build in progress...⠇ Build in progress...⠏ Build in progress...⠋ Build in progress...⠙ Build in progress...⠹ Build in progress...⠸ Build in progress...⠼ Build in progress...⠴ Build in progress...⠦ Build in progress...⠧ Build in progress...⠇ Build in progress...⠏ Build in progress...⠋ Build in progress...⠙ Build in progress...⠹ Build in progress...⠸ Build in progress...⠼ Build in progress...⠴ Build in progress...⠦ Build in progress...⠧ Build in progress...⠇ Build in progress...⠏ Build in progress...⠋ Build in progress...⠙ Build in progress...⠹ Build in progress...⠸ Build in progress...⠼ Build in progress...⠴ Build in progress...⠦ Build in progress...⠧ Build in progress...⠇ Build in progress...⠏ Build in progress...⠋ Build in progress...⠙ Build in progress...⠹ Build in progress...⠸ Build in progress...⠼ Build in progress...⠴ Build in progress...⠦ Build in progress...⠧ Build in progress...⠇ Build in progress...⠏ Build in progress...⠋ Build in progress...⠙ Build in progress...⠹ Build in progress...⠸ Build in progress...⠼ Build in progress...⠴ Build in progress...⠦ Build in progress...⠧ Build in progress...⠇ Build in progress...⠏ Build in progress...⠋ Build in progress...⠙ Build in progress...⠹ Build in progress...⠸ Build in progress...⠼ Build in progress...⠴ Build in progress...⠦ Build in progress...⠧ Build in progress...⠇ Build in progress...⠏ Build in progress...⠋ Build in progress...⠙ Build in progress...⠹ Build in progress...⠸ Build in progress...⠼ Build in progress...⠴ Build in progress...⠦ Build in progress...⠧ Build in progress...⠇ Build in progress...⠏ Build in progress...⠋ Build in progress...⠙ Build in progress...⠹ Build in progress...⠸ Build in progress...⠼ Build in progress...⠴ Build in progress...⠦ Build in progress...⠧ Build in progress...⠇ Build in progress...⠏ Build in progress...⠋ Build in progress...⠙ Build in progress...⠹ Build in progress...⠸ Build in progress...⠼ Build in progress...⠴ Build in progress...⠦ Build in progress...⠧ Build in progress...⠇ Build in progress...⠏ Build in progress...⠋ Build in progress...⠙ Build in progress...⠹ Build in progress...⠸ Build in progress...⠼ Build in progress...⠴ Build in progress...⠦ Build in progress...⠧ Build in progress...⠇ Build in progress...⠏ Build in progress...⠋ Build in progress...⠙ Build in progress...⠹ Build in progress...⠸ Build in progress...⠼ Build in progress...⠴ Build in progress...⠦ Build in progress...⠧ Build in progress...⠇ Build in progress...⠏ Build in progress...⠋ Build in progress...⠙ Build in progress...⠹ Build in progress...⠸ Build in progress...⠼ Build in progress...⠴ Build in progress...⠦ Build in progress...⠧ Build in progress...⠇ Build in progress...⠏ Build in progress...⠋ Build in progress...⠙ Build in progress...⠹ Build in progress...⠸ Build in progress...⠼ Build in progress...⠴ Build in progress...⠦ Build in progress...⠧ Build in progress...⠇ Build in progress...⠏ Build in progress...⠋ Build in progress...⠙ Build in progress...⠹ Build in progress...⠸ Build in progress...⠼ Build in progress...⠴ Build in progress...⠦ Build in progress...⠧ Build in progress...⠇ Build in progress...⠏ Build in progress...⠋ Build in progress...⠙ Build in progress...⠹ Build in progress...⠸ Build in progress...⠼ Build in progress...⠴ Build in progress...⠦ Build in progress...⠧ Build in progress...⠇ Build in progress...⠏ Build in progress...⠋ Build in progress...⠙ Build in progress...⠹ Build in progress...⠸ Build in progress...⠼ Build in progress...⠴ Build in progress...⠦ Build in progress...⠧ Build in progress...⠇ Build in progress...⠏ Build in progress...⠋ Build in progress...⠙ Build in progress...⠹ Build in progress...⠸ Build in progress...⠼ Build in progress...⠴ Build in progress...⠦ Build in progress...⠧ Build in progress...⠇ Build in progress...⠏ Build in progress...⠋ Build in progress...⠙ Build in progress...⠹ Build in progress...⠸ Build in progress...⠼ Build in progress...⠴ Build in progress...⠦ Build in progress...⠧ Build in progress...⠇ Build in progress...⠏ Build in progress...⠋ Build in progress...⠙ Build in progress...⠹ Build in progress...⠸ Build in progress...⠼ Build in progress...⠴ Build in progress...⠦ Build in progress...⠧ Build in progress...⠇ Build in progress...⠏ Build in progress...⠋ Build in progress...⠙ Build in progress...⠹ Build in progress...⠸ Build in progress...⠼ Build in progress...⠴ Build in progress...⠦ Build in progress...⠧ Build in progress...⠇ Build in progress...⠏ Build in progress...⠋ Build in progress...⠙ Build in progress...⠹ Build in progress...⠸ Build in progress...⠼ Build in progress...⠴ Build in progress...⠦ Build in progress...⠧ Build in progress...⠇ Build in progress...⠏ Build in progress...⠋ Build in progress...⠙ Build in progress...⠹ Build in progress...⠸ Build in progress...⠼ Build in progress...⠴ Build in progress...⠦ Build in progress...⠧ Build in progress...⠇ Build in progress...⠏ Build in progress...⠋ Build in progress...⠙ Build in progress...⠹ Build in progress...⠸ Build in progress...⠼ Build in progress...⠴ Build in progress...⠦ Build in progress...⠧ Build in progress...⠇ Build in progress...⠏ Build in progress...⠋ Build in progress...⠙ Build in progress...⠹ Build in progress...⠸ Build in progress...⠼ Build in progress...⠴ Build in progress...⠦ Build in progress...⠧ Build in progress...⠇ Build in progress...⠏ Build in progress...⠋ Build in progress...⠙ Build in progress...⠹ Build in progress...⠸ Build in progress...⠼ Build in progress...⠴ Build in progress...⠦ Build in progress...⠧ Build in progress...⠇ Build in progress...⠏ Build in progress...⠋ Build in progress...⠙ Build in progress...⠹ Build in progress...⠸ Build in progress...⠼ Build in progress...⠴ Build in progress...⠦ Build in progress...⠧ Build in progress...⠇ Build in progress...⠏ Build in progress...⠋ Build in progress...⠙ Build in progress...⠹ Build in progress...⠸ Build in progress...⠼ Build in progress...⠴ Build in progress...⠦ Build in progress...⠧ Build in progress...⠇ Build in progress...⠏ Build in progress...⠋ Build in progress...⠙ Build in progress...⠹ Build in progress...⠸ Build in progress...⠼ Build in progress...⠴ Build in progress...⠦ Build in progress...⠧ Build in progress...⠇ Build in progress...⠏ Build in progress...⠋ Build in progress...⠙ Build in progress...⠹ Build in progress...⠸ Build in progress...⠼ Build in progress...⠴ Build in progress...⠦ Build in progress...⠧ Build in progress...⠇ Build in progress...⠏ Build in progress...⠋ Build in progress...⠙ Build in progress...⠹ Build in progress...⠸ Build in progress...⠼ Build in progress...⠴ Build in progress...⠦ Build in progress...⠧ Build in progress...⠇ Build in progress...⠏ Build in progress...⠋ Build in progress...⠙ Build in progress...⠹ Build in progress...⠸ Build in progress...⠼ Build in progress...⠴ Build in progress...⠦ Build in progress...⠧ Build in progress...⠇ Build in progress...⠏ Build in progress...⠋ Build in progress...⠙ Build in progress...⠹ Build in progress...⠸ Build in progress...⠼ Build in progress...⠴ Build in progress...⠦ Build in progress...⠧ Build in progress...⠇ Build in progress...⠏ Build in progress...⠋ Build in progress...⠙ Build in progress...⠹ Build in progress...⠸ Build in progress...⠼ Build in progress...⠴ Build in progress...⠦ Build in progress...⠧ Build in progress...⠇ Build in progress...⠏ Build in progress...⠋ Build in progress...⠙ Build in progress...⠹ Build in progress...⠸ Build in progress...⠼ Build in progress...⠴ Build in progress...⠦ Build in progress...⠧ Build in progress...⠇ Build in progress...⠏ Build in progress...⠋ Build in progress...⠙ Build in progress...⠹ Build in progress...⠸ Build in progress...⠼ Build in progress...⠴ Build in progress...⠦ Build in progress...⠧ Build in progress...⠇ Build in progress...⠏ Build in progress...⠋ Build in progress...⠙ Build in progress...⠹ Build in progress...⠸ Build in progress...⠼ Build in progress...⠴ Build in progress...⠦ Build in progress...⠧ Build in progress...⠇ Build in progress...⠏ Build in progress...⠋ Build in progress...⠙ Build in progress...⠹ Build in progress...⠸ Build in progress...⠼ Build in progress...⠴ Build in progress...⠦ Build in progress...⠧ Build in progress...⠇ Build in progress...⠏ Build in progress...⠋ Build in progress...⠙ Build in progress...⠹ Build in progress...⠸ Build in progress...⠼ Build in progress...⠴ Build in progress...⠦ Build in progress...⠧ Build in progress...⠇ Build in progress...⠏ Build in progress...⠋ Build in progress...⠙ Build in progress...⠹ Build in progress...⠸ Build in progress...⠼ Build in progress...⠴ Build in progress...⠦ Build in progress...⠧ Build in progress...⠇ Build in progress...⠏ Build in progress...⠋ Build in progress...⠙ Build in progress...⠹ Build in progress...⠸ Build in progress...⠼ Build in progress...⠴ Build in progress...⠦ Build in progress...⠧ Build in progress...⠇ Build in progress...⠏ Build in progress...⠋ Build in progress...⠙ Build in progress...⠹ Build in progress...⠸ Build in progress...⠼ Build in progress...⠴ Build in progress...⠦ Build in progress...⠧ Build in progress...⠇ Build in progress...⠏ Build in progress...⠋ Build in progress...⠙ Build in progress...⠹ Build in progress...⠸ Build in progress...⠼ Build in progress...⠴ Build in progress...⠦ Build in progress...⠧ Build in progress...⠇ Build in progress...⠏ Build in progress...⠋ Build in progress...⠙ Build in progress...⠹ Build in progress...⠸ Build in progress...⠼ Build in progress...⠴ Build in progress...⠦ Build in progress...⠧ Build in progress...⠇ Build in progress...⠏ Build in progress...⠋ Build in progress...⠙ Build in progress...⠹ Build in progress...⠸ Build in progress...⠼ Build in progress...⠴ Build in progress...⠦ Build in progress...⠧ Build in progress...⠇ Build in progress...⠏ Build in progress...⠋ Build in progress...⠙ Build in progress...⠹ Build in progress...⠸ Build in progress...⠼ Build in progress...⠴ Build in progress...⠦ Build in progress...⠧ Build in progress...⠇ Build in progress...⠏ Build in progress...⠋ Build in progress...⠙ Build in progress...⠹ Build in progress...⠸ Build in progress...⠼ Build in progress...⠴ Build in progress...⠦ Build in progress...⠧ Build in progress...⠇ Build in progress...⠏ Build in progress...⠋ Build in progress...⠙ Build in progress...⠹ Build in progress...⠸ Build in progress...⠼ Build in progress...⠴ Build in progress...⠦ Build in progress...⠧ Build in progress...⠇ Build in progress...⠏ Build in progress...⠋ Build in progress...⠙ Build in progress...⠹ Build in progress...⠸ Build in progress...⠼ Build in progress...⠴ Build in progress...⠦ Build in progress...⠧ Build in progress...⠇ Build in progress...⠏ Build in progress...⠋ Build in progress...⠙ Build in progress...⠹ Build in progress...⠸ Build in progress...⠼ Build in progress...⠴ Build in progress...⠦ Build in progress...⠧ Build in progress...⠇ Build in progress...⠏ Build in progress...⠋ Build in progress...⠙ Build in progress...⠹ Build in progress...⠸ Build in progress...⠼ Build in progress...⠴ Build in progress...⠦ Build in progress...⠧ Build in progress...⠇ Build in progress...⠏ Build in progress...⠋ Build in progress...⠙ Build in progress...⠹ Build in progress...⠸ Build in progress...⠼ Build in progress...⠴ Build in progress...⠦ Build in progress...⠧ Build in progress...⠇ Build in progress...⠏ Build in progress...⠋ Build in progress...⠙ Build in progress...⠹ Build in progress...⠸ Build in progress...⠼ Build in progress...⠴ Build in progress...⠦ Build in progress...⠧ Build in progress...⠇ Build in progress...⠏ Build in progress...⠋ Build in progress...⠙ Build in progress...⠹ Build in progress...⠸ Build in progress...⠼ Build in progress...⠴ Build in progress...⠦ Build in progress...⠧ Build in progress...⠇ Build in progress...⠏ Build in progress...⠋ Build in progress...⠙ Build in progress...⠹ Build in progress...⠸ Build in progress...⠼ Build in progress...⠴ Build in progress...⠦ Build in progress...⠧ Build in progress...⠇ Build in progress...⠏ Build in progress...⠋ Build in progress...⠙ Build in progress...⠹ Build in progress...⠸ Build in progress...⠼ Build in progress...⠴ Build in progress...⠦ Build in progress...⠧ Build in progress...⠇ Build in progress...⠏ Build in progress...⠋ Build in progress...⠙ Build in progress...⠹ Build in progress...⠸ Build in progress...⠼ Build in progress...⠴ Build in progress...⠦ Build in progress...⠧ Build in progress...⠇ Build in progress...⠏ Build in progress...⠋ Build in progress...⠙ Build in progress...⠹ Build in progress...⠸ Build in progress...⠼ Build in progress...⠴ Build in progress...⠦ Build in progress...⠧ Build in progress...⠇ Build in progress...⠏ Build in progress...⠋ Build in progress...⠙ Build in progress...⠹ Build in progress...⠸ Build in progress...⠼ Build in progress...⠴ Build in progress...⠦ Build in progress...⠧ Build in progress...⠇ Build in progress...⠏ Build in progress...⠋ Build in progress...⠙ Build in progress...⠹ Build in progress...⠸ Build in progress...⠼ Build in progress...⠴ Build in progress...⠦ Build in progress...⠧ Build in progress...⠇ Build in progress...⠏ Build in progress...⠋ Build in progress...⠙ Build in progress...⠹ Build in progress...⠸ Build in progress...⠼ Build in progress...⠴ Build in progress...⠦ Build in progress...⠧ Build in progress...⠇ Build in progress...⠏ Build in progress...⠋ Build in progress...⠙ Build in progress...⠹ Build in progress...⠸ Build in progress...⠼ Build in progress...⠴ Build in progress...⠦ Build in progress...⠧ Build in progress...⠇ Build in progress...⠏ Build in progress...⠋ Build in progress...⠙ Build in progress...⠹ Build in progress...⠸ Build in progress...⠼ Build in progress...⠴ Build in progress...⠦ Build in progress...⠧ Build in progress...⠇ Build in progress...⠏ Build in progress...⠋ Build in progress...⠙ Build in progress...⠹ Build in progress...⠸ Build in progress...⠼ Build in progress...⠴ Build in progress...⠦ Build in progress...⠧ Build in progress...⠇ Build in progress...⠏ Build in progress...⠋ Build in progress...⠙ Build in progress...⠹ Build in progress...⠸ Build in progress...⠼ Build in progress...⠴ Build in progress...⠦ Build in progress...⠧ Build in progress...⠇ Build in progress...⠏ Build in progress...⠋ Build in progress...⠙ Build in progress...⠹ Build in progress...⠸ Build in progress...⠼ Build in progress...⠴ Build in progress...⠦ Build in progress...⠧ Build in progress...⠇ Build in progress...⠏ Build in progress...⠋ Build in progress...⠙ Build in progress...⠹ Build in progress...⠸ Build in progress...⠼ Build in progress...⠴ Build in progress...⠦ Build in progress...⠧ Build in progress...⠇ Build in progress...⠏ Build in progress...⠋ Build in progress...⠙ Build in progress...⠹ Build in progress...⠸ Build in progress...⠼ Build in progress...⠴ Build in progress...⠦ Build in progress...⠧ Build in progress...⠇ Build in progress...⠏ Build in progress...⠋ Build in progress...⠙ Build in progress...⠹ Build in progress...⠸ Build in progress...⠼ Build in progress...⠴ Build in progress...⠦ Build in progress...⠧ Build in progress...⠇ Build in progress...⠏ Build in progress...⠋ Build in progress...⠙ Build in progress...⠹ Build in progress...⠸ Build in progress...⠼ Build in progress...⠴ Build in progress...⠦ Build in progress...⠧ Build in progress...⠇ Build in progress...⠏ Build in progress...⠋ Build in progress...⠙ Build in progress...⠹ Build in progress...⠸ Build in progress...⠼ Build in progress...⠴ Build in progress...⠦ Build in progress...⠧ Build in progress...⠇ Build in progress...⠏ Build in progress...⠋ Build in progress...⠙ Build in progress...⠹ Build in progress...⠸ Build in progress...⠼ Build in progress...⠴ Build in progress...⠦ Build in progress...⠧ Build in progress...⠇ Build in progress...⠏ Build in progress...⠋ Build in progress...⠙ Build in progress...⠹ Build in progress...⠸ Build in progress...⠼ Build in progress...⠴ Build in progress...⠦ Build in progress...⠧ Build in progress...⠇ Build in progress...⠏ Build in progress...⠋ Build in progress...⠙ Build in progress...⠹ Build in progress...⠸ Build in progress...⠼ Build in progress...⠴ Build in progress...⠦ Build in progress...⠧ Build in progress...⠇ Build in progress...⠏ Build in progress...⠋ Build in progress...⠙ Build in progress...⠹ Build in progress...⠸ Build in progress...⠼ Build in progress...⠴ Build in progress...⠦ Build in progress...⠧ Build in progress...⠇ Build in progress...⠏ Build in progress...⠋ Build in progress...⠙ Build in progress...⠹ Build in progress...⠸ Build in progress...⠼ Build in progress...⠴ Build in progress...⠦ Build in progress...⠧ Build in progress...⠇ Build in progress...⠏ Build in progress...⠋ Build in progress...⠙ Build in progress...⠹ Build in progress...⠸ Build in progress...⠼ Build in progress...⠴ Build in progress...⠦ Build in progress...⠧ Build in progress...⠇ Build in progress...⠏ Build in progress...⠋ Build in progress...⠙ Build in progress...⠹ Build in progress...⠸ Build in progress...⠼ Build in progress...⠴ Build in progress...⠦ Build in progress...⠧ Build in progress...⠇ Build in progress...⠏ Build in progress...⠋ Build in progress...⠙ Build in progress...⠹ Build in progress...⠸ Build in progress...⠼ Build in progress...⠴ Build in progress...⠦ Build in progress...⠧ Build in progress...⠇ Build in progress...⠏ Build in progress...⠋ Build in progress...⠙ Build in progress...⠹ Build in progress...⠸ Build in progress...⠼ Build in progress...⠴ Build in progress...⠦ Build in progress...⠧ Build in progress...⠇ Build in progress...⠏ Build in progress...⠋ Build in progress...⠙ Build in progress...⠹ Build in progress...⠸ Build in progress...⠼ Build in progress...⠴ Build in progress...⠦ Build in progress...⠧ Build in progress...⠇ Build in progress...⠏ Build in progress...⠋ Build in progress...⠙ Build in progress...⠹ Build in progress...⠸ Build in progress...⠼ Build in progress...⠴ Build in progress...⠦ Build in progress...⠧ Build in progress...⠇ Build in progress...⠏ Build in progress...⠋ Build in progress...⠙ Build in progress...⠹ Build in progress...⠸ Build in progress...⠼ Build in progress...⠴ Build in progress...⠦ Build in progress...⠧ Build in progress...⠇ Build in progress...⠏ Build in progress...⠋ Build in progress...⠙ Build in progress...⠹ Build in progress...⠸ Build in progress...⠼ Build in progress...⠴ Build in progress...⠦ Build in progress...⠧ Build in progress...⠇ Build in progress...⠏ Build in progress...⠋ Build in progress...⠙ Build in progress...⠹ Build in progress...⠸ Build in progress...⠼ Build in progress...⠴ Build in progress...⠦ Build in progress...⠧ Build in progress...⠇ Build in progress...⠏ Build in progress...⠋ Build in progress...⠙ Build in progress...⠹ Build in progress...⠸ Build in progress...⠼ Build in progress...⠴ Build in progress...⠦ Build in progress...⠧ Build in progress...⠇ Build in progress...⠏ Build in progress...⠋ Build in progress...⠙ Build in progress...⠹ Build in progress...⠸ Build in progress...⠼ Build in progress...⠴ Build in progress...⠦ Build in progress...⠧ Build in progress...⠇ Build in progress...⠏ Build in progress...⠋ Build in progress...⠙ Build in progress...⠹ Build in progress...⠸ Build in progress...⠼ Build in progress...⠴ Build in progress...⠦ Build in progress...⠧ Build in progress...⠇ Build in progress...⠏ Build in progress...⠋ Build in progress...⠙ Build in progress...⠹ Build in progress...⠸ Build in progress...⠼ Build in progress...⠴ Build in progress...⠦ Build in progress...⠧ Build in progress...⠇ Build in progress...⠏ Build in progress...⠋ Build in progress...⠙ Build in progress...⠹ Build in progress...⠸ Build in progress...⠼ Build in progress...⠴ Build in progress...⠦ Build in progress...⠧ Build in progress...⠇ Build in progress...⠏ Build in progress...⠋ Build in progress...⠙ Build in progress...⠹ Build in progress...⠸ Build in progress...⠼ Build in progress...⠴ Build in progress...⠦ Build in progress...⠧ Build in progress...⠇ Build in progress...⠏ Build in progress...⠋ Build in progress...⠙ Build in progress...⠹ Build in progress...⠸ Build in progress...⠼ Build in progress...⠴ Build in progress...⠦ Build in progress...⠧ Build in progress...⠇ Build in progress...⠏ Build in progress...⠋ Build in progress...⠙ Build in progress...⠹ Build in progress...⠸ Build in progress...⠼ Build in progress...⠴ Build in progress...⠦ Build in progress...⠧ Build in progress...⠇ Build in progress...⠏ Build in progress...⠋ Build in progress...⠙ Build in progress...⠹ Build in progress...⠸ Build in progress...⠼ Build in progress...⠴ Build in progress...⠦ Build in progress...⠧ Build in progress...⠇ Build in progress...⠏ Build in progress...⠋ Build in progress...⠙ Build in progress...⠹ Build in progress...⠸ Build in progress...⠼ Build in progress...⠴ Build in progress...⠦ Build in progress...⠧ Build in progress...⠇ Build in progress...⠏ Build in progress...⠋ Build in progress...⠙ Build in progress...⠹ Build in progress...⠸ Build in progress...⠼ Build in progress...⠴ Build in progress...⠦ Build in progress...⠧ Build in progress...⠇ Build in progress...⠏ Build in progress...⠋ Build in progress...⠙ Build in progress...⠹ Build in progress...⠸ Build in progress...⠼ Build in progress...⠴ Build in progress...⠦ Build in progress...⠧ Build in progress...⠇ Build in progress...⠏ Build in progress...⠋ Build in progress...⠙ Build in progress...⠹ Build in progress...⠸ Build in progress...⠼ Build in progress...⠴ Build in progress...⠦ Build in progress...⠧ Build in progress...⠇ Build in progress...⠏ Build in progress...⠋ Build in progress...⠙ Build in progress...⠹ Build in progress...⠸ Build in progress...⠼ Build in progress...⠴ Build in progress...⠦ Build in progress...⠧ Build in progress...⠇ Build in progress...⠏ Build in progress...⠋ Build in progress...⠙ Build in progress...⠹ Build in progress...⠸ Build in progress...⠼ Build in progress...⠴ Build in progress...⠦ Build in progress...⠧ Build in progress...⠇ Build in progress...⠏ Build in progress...⠋ Build in progress...⠙ Build in progress...⠹ Build in progress...⠸ Build in progress...⠼ Build in progress...⠴ Build in progress...⠦ Build in progress...⠧ Build in progress...⠇ Build in progress...⠏ Build in progress...⠋ Build in progress...⠙ Build in progress...⠹ Build in progress...⠸ Build in progress...⠼ Build in progress...⠴ Build in progress...⠦ Build in progress...⠧ Build in progress...⠇ Build in progress...⠏ Build in progress...⠋ Build in progress...⠙ Build in progress...⠹ Build in progress...⠸ Build in progress...⠼ Build in progress...⠴ Build in progress...⠦ Build in progress...⠧ Build in progress...⠇ Build in progress...⠏ Build in progress...⠋ Build in progress...⠙ Build in progress...⠹ Build in progress...⠸ Build in progress...⠼ Build in progress...⠴ Build in progress...⠦ Build in progress...⠧ Build in progress...⠇ Build in progress...⠏ Build in progress...⠋ Build in progress...⠙ Build in progress...⠹ Build in progress...⠸ Build in progress...⠼ Build in progress...⠴ Build in progress...⠦ Build in progress...⠧ Build in progress...⠇ Build in progress...⠏ Build in progress...⠋ Build in progress...⠙ Build in progress...⠹ Build in progress...⠸ Build in progress...⠼ Build in progress...⠴ Build in progress...⠦ Build in progress...⠧ Build in progress...⠇ Build in progress...⠏ Build in progress...⠋ Build in progress...⠙ Build in progress...⠹ Build in progress...⠸ Build in progress...⠼ Build in progress...⠴ Build in progress...⠦ Build in progress...⠧ Build in progress...⠇ Build in progress...⠏ Build in progress...⠋ Build in progress...⠙ Build in progress...⠹ Build in progress...⠸ Build in progress...⠼ Build in progress...⠴ Build in progress...⠦ Build in progress...⠧ Build in progress...⠇ Build in progress...⠏ Build in progress...⠋ Build in progress...⠙ Build in progress...⠹ Build in progress...⠸ Build in progress...⠼ Build in progress...⠴ Build in progress...⠦ Build in progress...⠧ Build in progress...⠇ Build in progress...⠏ Build in progress...⠋ Build in progress...⠙ Build in progress...⠹ Build in progress...⠸ Build in progress...⠼ Build in progress...⠴ Build in progress...⠦ Build in progress...⠧ Build in progress...⠇ Build in progress...⠏ Build in progress...⠋ Build in progress...⠙ Build in progress...⠹ Build in progress...⠸ Build in progress...⠼ Build in progress...⠴ Build in progress...⠦ Build in progress...⠧ Build in progress...⠇ Build in progress...⠏ Build in progress...⠋ Build in progress...⠙ Build in progress...⠹ Build in progress...⠸ Build in progress...⠼ Build in progress...⠴ Build in progress...⠦ Build in progress...⠧ Build in progress...⠇ Build in progress...⠏ Build in progress...⠋ Build in progress...⠙ Build in progress...⠹ Build in progress...⠸ Build in progress...⠼ Build in progress...⠴ Build in progress...⠦ Build in progress...⠧ Build in progress...⠇ Build in progress...⠏ Build in progress...⠋ Build in progress...⠙ Build in progress...⠹ Build in progress...⠸ Build in progress...⠼ Build in progress...⠴ Build in progress...⠦ Build in progress...⠧ Build in progress...⠇ Build in progress...⠏ Build in progress...⠋ Build in progress...⠙ Build in progress...⠹ Build in progress...⠸ Build in progress...⠼ Build in progress...⠴ Build in progress...⠦ Build in progress...⠧ Build in progress...⠇ Build in progress...⠏ Build in progress...⠋ Build in progress...⠙ Build in progress...⠹ Build in progress...⠸ Build in progress...⠼ Build in progress...⠴ Build in progress...⠦ Build in progress...⠧ Build in progress...⠇ Build in progress...⠏ Build in progress...⠋ Build in progress...⠙ Build in progress...⠹ Build in progress...⠸ Build in progress...⠼ Build in progress...⠴ Build in progress...⠦ Build in progress...⠧ Build in progress...⠇ Build in progress...⠏ Build in progress...⠋ Build in progress...⠙ Build in progress...⠹ Build in progress...⠸ Build in progress...⠼ Build in progress...⠴ Build in progress...⠦ Build in progress...⠧ Build in progress...⠇ Build in progress...⠏ Build in progress...⠋ Build in progress...⠙ Build in progress...⠹ Build in progress...⠸ Build in progress...⠼ Build in progress...⠴ Build in progress...⠦ Build in progress...⠧ Build in progress...⠇ Build in progress...⠏ Build in progress...⠋ Build in progress...⠙ Build in progress...⠹ Build in progress...⠸ Build in progress...⠼ Build in progress...⠴ Build in progress...⠦ Build in progress...⠧ Build in progress...⠇ Build in progress...⠏ Build in progress...⠋ Build in progress...⠙ Build in progress...⠹ Build in progress...⠸ Build in progress...⠼ Build in progress...⠴ Build in progress...⠦ Build in progress...⠧ Build in progress...⠇ Build in progress...⠏ Build in progress...⠋ Build in progress...⠙ Build in progress...⠹ Build in progress...⠸ Build in progress...⠼ Build in progress...⠴ Build in progress...⠦ Build in progress...⠧ Build in progress...⠇ Build in progress...⠏ Build in progress...⠋ Build in progress...⠙ Build in progress...⠹ Build in progress...⠸ Build in progress...⠼ Build in progress...⠴ Build in progress...⠦ Build in progress...⠧ Build in progress...⠇ Build in progress...⠏ Build in progress...⠋ Build in progress...⠙ Build in progress...⠹ Build in progress...⠸ Build in progress...⠼ Build in progress...⠴ Build in progress...⠦ Build in progress...⠧ Build in progress...⠇ Build in progress...⠏ Build in progress...⠋ Build in progress...⠙ Build in progress...⠹ Build in progress...⠸ Build in progress...⠼ Build in progress...⠴ Build in progress...⠦ Build in progress...⠧ Build in progress...⠇ Build in progress...⠏ Build in progress...⠋ Build in progress...⠙ Build in progress...⠹ Build in progress...⠸ Build in progress...⠼ Build in progress...⠴ Build in progress...⠦ Build in progress...⠧ Build in progress...⠇ Build in progress...⠏ Build in progress...⠋ Build in progress...⠙ Build in progress...⠹ Build in progress...⠸ Build in progress...⠼ Build in progress...⠴ Build in progress...⠦ Build in progress...⠧ Build in progress...⠇ Build in progress...⠏ Build in progress...⠋ Build in progress...⠙ Build in progress...⠹ Build in progress...⠸ Build in progress...⠼ Build in progress...⠴ Build in progress...⠦ Build in progress...⠧ Build in progress...⠇ Build in progress...⠏ Build in progress...⠋ Build in progress...⠙ Build in progress...⠹ Build in progress...⠸ Build in progress...⠼ Build in progress...⠴ Build in progress...⠦ Build in progress...⠧ Build in progress...⠇ Build in progress...⠏ Build in progress...⠋ Build in progress...⠙ Build in progress...⠹ Build in progress...⠸ Build in progress...⠼ Build in progress...⠴ Build in progress...⠦ Build in progress...⠧ Build in progress...⠇ Build in progress...⠏ Build in progress...⠋ Build in progress...⠙ Build in progress...⠹ Build in progress...⠸ Build in progress...⠼ Build in progress...⠴ Build in progress...⠦ Build in progress...⠧ Build in progress...⠇ Build in progress...⠏ Build in progress...⠋ Build in progress...⠙ Build in progress...⠹ Build in progress...⠸ Build in progress...⠼ Build in progress...⠴ Build in progress...⠦ Build in progress...⠧ Build in progress...⠇ Build in progress...⠏ Build in progress...⠋ Build in progress...⠙ Build in progress...⠹ Build in progress...⠸ Build in progress...⠼ Build in progress...⠴ Build in progress...⠦ Build in progress...⠧ Build in progress...⠇ Build in progress...⠏ Build in progress...⠋ Build in progress...⠙ Build in progress...⠹ Build in progress...⠸ Build in progress...⠼ Build in progress...⠴ Build in progress...⠦ Build in progress...⠧ Build in progress...⠇ Build in progress...⠏ Build in progress...⠋ Build in progress...⠙ Build in progress...⠹ Build in progress...⠸ Build in progress...⠼ Build in progress...⠴ Build in progress...⠦ Build in progress...⠧ Build in progress...⠇ Build in progress...⠏ Build in progress...⠋ Build in progress...⠙ Build in progress...⠹ Build in progress...⠸ Build in progress...⠼ Build in progress...⠴ Build in progress...⠦ Build in progress...⠧ Build in progress...⠇ Build in progress...⠏ Build in progress...⠋ Build in progress...⠙ Build in progress...⠹ Build in progress...⠸ Build in progress...⠼ Build in progress...⠴ Build in progress...⠦ Build in progress...⠧ Build in progress...⠇ Build in progress...⠏ Build in progress...⠋ Build in progress...⠙ Build in progress...⠹ Build in progress...⠸ Build in progress...⠼ Build in progress...⠴ Build in progress...⠦ Build in progress...⠧ Build in progress...⠇ Build in progress...⠏ Build in progress...⠋ Build in progress...⠙ Build in progress...⠹ Build in progress...⠸ Build in progress...⠼ Build in progress...⠴ Build in progress...⠦ Build in progress...⠧ Build in progress...⠇ Build in progress...⠏ Build in progress...⠋ Build in progress...⠙ Build in progress...⠹ Build in progress...⠸ Build in progress...⠼ Build in progress...⠴ Build in progress...⠦ Build in progress...⠧ Build in progress...⠇ Build in progress...⠏ Build in progress...⠋ Build in progress...⠙ Build in progress...⠹ Build in progress...⠸ Build in progress...⠼ Build in progress...⠴ Build in progress...⠦ Build in progress...⠧ Build in progress...⠇ Build in progress...⠏ Build in progress...⠋ Build in progress...⠙ Build in progress...⠹ Build in progress...⠸ Build in progress...⠼ Build in progress...⠴ Build in progress...⠦ Build in progress...⠧ Build in progress...⠇ Build in progress...⠏ Build in progress...⠋ Build in progress...⠙ Build in progress...⠹ Build in progress...⠸ Build in progress...⠼ Build in progress...⠴ Build in progress...⠦ Build in progress...⠧ Build in progress...⠇ Build in progress...⠏ Build in progress...⠋ Build in progress...⠙ Build in progress...⠹ Build in progress...⠸ Build in progress...⠼ Build in progress...⠴ Build in progress...⠦ Build in progress...⠧ Build in progress...⠇ Build in progress...⠏ Build in progress...⠋ Build in progress...⠙ Build in progress...⠹ Build in progress...⠸ Build in progress...⠼ Build in progress...⠴ Build in progress...⠦ Build in progress...⠧ Build in progress...⠇ Build in progress...⠏ Build in progress...⠋ Build in progress...⠙ Build in progress...⠹ Build in progress...⠸ Build in progress...⠼ Build in progress...⠴ Build in progress...⠦ Build in progress...⠧ Build in progress...⠇ Build in progress...⠏ Build in progress...⠋ Build in progress...⠙ Build in progress...⠹ Build in progress...⠸ Build in progress...⠼ Build in progress...⠴ Build in progress...⠦ Build in progress...⠧ Build in progress...⠇ Build in progress...⠏ Build in progress...⠋ Build in progress...⠙ Build in progress...⠹ Build in progress...⠸ Build in progress...⠼ Build in progress...⠴ Build in progress...⠦ Build in progress...⠧ Build in progress...⠇ Build in progress...⠏ Build in progress...⠋ Build in progress...⠙ Build in progress...⠹ Build in progress...⠸ Build in progress...⠼ Build in progress...⠴ Build in progress...⠦ Build in progress...⠧ Build in progress...⠇ Build in progress...⠏ Build in progress...⠋ Build in progress...⠙ Build in progress...⠹ Build in progress...⠸ Build in progress...⠼ Build in progress...⠴ Build in progress...⠦ Build in progress...⠧ Build in progress...⠇ Build in progress...⠏ Build in progress...⠋ Build in progress...⠙ Build in progress...⠹ Build in progress...⠸ Build in progress...⠼ Build in progress...⠴ Build in progress...⠦ Build in progress...⠧ Build in progress...⠇ Build in progress...⠏ Build in progress...⠋ Build in progress...⠙ Build in progress...⠹ Build in progress...⠸ Build in progress...⠼ Build in progress...⠴ Build in progress...⠦ Build in progress...⠧ Build in progress...⠇ Build in progress...⠏ Build in progress...⠋ Build in progress...⠙ Build in progress...⠹ Build in progress...⠸ Build in progress...⠼ Build in progress...⠴ Build in progress...⠦ Build in progress...⠧ Build in progress...⠇ Build in progress...⠏ Build in progress...⠋ Build in progress...⠙ Build in progress...⠹ Build in progress...⠸ Build in progress...⠼ Build in progress...⠴ Build in progress...⠦ Build in progress...⠧ Build in progress...⠇ Build in progress...⠏ Build in progress...⠋ Build in progress...⠙ Build in progress...⠹ Build in progress...⠸ Build in progress...⠼ Build in progress...⠴ Build in progress...⠦ Build in progress...⠧ Build in progress...⠇ Build in progress...⠏ Build in progress...⠋ Build in progress...⠙ Build in progress...⠹ Build in progress...⠸ Build in progress...⠼ Build in progress...⠴ Build in progress...⠦ Build in progress...⠧ Build in progress...⠇ Build in progress...⠏ Build in progress...⠋ Build in progress...⠙ Build in progress...⠹ Build in progress...⠸ Build in progress...⠼ Build in progress...⠴ Build in progress...⠦ Build in progress...⠧ Build in progress...⠇ Build in progress...⠏ Build in progress...⠋ Build in progress...⠙ Build in progress...⠹ Build in progress...⠸ Build in progress...⠼ Build in progress...⠴ Build in progress...⠦ Build in progress...⠧ Build in progress...⠇ Build in progress...⠏ Build in progress...⠋ Build in progress...⠙ Build in progress...⠹ Build in progress...⠸ Build in progress...⠼ Build in progress...⠴ Build in progress...⠦ Build in progress...⠧ Build in progress...⠇ Build in progress...⠏ Build in progress...⠋ Build in progress...⠙ Build in progress...⠹ Build in progress...⠸ Build in progress...⠼ Build in progress...⠴ Build in progress...⠦ Build in progress...⠧ Build in progress...⠇ Build in progress...⠏ Build in progress...⠋ Build in progress...⠙ Build in progress...⠹ Build in progress...⠸ Build in progress...⠼ Build in progress...⠴ Build in progress...⠦ Build in progress...⠧ Build in progress...⠇ Build in progress...⠏ Build in progress...⠋ Build in progress...⠙ Build in progress...⠹ Build in progress...⠸ Build in progress...⠼ Build in progress...⠴ Build in progress...⠦ Build in progress...⠧ Build in progress...⠇ Build in progress...⠏ Build in progress...⠋ Build in progress...⠙ Build in progress...⠹ Build in progress...⠸ Build in progress...⠼ Build in progress...⠴ Build in progress...⠦ Build in progress...⠧ Build in progress...⠇ Build in progress...⠏ Build in progress...⠋ Build in progress...⠙ Build in progress...⠹ Build in progress...⠸ Build in progress...⠼ Build in progress...⠴ Build in progress...⠦ Build in progress...⠧ Build in progress...⠇ Build in progress...⠏ Build in progress...⠋ Build in progress...⠙ Build in progress...⠹ Build in progress...⠸ Build in progress...⠼ Build in progress...⠴ Build in progress...⠦ Build in progress...⠧ Build in progress...⠇ Build in progress...⠏ Build in progress...⠋ Build in progress...⠙ Build in progress...⠹ Build in progress...⠸ Build in progress...⠼ Build in progress...⠴ Build in progress...⠦ Build in progress...⠧ Build in progress...⠇ Build in progress...⠏ Build in progress...⠋ Build in progress...⠙ Build in progress...⠹ Build in progress...⠸ Build in progress...⠼ Build in progress...⠴ Build in progress...⠦ Build in progress...⠧ Build in progress...⠇ Build in progress...⠏ Build in progress...⠋ Build in progress...⠙ Build in progress...⠹ Build in progress...⠸ Build in progress...⠼ Build in progress...⠴ Build in progress...⠦ Build in progress...⠧ Build in progress...⠇ Build in progress...⠏ Build in progress...⠋ Build in progress...⠙ Build in progress...⠹ Build in progress...⠸ Build in progress...⠼ Build in progress...⠴ Build in progress...⠦ Build in progress...⠧ Build in progress...⠇ Build in progress...⠏ Build in progress...⠋ Build in progress...⠙ Build in progress...⠹ Build in progress...⠸ Build in progress...⠼ Build in progress...⠴ Build in progress...⠦ Build in progress...⠧ Build in progress...⠇ Build in progress...⠏ Build in progress...⠋ Build in progress...⠙ Build in progress...⠹ Build in progress...⠸ Build in progress...⠼ Build in progress...⠴ Build in progress...⠦ Build in progress...⠧ Build in progress...⠇ Build in progress...⠏ Build in progress...⠋ Build in progress...⠙ Build in progress...⠹ Build in progress...⠸ Build in progress...⠼ Build in progress...⠴ Build in progress...⠦ Build in progress...⠧ Build in progress...⠇ Build in progress...⠏ Build in progress...⠋ Build in progress...⠙ Build in progress...⠹ Build in progress...⠸ Build in progress...⠼ Build in progress...⠴ Build in progress...⠦ Build in progress...⠧ Build in progress...⠇ Build in progress...⠏ Build in progress...⠋ Build in progress...⠙ Build in progress...⠹ Build in progress...⠸ Build in progress...⠼ Build in progress...⠴ Build in progress...⠦ Build in progress...⠧ Build in progress...⠇ Build in progress...⠏ Build in progress...⠋ Build in progress...⠙ Build in progress...⠹ Build in progress...⠸ Build in progress...⠼ Build in progress...⠴ Build in progress...⠦ Build in progress...⠧ Build in progress...⠇ Build in progress...⠏ Build in progress...⠋ Build in progress...⠙ Build in progress...⠹ Build in progress...⠸ Build in progress...⠼ Build in progress...⠴ Build in progress...⠦ Build in progress...⠧ Build in progress...⠇ Build in progress...⠏ Build in progress...⠋ Build in progress...⠙ Build in progress...⠹ Build in progress...⠸ Build in progress...⠼ Build in progress...⠴ Build in progress...⠦ Build in progress...⠧ Build in progress...⠇ Build in progress...⠏ Build in progress...⠋ Build in progress...⠙ Build in progress...⠹ Build in progress...⠸ Build in progress...⠼ Build in progress...⠴ Build in progress...⠦ Build in progress...⠧ Build in progress...⠇ Build in progress...⠏ Build in progress...⠋ Build in progress...⠙ Build in progress...⠹ Build in progress...⠸ Build in progress...⠼ Build in progress...⠴ Build in progress...⠦ Build in progress...⠧ Build in progress...⠇ Build in progress...⠏ Build in progress...⠋ Build in progress...⠙ Build in progress...⠹ Build in progress...⠸ Build in progress...⠼ Build in progress...⠴ Build in progress...⠦ Build in progress...⠧ Build in progress...⠇ Build in progress...⠏ Build in progress...⠋ Build in progress...⠙ Build in progress...⠹ Build in progress...⠸ Build in progress...⠼ Build in progress...⠴ Build in progress...⠦ Build in progress...⠧ Build in progress...⠇ Build in progress...⠏ Build in progress...⠋ Build in progress...⠙ Build in progress...⠹ Build in progress...⠸ Build in progress...⠼ Build in progress...⠴ Build in progress...⠦ Build in progress...⠧ Build in progress...⠇ Build in progress...⠏ Build in progress...⠋ Build in progress...⠙ Build in progress...⠹ Build in progress...⠸ Build in progress...⠼ Build in progress...⠴ Build in progress...⠦ Build in progress...⠧ Build in progress...⠇ Build in progress...⠏ Build in progress...⠋ Build in progress...⠙ Build in progress...⠹ Build in progress...⠸ Build in progress...⠼ Build in progress...⠴ Build in progress...⠦ Build in progress...⠧ Build in progress...⠇ Build in progress...⠏ Build in progress...⠋ Build in progress...⠙ Build in progress...⠹ Build in progress...⠸ Build in progress...⠼ Build in progress...⠴ Build in progress...⠦ Build in progress...⠧ Build in progress...⠇ Build in progress...⠏ Build in progress...⠋ Build in progress...⠙ Build in progress...⠹ Build in progress...⠸ Build in progress...⠼ Build in progress...⠴ Build in progress...⠦ Build in progress...⠧ Build in progress...⠇ Build in progress...⠏ Build in progress...⠋ Build in progress...⠙ Build in progress...⠹ Build in progress...⠸ Build in progress...⠼ Build in progress...⠴ Build in progress...⠦ Build in progress...⠧ Build in progress...⠇ Build in progress...⠏ Build in progress...⠋ Build in progress...⠙ Build in progress...⠹ Build in progress...⠸ Build in progress...⠼ Build in progress...⠴ Build in progress...⠦ Build in progress...⠧ Build in progress...⠇ Build in progress...⠏ Build in progress...⠋ Build in progress...⠙ Build in progress...⠹ Build in progress...⠸ Build in progress...⠼ Build in progress...⠴ Build in progress...⠦ Build in progress...⠧ Build in progress...⠇ Build in progress...⠏ Build in progress...⠋ Build in progress...⠙ Build in progress...⠹ Build in progress...⠸ Build in progress...⠼ Build in progress...⠴ Build in progress...⠦ Build in progress...⠧ Build in progress...⠇ Build in progress...⠏ Build in progress...⠋ Build in progress...⠙ Build in progress...⠹ Build in progress...⠸ Build in progress...⠼ Build in progress...⠴ Build in progress...⠦ Build in progress...⠧ Build in progress...⠇ Build in progress...⠏ Build in progress...⠋ Build in progress...⠙ Build in progress...⠹ Build in progress...⠸ Build in progress...⠼ Build in progress...⠴ Build in progress...⠦ Build in progress...⠧ Build in progress...⠇ Build in progress...⠏ Build in progress...⠋ Build in progress...⠙ Build in progress...⠹ Build in progress...⠸ Build in progress...⠼ Build in progress...⠴ Build in progress...⠦ Build in progress...⠧ Build in progress...⠇ Build in progress...⠏ Build in progress...⠋ Build in progress...⠙ Build in progress...⠹ Build in progress...⠸ Build in progress...⠼ Build in progress...⠴ Build in progress...⠦ Build in progress...⠧ Build in progress...⠇ Build in progress...⠏ Build in progress...⠋ Build in progress...⠙ Build in progress...⠹ Build in progress...⠸ Build in progress...⠼ Build in progress...⠴ Build in progress...⠦ Build in progress...⠧ Build in progress...⠇ Build in progress...⠏ Build in progress...⠋ Build in progress...⠙ Build in progress...⠹ Build in progress...⠸ Build in progress...⠼ Build in progress...⠴ Build in progress...⠦ Build in progress...⠧ Build in progress...⠇ Build in progress...⠏ Build in progress...⠋ Build in progress...⠙ Build in progress...⠹ Build in progress...⠸ Build in progress...⠼ Build in progress...⠴ Build in progress...⠦ Build in progress...⠧ Build in progress...⠇ Build in progress...⠏ Build in progress...⠋ Build in progress...⠙ Build in progress...⠹ Build in progress...⠸ Build in progress...⠼ Build in progress...⠴ Build in progress...⠦ Build in progress...⠧ Build in progress...⠇ Build in progress...⠏ Build in progress...⠋ Build in progress...⠙ Build in progress...⠹ Build in progress...⠸ Build in progress...⠼ Build in progress...⠴ Build in progress...⠦ Build in progress...⠧ Build in progress...⠇ Build in progress...⠏ Build in progress...⠋ Build in progress...⠙ Build in progress...⠹ Build in progress...⠸ Build in progress...⠼ Build in progress...⠴ Build in progress...⠦ Build in progress...⠧ Build in progress...⠇ Build in progress...⠏ Build in progress...⠋ Build in progress...⠙ Build in progress...⠹ Build in progress...⠸ Build in progress...⠼ Build in progress...⠴ Build in progress...⠦ Build in progress...⠧ Build in progress...⠇ Build in progress...⠏ Build in progress...⠋ Build in progress...⠙ Build in progress...⠹ Build in progress...⠸ Build in progress...⠼ Build in progress...⠴ Build in progress...⠦ Build in progress...⠧ Build in progress...⠇ Build in progress...⠏ Build in progress...⠋ Build in progress...⠙ Build in progress...⠹ Build in progress...⠸ Build in progress...⠼ Build in progress...⠴ Build in progress...⠦ Build in progress...⠧ Build in progress...⠇ Build in progress...⠏ Build in progress...⠋ Build in progress...⠙ Build in progress...⠹ Build in progress...⠸ Build in progress...⠼ Build in progress...⠴ Build in progress...⠦ Build in progress...⠧ Build in progress...⠇ Build in progress...⠏ Build in progress...⠋ Build in progress...⠙ Build in progress...⠹ Build in progress...⠸ Build in progress...⠼ Build in progress...⠴ Build in progress...⠦ Build in progress...⠧ Build in progress...⠇ Build in progress...⠏ Build in progress...⠋ Build in progress...⠙ Build in progress...⠹ Build in progress...⠸ Build in progress...⠼ Build in progress...⠴ Build in progress...⠦ Build in progress...⠧ Build in progress...⠇ Build in progress...⠏ Build in progress...⠋ Build in progress...⠙ Build in progress...⠹ Build in progress...⠸ Build in progress...⠼ Build in progress...⠴ Build in progress...⠦ Build in progress...⠧ Build in progress...⠇ Build in progress...⠏ Build in progress...⠋ Build in progress...⠙ Build in progress...⠹ Build in progress...⠸ Build in progress...⠼ Build in progress...⠴ Build in progress...⠦ Build in progress...⠧ Build in progress...⠇ Build in progress...⠏ Build in progress...⠋ Build in progress...⠙ Build in progress...⠹ Build in progress...⠸ Build in progress...⠼ Build in progress...⠴ Build in progress...⠦ Build in progress...⠧ Build in progress...⠇ Build in progress...⠏ Build in progress...⠋ Build in progress...⠙ Build in progress...⠹ Build in progress...⠸ Build in progress...⠼ Build in progress...⠴ Build in progress...⠦ Build in progress...⠧ Build in progress...⠇ Build in progress...⠏ Build in progress...⠋ Build in progress...⠙ Build in progress...⠹ Build in progress...⠸ Build in progress...⠼ Build in progress...⠴ Build in progress...⠦ Build in progress...⠧ Build in progress...⠇ Build in progress...⠏ Build in progress...⠋ Build in progress...⠙ Build in progress...⠹ Build in progress...⠸ Build in progress...⠼ Build in progress...⠴ Build in progress...⠦ Build in progress...⠧ Build in progress...⠇ Build in progress...⠏ Build in progress...⠋ Build in progress...⠙ Build in progress...⠹ Build in progress...⠸ Build in progress...⠼ Build in progress...⠴ Build in progress...⠦ Build in progress...⠧ Build in progress...⠇ Build in progress...⠏ Build in progress...⠋ Build in progress...⠙ Build in progress...⠹ Build in progress...⠸ Build in progress...⠼ Build in progress...⠴ Build in progress...⠦ Build in progress...⠧ Build in progress...⠇ Build in progress...⠏ Build in progress...⠋ Build in progress...⠙ Build in progress...⠹ Build in progress...⠸ Build in progress...⠼ Build in progress...⠴ Build in progress...⠦ Build in progress...⠧ Build in progress...⠇ Build in progress...⠏ Build in progress...⠋ Build in progress...⠙ Build in progress...⠹ Build in progress...⠸ Build in progress...⠼ Build in progress...⠴ Build in progress...⠦ Build in progress...⠧ Build in progress...⠇ Build in progress...⠏ Build in progress...⠋ Build in progress...⠙ Build in progress...⠹ Build in progress...⠸ Build in progress...⠼ Build in progress...⠴ Build in progress...⠦ Build in progress...⠧ Build in progress...⠇ Build in progress...⠏ Build in progress...⠋ Build in progress...⠙ Build in progress...⠹ Build in progress...⠸ Build in progress...⠼ Build in progress...⠴ Build in progress...⠦ Build in progress...⠧ Build in progress...⠇ Build in progress...⠏ Build in progress...⠋ Build in progress...⠙ Build in progress...⠹ Build in progress...⠸ Build in progress...⠼ Build in progress...⠴ Build in progress...⠦ Build in progress...⠧ Build in progress...⠇ Build in progress...⠏ Build in progress...⠋ Build in progress...⠙ Build in progress...⠹ Build in progress...⠸ Build in progress...⠼ Build in progress...⠴ Build in progress...⠦ Build in progress...⠧ Build in progress...⠇ Build in progress...⠏ Build in progress...⠋ Build in progress...⠙ Build in progress...⠹ Build in progress...⠸ Build in progress...⠼ Build in progress...⠴ Build in progress...⠦ Build in progress...⠧ Build in progress...⠇ Build in progress...⠏ Build in progress...⠋ Build in progress...⠙ Build in progress...⠹ Build in progress...⠸ Build in progress...⠼ Build in progress...⠴ Build in progress...⠦ Build in progress...⠧ Build in progress...⠇ Build in progress...⠏ Build in progress...⠋ Build in progress...⠙ Build in progress...⠹ Build in progress...⠸ Build in progress...⠼ Build in progress...⠴ Build in progress...⠦ Build in progress...⠧ Build in progress...⠇ Build in progress...⠏ Build in progress...⠋ Build in progress...⠙ Build in progress...⠹ Build in progress...⠸ Build in progress...⠼ Build in progress...⠴ Build in progress...⠦ Build in progress...⠧ Build in progress...⠇ Build in progress...⠏ Build in progress...⠋ Build in progress...⠙ Build in progress...⠹ Build in progress...⠸ Build in progress...⠼ Build in progress...⠴ Build in progress...⠦ Build in progress...⠧ Build in progress...⠇ Build in progress...⠏ Build in progress...⠋ Build in progress...⠙ Build in progress...⠹ Build in progress...⠸ Build in progress...⠼ Build in progress...⠴ Build in progress...⠦ Build in progress...⠧ Build in progress...⠇ Build in progress...⠏ Build in progress...⠋ Build in progress...⠙ Build in progress...⠹ Build in progress...⠸ Build in progress...⠼ Build in progress...⠴ Build in progress...⠦ Build in progress...⠧ Build in progress...⠇ Build in progress...⠏ Build in progress...⠋ Build in progress...⠙ Build in progress...⠹ Build in progress...⠸ Build in progress...⠼ Build in progress...⠴ Build in progress...⠦ Build in progress...⠧ Build in progress...⠇ Build in progress...⠏ Build in progress...⠋ Build in progress...⠙ Build in progress...⠹ Build in progress...⠸ Build in progress...⠼ Build in progress...⠴ Build in progress...⠦ Build in progress...⠧ Build in progress...⠇ Build in progress...⠏ Build in progress...⠋ Build in progress...⠙ Build in progress...⠹ Build in progress...⠸ Build in progress...⠼ Build in progress...⠴ Build in progress...⠦ Build in progress...⠧ Build in progress...⠇ Build in progress...⠏ Build in progress...⠋ Build in progress...⠙ Build in progress...⠹ Build in progress...⠸ Build in progress...⠼ Build in progress...⠴ Build in progress...⠦ Build in progress...⠧ Build in progress...⠇ Build in progress...⠏ Build in progress...⠋ Build in progress...⠙ Build in progress...⠹ Build in progress...⠸ Build in progress...⠼ Build in progress...⠴ Build in progress...⠦ Build in progress...⠧ Build in progress...⠇ Build in progress...⠏ Build in progress...⠋ Build in progress...⠙ Build in progress...⠹ Build in progress...⠸ Build in progress...⠼ Build in progress...⠴ Build in progress...⠦ Build in progress...⠧ Build in progress...⠇ Build in progress...⠏ Build in progress...⠋ Build in progress...⠙ Build in progress...⠹ Build in progress...⠸ Build in progress...⠼ Build in progress...⠴ Build in progress...⠦ Build in progress...⠧ Build in progress...⠇ Build in progress...⠏ Build in progress...⠋ Build in progress...⠙ Build in progress...⠹ Build in progress...⠸ Build in progress...⠼ Build in progress...⠴ Build in progress...⠦ Build in progress...⠧ Build in progress...⠇ Build in progress...⠏ Build in progress...⠋ Build in progress...⠙ Build in progress...⠹ Build in progress...⠸ Build in progress...⠼ Build in progress...⠴ Build in progress...⠦ Build in progress...⠧ Build in progress...⠇ Build in progress...⠏ Build in progress...⠋ Build in progress...⠙ Build in progress...⠹ Build in progress...⠸ Build in progress...⠼ Build in progress...⠴ Build in progress...⠦ Build in progress...⠧ Build in progress...⠇ Build in progress...⠏ Build in progress...⠋ Build in progress...⠙ Build in progress...⠹ Build in progress...⠸ Build in progress...⠼ Build in progress...⠴ Build in progress...⠦ Build in progress...⠧ Build in progress...⠇ Build in progress...⠏ Build in progress...⠋ Build in progress...⠙ Build in progress...⠹ Build in progress...⠸ Build in progress...⠼ Build in progress...⠴ Build in progress...⠦ Build in progress...⠧ Build in progress...⠇ Build in progress...⠏ Build in progress...⠋ Build in progress...⠙ Build in progress...⠹ Build in progress...⠸ Build in progress...⠼ Build in progress...⠴ Build in progress...⠦ Build in progress...⠧ Build in progress...⠇ Build in progress...⠏ Build in progress...⠋ Build in progress...⠙ Build in progress...⠹ Build in progress...⠸ Build in progress...⠼ Build in progress...⠴ Build in progress...⠦ Build in progress...⠧ Build in progress...⠇ Build in progress...⠏ Build in progress...⠋ Build in progress...⠙ Build in progress...⠹ Build in progress...⠸ Build in progress...⠼ Build in progress...⠴ Build in progress...⠦ Build in progress...⠧ Build in progress...⠇ Build in progress...⠏ Build in progress...⠋ Build in progress...⠙ Build in progress...⠹ Build in progress...⠸ Build in progress...⠼ Build in progress...⠴ Build in progress...⠦ Build in progress...⠧ Build in progress...⠇ Build in progress...⠏ Build in progress...⠋ Build in progress...⠙ Build in progress...⠹ Build in progress...⠸ Build in progress...⠼ Build in progress...⠴ Build in progress...⠦ Build in progress...⠧ Build in progress...⠇ Build in progress...⠏ Build in progress...⠋ Build in progress...⠙ Build in progress...⠹ Build in progress...⠸ Build in progress...⠼ Build in progress...⠴ Build in progress...⠦ Build in progress...⠧ Build in progress...⠇ Build in progress...⠏ Build in progress...⠋ Build in progress...⠙ Build in progress...⠹ Build in progress...⠸ Build in progress...⠼ Build in progress...⠴ Build in progress...⠦ Build in progress...⠧ Build in progress...⠇ Build in progress...⠏ Build in progress...⠋ Build in progress...⠙ Build in progress...⠹ Build in progress...⠸ Build in progress...⠼ Build in progress...⠴ Build in progress...⠦ Build in progress...⠧ Build in progress...⠇ Build in progress...⠏ Build in progress...⠋ Build in progress...⠙ Build in progress...⠹ Build in progress...⠸ Build in progress...⠼ Build in progress...⠴ Build in progress...⠦ Build in progress...⠧ Build in progress...⠇ Build in progress...⠏ Build in progress...⠋ Build in progress...⠙ Build in progress...⠹ Build in progress...⠸ Build in progress...⠼ Build in progress...⠴ Build in progress...⠦ Build in progress...⠧ Build in progress...⠇ Build in progress...⠏ Build in progress...⠋ Build in progress...⠙ Build in progress...⠹ Build in progress...⠸ Build in progress...⠼ Build in progress...⠴ Build in progress...⠦ Build in progress...⠧ Build in progress...⠇ Build in progress...⠏ Build in progress...⠋ Build in progress...⠙ Build in progress...⠹ Build in progress...⠸ Build in progress...⠼ Build in progress...⠴ Build in progress...⠦ Build in progress...⠧ Build in progress...⠇ Build in progress...⠏ Build in progress...⠋ Build in progress...⠙ Build in progress...⠹ Build in progress...⠸ Build in progress...⠼ Build in progress...⠴ Build in progress...⠦ Build in progress...⠧ Build in progress...⠇ Build in progress...⠏ Build in progress...⠋ Build in progress...⠙ Build in progress...⠹ Build in progress...⠸ Build in progress...⠼ Build in progress...⠴ Build in progress...⠦ Build in progress...⠧ Build in progress...⠇ Build in progress...⠏ Build in progress...⠋ Build in progress...⠙ Build in progress...⠹ Build in progress...⠸ Build in progress...⠼ Build in progress...⠴ Build in progress...⠦ Build in progress...⠧ Build in progress...⠇ Build in progress...⠏ Build in progress...⠋ Build in progress...⠙ Build in progress...⠹ Build in progress...⠸ Build in progress...⠼ Build in progress...⠴ Build in progress...⠦ Build in progress...⠧ Build in progress...⠇ Build in progress...⠏ Build in progress...⠋ Build in progress...⠙ Build in progress...⠹ Build in progress...⠸ Build in progress...⠼ Build in progress...⠴ Build in progress...⠦ Build in progress...⠧ Build in progress...⠇ Build in progress...⠏ Build in progress...⠋ Build in progress...⠙ Build in progress...⠹ Build in progress...⠸ Build in progress...⠼ Build in progress...⠴ Build in progress...⠦ Build in progress...⠧ Build in progress...⠇ Build in progress...⠏ Build in progress...⠋ Build in progress...⠙ Build in progress...⠹ Build in progress...⠸ Build in progress...⠼ Build in progress...⠴ Build in progress...⠦ Build in progress...⠧ Build in progress...⠇ Build in progress...⠏ Build in progress...⠋ Build in progress...⠙ Build in progress...⠹ Build in progress...⠸ Build in progress...⠼ Build in progress...⠴ Build in progress...⠦ Build in progress...⠧ Build in progress...⠇ Build in progress...⠏ Build in progress...⠋ Build in progress...⠙ Build in progress...⠹ Build in progress...⠸ Build in progress...⠼ Build in progress...⠴ Build in progress...⠦ Build in progress...⠧ Build in progress...⠇ Build in progress...⠏ Build in progress...⠋ Build in progress...⠙ Build in progress...⠹ Build in progress...⠸ Build in progress...⠼ Build in progress...⠴ Build in progress...⠦ Build in progress...⠧ Build in progress...⠇ Build in progress...⠏ Build in progress...⠋ Build in progress...⠙ Build in progress...⠹ Build in progress...⠸ Build in progress...⠼ Build in progress...⠴ Build in progress...⠦ Build in progress...⠧ Build in progress...⠇ Build in progress...⠏ Build in progress...⠋ Build in progress...⠙ Build in progress...⠹ Build in progress...⠸ Build in progress...⠼ Build in progress...⠴ Build in progress...⠦ Build in progress...⠧ Build in progress...⠇ Build in progress...⠏ Build in progress...⠋ Build in progress...⠙ Build in progress...⠹ Build in progress...⠸ Build in progress...⠼ Build in progress...⠴ Build in progress...⠦ Build in progress...⠧ Build in progress...⠇ Build in progress...⠏ Build in progress...⠋ Build in progress...⠙ Build in progress...⠹ Build in progress...⠸ Build in progress...⠼ Build in progress...⠴ Build in progress...⠦ Build in progress...⠧ Build in progress...⠇ Build in progress...⠏ Build in progress...⠋ Build in progress...⠙ Build in progress...⠹ Build in progress...⠸ Build in progress...⠼ Build in progress...⠴ Build in progress...⠦ Build in progress...⠧ Build in progress...⠇ Build in progress...⠏ Build in progress...⠋ Build in progress...⠙ Build in progress...⠹ Build in progress...⠸ Build in progress...⠼ Build in progress...⠴ Build in progress...⠦ Build in progress...⠧ Build in progress...⠇ Build in progress...⠏ Build in progress...⠋ Build in progress...⠙ Build in progress...⠹ Build in progress...⠸ Build in progress...⠼ Build in progress...⠴ Build in progress...⠦ Build in progress...⠧ Build in progress...⠇ Build in progress...⠏ Build in progress...⠋ Build in progress...⠙ Build in progress...⠹ Build in progress...⠸ Build in progress...⠼ Build in progress...⠴ Build in progress...⠦ Build in progress...⠧ Build in progress...⠇ Build in progress...⠏ Build in progress...⠋ Build in progress...⠙ Build in progress...⠹ Build in progress...⠸ Build in progress...⠼ Build in progress...⠴ Build in progress...⠦ Build in progress...⠧ Build in progress...⠇ Build in progress...⠏ Build in progress...⠋ Build in progress...⠙ Build in progress...⠹ Build in progress...⠸ Build in progress...⠼ Build in progress...⠴ Build in progress...⠦ Build in progress...⠧ Build in progress...⠇ Build in progress...⠏ Build in progress...⠋ Build in progress...⠙ Build in progress...⠹ Build in progress...⠸ Build in progress...⠼ Build in progress...⠴ Build in progress...⠦ Build in progress...⠧ Build in progress...⠇ Build in progress...⠏ Build in progress...⠋ Build in progress...⠙ Build in progress...⠹ Build in progress...⠸ Build in progress...⠼ Build in progress...⠴ Build in progress...⠦ Build in progress...⠧ Build in progress...⠇ Build in progress...⠏ Build in progress...⠋ Build in progress...⠙ Build in progress...⠹ Build in progress...⠸ Build in progress...⠼ Build in progress...⠴ Build in progress...⠦ Build in progress...⠧ Build in progress...⠇ Build in progress...⠏ Build in progress...⠋ Build in progress...⠙ Build in progress...⠹ Build in progress...⠸ Build in progress...⠼ Build in progress...⠴ Build in progress...⠦ Build in progress...⠧ Build in progress...⠇ Build in progress...⠏ Build in progress...⠋ Build in progress...⠙ Build in progress...⠹ Build in progress...⠸ Build in progress...⠼ Build in progress...⠴ Build in progress...⠦ Build in progress...⠧ Build in progress...⠇ Build in progress...⠏ Build in progress...⠋ Build in progress...⠙ Build in progress...⠹ Build in progress...⠸ Build in progress...⠼ Build in progress...⠴ Build in progress...⠦ Build in progress...⠧ Build in progress...⠇ Build in progress...⠏ Build in progress...⠋ Build in progress...⠙ Build in progress...⠹ Build in progress...⠸ Build in progress...⠼ Build in progress...⠴ Build in progress...⠦ Build in progress...⠧ Build in progress...⠇ Build in progress...⠏ Build in progress...⠋ Build in progress...⠙ Build in progress...⠹ Build in progress...⠸ Build in progress...⠼ Build in progress...⠴ Build in progress...⠦ Build in progress...⠧ Build in progress...⠇ Build in progress...⠏ Build in progress...⠋ Build in progress...⠙ Build in progress...⠹ Build in progress...⠸ Build in progress...⠼ Build in progress...⠴ Build in progress...⠦ Build in progress...⠧ Build in progress...⠇ Build in progress...⠏ Build in progress...⠋ Build in progress...⠙ Build in progress...⠹ Build in progress...⠸ Build in progress...⠼ Build in progress...⠴ Build in progress...⠦ Build in progress...⠧ Build in progress...⠇ Build in progress...⠏ Build in progress...⠋ Build in progress...⠙ Build in progress...⠹ Build in progress...⠸ Build in progress...⠼ Build in progress...⠴ Build in progress...⠦ Build in progress...⠧ Build in progress...⠇ Build in progress...⠏ Build in progress...⠋ Build in progress...⠙ Build in progress...⠹ Build in progress...⠸ Build in progress...⠼ Build in progress...⠴ Build in progress...⠦ Build in progress...⠧ Build in progress...⠇ Build in progress...⠏ Build in progress...⠋ Build in progress...⠙ Build in progress...⠹ Build in progress...⠸ Build in progress...⠼ Build in progress...⠴ Build in progress...⠦ Build in progress...⠧ Build in progress...⠇ Build in progress...⠏ Build in progress...⠋ Build in progress...⠙ Build in progress...⠹ Build in progress...⠸ Build in progress...⠼ Build in progress...⠴ Build in progress...⠦ Build in progress...⠧ Build in progress...⠇ Build in progress...⠏ Build in progress...⠋ Build in progress...⠙ Build in progress...⠹ Build in progress...⠸ Build in progress...⠼ Build in progress...⠴ Build in progress...⠦ Build in progress...⠧ Build in progress...⠇ Build in progress...⠏ Build in progress...⠋ Build in progress...⠙ Build in progress...⠹ Build in progress...⠸ Build in progress...⠼ Build in progress...⠴ Build in progress...⠦ Build in progress...⠧ Build in progress...⠇ Build in progress...⠏ Build in progress...⠋ Build in progress...⠙ Build in progress...⠹ Build in progress...⠸ Build in progress...⠼ Build in progress...⠴ Build in progress...⠦ Build in progress...⠧ Build in progress...⠇ Build in progress...⠏ Build in progress...⠋ Build in progress...⠙ Build in progress...⠹ Build in progress...⠸ Build in progress...⠼ Build in progress...⠴ Build in progress...⠦ Build in progress...⠧ Build in progress...⠇ Build in progress...⠏ Build in progress...⠋ Build in progress...⠙ Build in progress...⠹ Build in progress...⠸ Build in progress...⠼ Build in progress...⠴ Build in progress...⠦ Build in progress...⠧ Build in progress...⠇ Build in progress...⠏ Build in progress...⠋ Build in progress...⠙ Build in progress...⠹ Build in progress...⠸ Build in progress...⠼ Build in progress...⠴ Build in progress...⠦ Build in progress...⠧ Build in progress...⠇ Build in progress...⠏ Build in progress...⠋ Build in progress...⠙ Build in progress...⠹ Build in progress...⠸ Build in progress...⠼ Build in progress...⠴ Build in progress...⠦ Build in progress...⠧ Build in progress...⠇ Build in progress...⠏ Build in progress...⠋ Build in progress...⠙ Build in progress...⠹ Build in progress...⠸ Build in progress...⠼ Build in progress...⠴ Build in progress...⠦ Build in progress...⠧ Build in progress...⠇ Build in progress...⠏ Build in progress...⠋ Build in progress...⠙ Build in progress...⠹ Build in progress...⠸ Build in progress...⠼ Build in progress...⠴ Build in progress...⠦ Build in progress...⠧ Build in progress...⠇ Build in progress...⠏ Build in progress...⠋ Build in progress...⠙ Build in progress...⠹ Build in progress...⠸ Build in progress...⠼ Build in progress...⠴ Build in progress...⠦ Build in progress...⠧ Build in progress...⠇ Build in progress...⠏ Build in progress...⠋ Build in progress...⠙ Build in progress...⠹ Build in progress...⠸ Build in progress...⠼ Build in progress...⠴ Build in progress...⠦ Build in progress...⠧ Build in progress...⠇ Build in progress...⠏ Build in progress...⠋ Build in progress...⠙ Build in progress...⠹ Build in progress...⠸ Build in progress...⠼ Build in progress...⠴ Build in progress...⠦ Build in progress...⠧ Build in progress...⠇ Build in progress...⠏ Build in progress...⠋ Build in progress...⠙ Build in progress...⠹ Build in progress...⠸ Build in progress...⠼ Build in progress...⠴ Build in progress...⠦ Build in progress...⠧ Build in progress...⠇ Build in progress...⠏ Build in progress...⠋ Build in progress...⠙ Build in progress...⠹ Build in progress...⠸ Build in progress...⠼ Build in progress...⠴ Build in progress...⠦ Build in progress...⠧ Build in progress...⠇ Build in progress...⠏ Build in progress...⠋ Build in progress...⠙ Build in progress...⠹ Build in progress...⠸ Build in progress...⠼ Build in progress...⠴ Build in progress...⠦ Build in progress...⠧ Build in progress...⠇ Build in progress...⠏ Build in progress...⠋ Build in progress...⠙ Build in progress...⠹ Build in progress...⠸ Build in progress...⠼ Build in progress...⠴ Build in progress...⠦ Build in progress...⠧ Build in progress...⠇ Build in progress...⠏ Build in progress...⠋ Build in progress...⠙ Build in progress...⠹ Build in progress...⠸ Build in progress...⠼ Build in progress...⠴ Build in progress...⠦ Build in progress...⠧ Build in progress...⠇ Build in progress...⠏ Build in progress...⠋ Build in progress...⠙ Build in progress...⠹ Build in progress...⠸ Build in progress...⠼ Build in progress...⠴ Build in progress...⠦ Build in progress...⠧ Build in progress...⠇ Build in progress...⠏ Build in progress...⠋ Build in progress...⠙ Build in progress...⠹ Build in progress...⠸ Build in progress...⠼ Build in progress...⠴ Build in progress...⠦ Build in progress...⠧ Build in progress...⠇ Build in progress...⠏ Build in progress...⠋ Build in progress...⠙ Build in progress...⠹ Build in progress...⠸ Build in progress...⠼ Build in progress...⠴ Build in progress...⠦ Build in progress...⠧ Build in progress...⠇ Build in progress...⠏ Build in progress...⠋ Build in progress...⠙ Build in progress...⠹ Build in progress...⠸ Build in progress...⠼ Build in progress...⠴ Build in progress...⠦ Build in progress...⠧ Build in progress...⠇ Build in progress...⠏ Build in progress...⠋ Build in progress...⠙ Build in progress...⠹ Build in progress...⠸ Build in progress...⠼ Build in progress...⠴ Build in progress...⠦ Build in progress...⠧ Build in progress...⠇ Build in progress...⠏ Build in progress...⠋ Build in progress...⠙ Build in progress...⠹ Build in progress...⠸ Build in progress...⠼ Build in progress...⠴ Build in progress...⠦ Build in progress...⠧ Build in progress...⠇ Build in progress...⠏ Build in progress...⠋ Build in progress...⠙ Build in progress...⠹ Build in progress...⠸ Build in progress...⠼ Build in progress...⠴ Build in progress...⠦ Build in progress...⠧ Build in progress...⠇ Build in progress...⠏ Build in progress...⠋ Build in progress...⠙ Build in progress...⠹ Build in progress...⠸ Build in progress...⠼ Build in progress...⠴ Build in progress...⠦ Build in progress...⠧ Build in progress...⠇ Build in progress...⠏ Build in progress...⠋ Build in progress...⠙ Build in progress...⠹ Build in progress...⠸ Build in progress...⠼ Build in progress...⠴ Build in progress...⠦ Build in progress...⠧ Build in progress...⠇ Build in progress...⠏ Build in progress...⠋ Build in progress...⠙ Build in progress...⠹ Build in progress...⠸ Build in progress...⠼ Build in progress...⠴ Build in progress...⠦ Build in progress...⠧ Build in progress...⠇ Build in progress...⠏ Build in progress...⠋ Build in progress...⠙ Build in progress...⠹ Build in progress...⠸ Build in progress...⠼ Build in progress...⠴ Build in progress...⠦ Build in progress...⠧ Build in progress...⠇ Build in progress...⠏ Build in progress...⠋ Build in progress...⠙ Build in progress...⠹ Build in progress...⠸ Build in progress...⠼ Build in progress...⠴ Build in progress...⠦ Build in progress...⠧ Build in progress...⠇ Build in progress...⠏ Build in progress...⠋ Build in progress...⠙ Build in progress...⠹ Build in progress...⠸ Build in progress...⠼ Build in progress...⠴ Build in progress...⠦ Build in progress...⠧ Build in progress...⠇ Build in progress...⠏ Build in progress...⠋ Build in progress...⠙ Build in progress...⠹ Build in progress...⠸ Build in progress...⠼ Build in progress...⠴ Build in progress...⠦ Build in progress...⠧ Build in progress...⠇ Build in progress...⠏ Build in progress...⠋ Build in progress...⠙ Build in progress...⠹ Build in progress...⠸ Build in progress...⠼ Build in progress...⠴ Build in progress...⠦ Build in progress...⠧ Build in progress...⠇ Build in progress...⠏ Build in progress...⠋ Build in progress...⠙ Build in progress...⠹ Build in progress...⠸ Build in progress...⠼ Build in progress...⠴ Build in progress...⠦ Build in progress...⠧ Build in progress...⠇ Build in progress...⠏ Build in progress...⠋ Build in progress...⠙ Build in progress...⠹ Build in progress...⠸ Build in progress...⠼ Build in progress...⠴ Build in progress...⠦ Build in progress...⠧ Build in progress...⠇ Build in progress...⠏ Build in progress...⠋ Build in progress...⠙ Build in progress...⠹ Build in progress...⠸ Build in progress...⠼ Build in progress...⠴ Build in progress...⠦ Build in progress...⠧ Build in progress...⠇ Build in progress...⠏ Build in progress...⠋ Build in progress...⠙ Build in progress...⠹ Build in progress...⠸ Build in progress...⠼ Build in progress...⠴ Build in progress...⠦ Build in progress...⠧ Build in progress...⠇ Build in progress...⠏ Build in progress...⠋ Build in progress...⠙ Build in progress...⠹ Build in progress...⠸ Build in progress...⠼ Build in progress...⠴ Build in progress...⠦ Build in progress...⠧ Build in progress...⠇ Build in progress...⠏ Build in progress...⠋ Build in progress...⠙ Build in progress...⠹ Build in progress...⠸ Build in progress...⠼ Build in progress...⠴ Build in progress...⠦ Build in progress...⠧ Build in progress...⠇ Build in progress...⠏ Build in progress...⠋ Build in progress...⠙ Build in progress...⠹ Build in progress...⠸ Build in progress...⠼ Build in progress...⠴ Build in progress...⠦ Build in progress...⠧ Build in progress...⠇ Build in progress...⠏ Build in progress...⠋ Build in progress...⠙ Build in progress...⠹ Build in progress...⠸ Build in progress...⠼ Build in progress...⠴ Build in progress...⠦ Build in progress...⠧ Build in progress...⠇ Build in progress...⠏ Build in progress...⠋ Build in progress...⠙ Build in progress...⠹ Build in progress...⠸ Build in progress...⠼ Build in progress...⠴ Build in progress...⠦ Build in progress...⠧ Build in progress...⠇ Build in progress...⠏ Build in progress...⠋ Build in progress...⠙ Build in progress...⠹ Build in progress...⠸ Build in progress...⠼ Build in progress...⠴ Build in progress...⠦ Build in progress...⠧ Build in progress...⠇ Build in progress...⠏ Build in progress...⠋ Build in progress...⠙ Build in progress...⠹ Build in progress...⠸ Build in progress...⠼ Build in progress...⠴ Build in progress...⠦ Build in progress...⠧ Build in progress...⠇ Build in progress...⠏ Build in progress...⠋ Build in progress...⠙ Build in progress...⠹ Build in progress...⠸ Build in progress...⠼ Build in progress...⠴ Build in progress...⠦ Build in progress...⠧ Build in progress...⠇ Build in progress...⠏ Build in progress...⠋ Build in progress...⠙ Build in progress...⠹ Build in progress...⠸ Build in progress...⠼ Build in progress...⠴ Build in progress...⠦ Build in progress...⠧ Build in progress...⠇ Build in progress...⠏ Build in progress...⠋ Build in progress...⠙ Build in progress...⠹ Build in progress...⠸ Build in progress...⠼ Build in progress...⠴ Build in progress...⠦ Build in progress...⠧ Build in progress...⠇ Build in progress...⠏ Build in progress...⠋ Build in progress...⠙ Build in progress...⠹ Build in progress...⠸ Build in progress...⠼ Build in progress...⠴ Build in progress...⠦ Build in progress...⠧ Build in progress...⠇ Build in progress...⠏ Build in progress...⠋ Build in progress...⠙ Build in progress...⠹ Build in progress...⠸ Build in progress...⠼ Build in progress...⠴ Build in progress...⠦ Build in progress...⠧ Build in progress...⠇ Build in progress...⠏ Build in progress...⠋ Build in progress...⠙ Build in progress...⠹ Build in progress...⠸ Build in progress...⠼ Build in progress...⠴ Build in progress...⠦ Build in progress...⠧ Build in progress...⠇ Build in progress...⠏ Build in progress...⠋ Build in progress...⠙ Build in progress...⠹ Build in progress...⠸ Build in progress...⠼ Build in progress...⠴ Build in progress...⠦ Build in progress...⠧ Build in progress...⠇ Build in progress...⠏ Build in progress...⠋ Build in progress...⠙ Build in progress...⠹ Build in progress...⠸ Build in progress...⠼ Build in progress...⠴ Build in progress...⠦ Build in progress...⠧ Build in progress...⠇ Build in progress...⠏ Build in progress...⠋ Build in progress...⠙ Build in progress...⠹ Build in progress...⠸ Build in progress...⠼ Build in progress...⠴ Build in progress...⠦ Build in progress...⠧ Build in progress...⠇ Build in progress...⠏ Build in progress...⠋ Build in progress...⠙ Build in progress...⠹ Build in progress...⠸ Build in progress...⠼ Build in progress...⠴ Build in progress...⠦ Build in progress...⠧ Build in progress...⠇ Build in progress...⠏ Build in progress...⠋ Build in progress...⠙ Build in progress...⠹ Build in progress...⠸ Build in progress...⠼ Build in progress...⠴ Build in progress...⠦ Build in progress...⠧ Build in progress...⠇ Build in progress...⠏ Build in progress...⠋ Build in progress...⠙ Build in progress...⠹ Build in progress...⠸ Build in progress...⠼ Build in progress...⠴ Build in progress...⠦ Build in progress...⠧ Build in progress...⠇ Build in progress...⠏ Build in progress...⠋ Build in progress...⠙ Build in progress...⠹ Build in progress...⠸ Build in progress...⠼ Build in progress...⠴ Build in progress...⠦ Build in progress...⠧ Build in progress...⠇ Build in progress...⠏ Build in progress...⠋ Build in progress...⠙ Build in progress...⠹ Build in progress...⠸ Build in progress...⠼ Build in progress...⠴ Build in progress...⠦ Build in progress...⠧ Build in progress...⠇ Build in progress...⠏ Build in progress...⠋ Build in progress...⠙ Build in progress...⠹ Build in progress...⠸ Build in progress...⠼ Build in progress...⠴ Build in progress...⠦ Build in progress...⠧ Build in progress...⠇ Build in progress...⠏ Build in progress...⠋ Build in progress...⠙ Build in progress...⠹ Build in progress...⠸ Build in progress...⠼ Build in progress...⠴ Build in progress...✔ Build finished

  ▄▄▄▄▄▄▄▄▄▄▄▄▄▄▄▄▄▄▄▄▄▄▄▄▄▄▄▄▄▄▄▄▄▄▄▄▄▄▄
  █ ▄▄▄▄▄ █▄▀ ▀ █▄█▀  ▄▀▀█ ▀███▄█ ▄▄▄▄▄ █
  █ █   █ █   █▀ █▀▀▀▄█▄█▀█▄  ▀ █ █   █ █
  █ █▄▄▄█ █▄█▀ ▄█▀▄█ ▀ ▀ ██▄  ▄ █ █▄▄▄█ █
  █▄▄▄▄▄▄▄█▄█ █ █ █▄▀▄▀ █ ▀ █ ▀▄█▄▄▄▄▄▄▄█
  █▄  ▄█▀▄█ █ ▄ █▀██ █ ▀▄▄ █▀▄█▀▄█▀▄  ▀▄█
  █▄  ▀ █▄█▄ ▀▄▄ ▄█▄▄▀▀▄▄▄▄▄▀██  ▀ ▄█  ▀█
  █▀▄▀▄▄█▄▀▀▀▀▀ ▄█▀█▄   █▄█    ▀  ▀   █ █
  █▀█▀▄█▀▄▄▄▀▄ █▄▄▀▀██▄▀ ▄▀▄▄▀██▀█▀  █▄▀█
  █▄▄▀ ▄█▄█▄ ██▄  ▀ █▄█ ▄▄▀█ █▀██▀▀█▀▄ ▀█
  █ ▀▀  ▀▄█▀  ▀██ ▄▀  ██▄ ██▄  ▄▄▀▀ ▀▄ ▄█
  █▄█▀▄▄▀▄▄█ ████▄█  ▀ ▀▄█▀▄▀██▀ █▀▄██ ██
  █ ▄▀██▄▄▀ ▄█▀▀ ▄█ ▄ █▄██▄▀ ▀█▄▀█▄▄ ▀███
  ██ ██ ▀▄▄▄▄▀ █▄█ ▀  ▀█▀▄█▀▄▄ ▀  ▀ █ ▄ █
  █▀▄▄▀█ ▄▀▄▀██ ▄ █▄█  ▄▀█▀ ▄██▀▄▄ ██▄▄▀█
  ████▄█▄▄█  █▄▀  ▀██▄█ ▄  ▀ ▀▄ ▄▄▄ ▄ ▄ █
  █ ▄▄▄▄▄ ██  ▄ ▄█▄ ▀██ ▄▄▀▀▄▀█ █▄█  █ ▄█
  █ █   █ █▀▀▀▄▀█▀▄▄▄█▀▄ ▀▀█▀▄█   ▄ █▀███
  █ █▄▄▄█ █ ▀▄▄ ▀ ▀ ███▀▄█ █ ▀▀█▀▄  ▄ ███
  █▄▄▄▄▄▄▄█▄▄███▄█▄█▄█▄███▄▄▄▄███▄▄▄▄▄▄▄█


🤖 Open this link on your Android devices (or scan the QR code) to install the app:
https://expo.dev/accounts/escarpellif/projects/aluko/builds/9cbdd8cf-f99c-4d2c-bad5-1546244b5315
